Component: ARM Compiler 5.05 update 1 (build 106) Tool: armlink [4d0efa]

==============================================================================

Section Cross References

    main.o(.text) refers to misc.o(.text) for NVIC_PriorityGroupConfig
    main.o(.text) refers to delay.o(.text) for delay_init
    main.o(.text) refers to freertostask.o(.text) for FreeRTOS_init
    stm32f4xx_it.o(.text) refers to stm32f4xx_exti.o(.text) for EXTI_GetITStatus
    stm32f4xx_it.o(.text) refers to queue.o(.text) for xQueueGiveFromISR
    stm32f4xx_it.o(.text) refers to stm32f4xx_dma.o(.text) for DMA_GetFlagStatus
    stm32f4xx_it.o(.text) refers to stm32f4xx_can.o(.text) for CAN_GetITStatus
    stm32f4xx_it.o(.text) refers to dflt_clz.o(x$fpl$dflt) for __aeabi_i2d
    stm32f4xx_it.o(.text) refers to dmul.o(x$fpl$dmul) for __aeabi_dmul
    stm32f4xx_it.o(.text) refers to f2d.o(x$fpl$f2d) for __aeabi_f2d
    stm32f4xx_it.o(.text) refers to daddsub_clz.o(x$fpl$dsub) for __aeabi_dsub
    stm32f4xx_it.o(.text) refers to d2f.o(x$fpl$d2f) for __aeabi_d2f
    stm32f4xx_it.o(.text) refers to stm32f4xx_tim.o(.text) for TIM_GetITStatus
    stm32f4xx_it.o(.text) refers to auto_attacktask.o(.text) for receiveMainFocusData
    stm32f4xx_it.o(.text) refers to freertostask.o(.data) for ImuDataSem
    stm32f4xx_it.o(.text) refers to stm32f4xx_it.o(.bss) for Imu_ext
    system_stm32f4xx.o(.text) refers to system_stm32f4xx.o(.data) for SystemCoreClock
    basicperipherals.o(.text) refers to stm32f4xx_rcc.o(.text) for RCC_AHB1PeriphClockCmd
    basicperipherals.o(.text) refers to stm32f4xx_gpio.o(.text) for GPIO_Init
    basicperipherals.o(.text) refers to stm32f4xx_tim.o(.text) for TIM_TimeBaseInit
    basicperipherals.o(.text) refers to stm32f4xx_syscfg.o(.text) for SYSCFG_EXTILineConfig
    basicperipherals.o(.text) refers to stm32f4xx_exti.o(.text) for EXTI_Init
    basicperipherals.o(.text) refers to misc.o(.text) for NVIC_Init
    basicperipherals.o(.text) refers to tasks.o(.text) for vTaskDelay
    basicperipherals.o(.text) refers to basicperipherals.o(.data) for FreeRTOSRunTimeTicks
    remotdbus.o(.text) refers to stm32f4xx_rcc.o(.text) for RCC_AHB1PeriphClockCmd
    remotdbus.o(.text) refers to stm32f4xx_gpio.o(.text) for GPIO_Init
    remotdbus.o(.text) refers to stm32f4xx_usart.o(.text) for USART_DeInit
    remotdbus.o(.text) refers to misc.o(.text) for NVIC_Init
    remotdbus.o(.text) refers to stm32f4xx_dma.o(.text) for DMA_Cmd
    remotdbus.o(.text) refers to remotdbus.o(.bss) for sbus_rx_buffer
    frictionmoterpwm.o(.text) refers to stm32f4xx_rcc.o(.text) for RCC_APB1PeriphClockCmd
    frictionmoterpwm.o(.text) refers to stm32f4xx_gpio.o(.text) for GPIO_PinAFConfig
    frictionmoterpwm.o(.text) refers to stm32f4xx_tim.o(.text) for TIM_TimeBaseInit
    motorcan.o(.text) refers to stm32f4xx_rcc.o(.text) for RCC_APB1PeriphClockCmd
    motorcan.o(.text) refers to stm32f4xx_gpio.o(.text) for GPIO_Init
    motorcan.o(.text) refers to misc.o(.text) for NVIC_Init
    motorcan.o(.text) refers to stm32f4xx_can.o(.text) for CAN_DeInit
    stmflash.o(.text) refers to stm32f4xx_flash.o(.text) for FLASH_Unlock
    mainfocus_usart.o(.text) refers to stm32f4xx_rcc.o(.text) for RCC_AHB1PeriphClockCmd
    mainfocus_usart.o(.text) refers to stm32f4xx_gpio.o(.text) for GPIO_Init
    mainfocus_usart.o(.text) refers to stm32f4xx_usart.o(.text) for USART_DeInit
    mainfocus_usart.o(.text) refers to misc.o(.text) for NVIC_Init
    mainfocus_usart.o(.text) refers to stm32f4xx_dma.o(.text) for DMA_Cmd
    mainfocus_usart.o(.text) refers to auto_attacktask.o(.bss) for mainfocus_rx_buffer
    referee.o(.text) refers to stm32f4xx_rcc.o(.text) for RCC_APB2PeriphClockCmd
    referee.o(.text) refers to stm32f4xx_gpio.o(.text) for GPIO_PinAFConfig
    referee.o(.text) refers to stm32f4xx_dma.o(.text) for DMA_DeInit
    referee.o(.text) refers to stm32f4xx_usart.o(.text) for USART_DeInit
    referee.o(.text) refers to misc.o(.text) for NVIC_Init
    referee.o(.text) refers to rt_memcpy_v6.o(.text) for __aeabi_memcpy
    referee.o(.text) refers to referee.o(.bss) for Rx_Buf_Referee
    referee.o(.text) refers to referee.o(.constdata) for CRC8_TAB
    referee.o(.text) refers to referee.o(.data) for count
    freertostask.o(.text) refers to _printf_percent.o(.ARM.Collect$$_printf_percent$$00000000) for _printf_percent
    freertostask.o(.text) refers to _printf_d.o(.ARM.Collect$$_printf_percent$$00000009) for _printf_d
    freertostask.o(.text) refers to _printf_f.o(.ARM.Collect$$_printf_percent$$00000003) for _printf_f
    freertostask.o(.text) refers to _printf_dec.o(.text) for _printf_int_dec
    freertostask.o(.text) refers to printf1.o(x$fpl$printf1) for _printf_fp_dec
    freertostask.o(.text) refers to event_groups.o(.text) for xEventGroupSetBits
    freertostask.o(.text) refers to tasks.o(.text) for vTaskDelay
    freertostask.o(.text) refers to motorcan.o(.text) for CanSendMess
[...]
    TIM8_UP_TIM13_IRQHandler                 0x0800485b   Thumb Code     0  startup_stm32f427_437xx.o(.text)
    UART4_IRQHandler                         0x0800485b   Thumb Code     0  startup_stm32f427_437xx.o(.text)
    UART5_IRQHandler                         0x0800485b   Thumb Code     0  startup_stm32f427_437xx.o(.text)
    UART7_IRQHandler                         0x0800485b   Thumb Code     0  startup_stm32f427_437xx.o(.text)
    UART8_IRQHandler                         0x0800485b   Thumb Code     0  startup_stm32f427_437xx.o(.text)
    USART1_IRQHandler                        0x0800485b   Thumb Code     0  startup_stm32f427_437xx.o(.text)
    USART2_IRQHandler                        0x0800485b   Thumb Code     0  startup_stm32f427_437xx.o(.text)
    USART3_IRQHandler                        0x0800485b   Thumb Code     0  startup_stm32f427_437xx.o(.text)
    WWDG_IRQHandler                          0x0800485b   Thumb Code     0  startup_stm32f427_437xx.o(.text)
    __user_initial_stackheap                 0x0800485d   Thumb Code     0  startup_stm32f427_437xx.o(.text)
    NVIC_PriorityGroupConfig                 0x08004881   Thumb Code    10  misc.o(.text)
    NVIC_Init                                0x0800488b   Thumb Code   106  misc.o(.text)
    NVIC_SetVectorTable                      0x080048f5   Thumb Code    14  misc.o(.text)
    NVIC_SystemLPConfig                      0x08004903   Thumb Code    34  misc.o(.text)
    SysTick_CLKSourceConfig                  0x08004925   Thumb Code    40  misc.o(.text)
    GPIO_DeInit                              0x08004961   Thumb Code   268  stm32f4xx_gpio.o(.text)
    GPIO_Init                                0x08004a6d   Thumb Code   144  stm32f4xx_gpio.o(.text)
    GPIO_StructInit                          0x08004afd   Thumb Code    18  stm32f4xx_gpio.o(.text)
    GPIO_PinLockConfig                       0x08004b0f   Thumb Code    34  stm32f4xx_gpio.o(.text)
    GPIO_ReadInputDataBit                    0x08004b31   Thumb Code    18  stm32f4xx_gpio.o(.text)
    GPIO_ReadInputData                       0x08004b43   Thumb Code     8  stm32f4xx_gpio.o(.text)
    GPIO_ReadOutputDataBit                   0x08004b4b   Thumb Code    18  stm32f4xx_gpio.o(.text)
    GPIO_ReadOutputData                      0x08004b5d   Thumb Code     8  stm32f4xx_gpio.o(.text)
    GPIO_SetBits                             0x08004b65   Thumb Code     4  stm32f4xx_gpio.o(.text)
    GPIO_ResetBits                           0x08004b69   Thumb Code     4  stm32f4xx_gpio.o(.text)
    GPIO_WriteBit                            0x08004b6d   Thumb Code    10  stm32f4xx_gpio.o(.text)
    GPIO_Write                               0x08004b77   Thumb Code     4  stm32f4xx_gpio.o(.text)
    GPIO_ToggleBits                          0x08004b7b   Thumb Code     8  stm32f4xx_gpio.o(.text)
    GPIO_PinAFConfig                         0x08004b83   Thumb Code    70  stm32f4xx_gpio.o(.text)
    RCC_DeInit                               0x08004bf5   Thumb Code    82  stm32f4xx_rcc.o(.text)
    RCC_HSEConfig                            0x08004c47   Thumb Code    14  stm32f4xx_rcc.o(.text)
    RCC_GetFlagStatus                        0x08004c55   Thumb Code    60  stm32f4xx_rcc.o(.text)
    RCC_WaitForHSEStartUp                    0x08004c91   Thumb Code    56  stm32f4xx_rcc.o(.text)
    RCC_AdjustHSICalibrationValue            0x08004cc9   Thumb Code    20  stm32f4xx_rcc.o(.text)
    RCC_HSICmd                               0x08004cdd   Thumb Code     6  stm32f4xx_rcc.o(.text)
    RCC_LSEConfig                            0x08004ce3   Thumb Code    46  stm32f4xx_rcc.o(.text)
    RCC_LSICmd                               0x08004d11   Thumb Code     6  stm32f4xx_rcc.o(.text)
    RCC_PLLConfig                            0x08004d17   Thumb Code    32  stm32f4xx_rcc.o(.text)
    RCC_PLLCmd                               0x08004d37   Thumb Code     6  stm32f4xx_rcc.o(.text)
    RCC_PLLI2SConfig                         0x08004d3d   Thumb Code    20  stm32f4xx_rcc.o(.text)
    RCC_PLLI2SCmd                            0x08004d51   Thumb Code     6  stm32f4xx_rcc.o(.text)
    RCC_PLLSAIConfig                         0x08004d57   Thumb Code    20  stm32f4xx_rcc.o(.text)
    RCC_PLLSAICmd                            0x08004d6b   Thumb Code     6  stm32f4xx_rcc.o(.text)
    RCC_ClockSecuritySystemCmd               0x08004d71   Thumb Code     6  stm32f4xx_rcc.o(.text)
    RCC_MCO1Config                           0x08004d77   Thumb Code    28  stm32f4xx_rcc.o(.text)
    RCC_MCO2Config                           0x08004d93   Thumb Code    28  stm32f4xx_rcc.o(.text)
    RCC_SYSCLKConfig                         0x08004daf   Thumb Code    20  stm32f4xx_rcc.o(.text)
    RCC_GetSYSCLKSource                      0x08004dc3   Thumb Code    12  stm32f4xx_rcc.o(.text)
    RCC_HCLKConfig                           0x08004dcf   Thumb Code    20  stm32f4xx_rcc.o(.text)
    RCC_PCLK1Config                          0x08004de3   Thumb Code    20  stm32f4xx_rcc.o(.text)
    RCC_PCLK2Config                          0x08004df7   Thumb Code    22  stm32f4xx_rcc.o(.text)
    RCC_GetClocksFreq                        0x08004e0d   Thumb Code   222  stm32f4xx_rcc.o(.text)
    RCC_RTCCLKConfig                         0x08004eeb   Thumb Code    54  stm32f4xx_rcc.o(.text)
    RCC_RTCCLKCmd                            0x08004f21   Thumb Code     8  stm32f4xx_rcc.o(.text)
    RCC_BackupResetCmd                       0x08004f29   Thumb Code     8  stm32f4xx_rcc.o(.text)
    RCC_I2SCLKConfig                         0x08004f31   Thumb Code     6  stm32f4xx_rcc.o(.text)
    RCC_SAIPLLI2SClkDivConfig                0x08004f37   Thumb Code    26  stm32f4xx_rcc.o(.text)
    RCC_SAIPLLSAIClkDivConfig                0x08004f51   Thumb Code    28  stm32f4xx_rcc.o(.text)
    RCC_SAIBlockACLKConfig                   0x08004f6d   Thumb Code    20  stm32f4xx_rcc.o(.text)
    RCC_SAIBlockBCLKConfig                   0x08004f81   Thumb Code    20  stm32f4xx_rcc.o(.text)
    RCC_LTDCCLKDivConfig                     0x08004f95   Thumb Code    20  stm32f4xx_rcc.o(.text)
    RCC_TIMCLKPresConfig                     0x08004fa9   Thumb Code     6  stm32f4xx_rcc.o(.text)
    RCC_AHB1PeriphClockCmd                   0x08004faf   Thumb Code    82  stm32f4xx_rcc.o(.text)
    RCC_AHB2PeriphClockCmd                   0x08005001   Thumb Code    26  stm32f4xx_rcc.o(.text)
    RCC_AHB3PeriphClockCmd                   0x0800501b   Thumb Code    34  stm32f4xx_rcc.o(.text)
    RCC_APB1PeriphClockCmd                   0x0800503d   Thumb Code    34  stm32f4xx_rcc.o(.text)
    RCC_APB2PeriphClockCmd                   0x0800505f   Thumb Code    34  stm32f4xx_rcc.o(.text)
    RCC_AHB1PeriphResetCmd                   0x08005081   Thumb Code    34  stm32f4xx_rcc.o(.text)
    RCC_AHB2PeriphResetCmd                   0x080050a3   Thumb Code    34  stm32f4xx_rcc.o(.text)
    RCC_AHB3PeriphResetCmd                   0x080050c5   Thumb Code    34  stm32f4xx_rcc.o(.text)
    RCC_APB1PeriphResetCmd                   0x080050e7   Thumb Code    34  stm32f4xx_rcc.o(.text)
    RCC_APB2PeriphResetCmd                   0x08005109   Thumb Code    34  stm32f4xx_rcc.o(.text)
    RCC_AHB1PeriphClockLPModeCmd             0x0800512b   Thumb Code    34  stm32f4xx_rcc.o(.text)
    RCC_AHB2PeriphClockLPModeCmd             0x0800514d   Thumb Code    34  stm32f4xx_rcc.o(.text)
    RCC_AHB3PeriphClockLPModeCmd             0x0800516f   Thumb Code    34  stm32f4xx_rcc.o(.text)
    RCC_APB1PeriphClockLPModeCmd             0x08005191   Thumb Code    34  stm32f4xx_rcc.o(.text)
    RCC_APB2PeriphClockLPModeCmd             0x080051b3   Thumb Code    34  stm32f4xx_rcc.o(.text)
    RCC_LSEModeConfig                        0x080051d5   Thumb Code    40  stm32f4xx_rcc.o(.text)
    RCC_ITConfig                             0x080051fd   Thumb Code    34  stm32f4xx_rcc.o(.text)
    RCC_ClearFlag                            0x0800521f   Thumb Code    18  stm32f4xx_rcc.o(.text)
    RCC_GetITStatus                          0x08005231   Thumb Code    22  stm32f4xx_rcc.o(.text)
    RCC_ClearITPendingBit                    0x08005247   Thumb Code     8  stm32f4xx_rcc.o(.text)
    SYSCFG_DeInit                            0x08005255   Thumb Code    22  stm32f4xx_syscfg.o(.text)
    SYSCFG_MemoryRemapConfig                 0x0800526b   Thumb Code     6  stm32f4xx_syscfg.o(.text)
    SYSCFG_MemorySwappingBank                0x08005271   Thumb Code     6  stm32f4xx_syscfg.o(.text)
    SYSCFG_EXTILineConfig                    0x08005277   Thumb Code    66  stm32f4xx_syscfg.o(.text)
    SYSCFG_ETH_MediaInterfaceConfig          0x080052b9   Thumb Code     8  stm32f4xx_syscfg.o(.text)
    SYSCFG_CompensationCellCmd               0x080052c1   Thumb Code     6  stm32f4xx_syscfg.o(.text)
    SYSCFG_GetCompensationCellStatus         0x080052c7   Thumb Code    22  stm32f4xx_syscfg.o(.text)
    USART_DeInit                             0x080052e9   Thumb Code   206  stm32f4xx_usart.o(.text)
    USART_Init                               0x080053b7   Thumb Code   204  stm32f4xx_usart.o(.text)
    USART_StructInit                         0x08005483   Thumb Code    24  stm32f4xx_usart.o(.text)
    USART_ClockInit                          0x0800549b   Thumb Code    32  stm32f4xx_usart.o(.text)
    USART_ClockStructInit                    0x080054bb   Thumb Code    12  stm32f4xx_usart.o(.text)
    USART_Cmd                                0x080054c7   Thumb Code    24  stm32f4xx_usart.o(.text)
    USART_SetPrescaler                       0x080054df   Thumb Code    16  stm32f4xx_usart.o(.text)
    USART_OverSampling8Cmd                   0x080054ef   Thumb Code    22  stm32f4xx_usart.o(.text)
    USART_OneBitMethodCmd                    0x08005505   Thumb Code    24  stm32f4xx_usart.o(.text)
    USART_SendData                           0x0800551d   Thumb Code     8  stm32f4xx_usart.o(.text)
    USART_ReceiveData                        0x08005525   Thumb Code    10  stm32f4xx_usart.o(.text)
    USART_SetAddress                         0x0800552f   Thumb Code    18  stm32f4xx_usart.o(.text)
    USART_ReceiverWakeUpCmd                  0x08005541   Thumb Code    24  stm32f4xx_usart.o(.text)
    USART_WakeUpConfig                       0x08005559   Thumb Code    18  stm32f4xx_usart.o(.text)
    USART_LINBreakDetectLengthConfig         0x0800556b   Thumb Code    18  stm32f4xx_usart.o(.text)
    USART_LINCmd                             0x0800557d   Thumb Code    24  stm32f4xx_usart.o(.text)
    USART_SendBreak                          0x08005595   Thumb Code    10  stm32f4xx_usart.o(.text)
    USART_HalfDuplexCmd                      0x0800559f   Thumb Code    24  stm32f4xx_usart.o(.text)
    USART_SetGuardTime                       0x080055b7   Thumb Code    16  stm32f4xx_usart.o(.text)
    USART_SmartCardCmd                       0x080055c7   Thumb Code    24  stm32f4xx_usart.o(.text)
    USART_SmartCardNACKCmd                   0x080055df   Thumb Code    24  stm32f4xx_usart.o(.text)
    USART_IrDAConfig                         0x080055f7   Thumb Code    18  stm32f4xx_usart.o(.text)
    USART_IrDACmd                            0x08005609   Thumb Code    24  stm32f4xx_usart.o(.text)
    USART_DMACmd                             0x08005621   Thumb Code    18  stm32f4xx_usart.o(.text)
    USART_ITConfig                           0x08005633   Thumb Code    74  stm32f4xx_usart.o(.text)
    USART_GetFlagStatus                      0x0800567d   Thumb Code    26  stm32f4xx_usart.o(.text)
    USART_ClearFlag                          0x08005697   Thumb Code    18  stm32f4xx_usart.o(.text)
    USART_GetITStatus                        0x080056a9   Thumb Code   118  stm32f4xx_usart.o(.text)
    USART_ClearITPendingBit                  0x0800571f   Thumb Code    30  stm32f4xx_usart.o(.text)
    CAN_DeInit                               0x0800573d   Thumb Code    50  stm32f4xx_can.o(.text)
    CAN_Init                                 0x0800576f   Thumb Code   276  stm32f4xx_can.o(.text)
    CAN_FilterInit                           0x08005883   Thumb Code   258  stm32f4xx_can.o(.text)
    CAN_StructInit                           0x08005985   Thumb Code    32  stm32f4xx_can.o(.text)
    CAN_SlaveStartBank                       0x080059a5   Thumb Code    48  stm32f4xx_can.o(.text)
    CAN_DBGFreeze                            0x080059d5   Thumb Code    22  stm32f4xx_can.o(.text)
    CAN_TTComModeCmd                         0x080059eb   Thumb Code   118  stm32f4xx_can.o(.text)
    CAN_Transmit                             0x08005a61   Thumb Code   304  stm32f4xx_can.o(.text)
    CAN_TransmitStatus                       0x08005b91   Thumb Code   138  stm32f4xx_can.o(.text)
    CAN_CancelTransmit                       0x08005c1b   Thumb Code    48  stm32f4xx_can.o(.text)
    CAN_Receive                              0x08005c4b   Thumb Code   240  stm32f4xx_can.o(.text)
    CAN_FIFORelease                          0x08005d3b   Thumb Code    22  stm32f4xx_can.o(.text)
    CAN_MessagePending                       0x08005d51   Thumb Code    30  stm32f4xx_can.o(.text)
    CAN_OperatingModeRequest                 0x08005d6f   Thumb Code   162  stm32f4xx_can.o(.text)
    CAN_Sleep                                0x08005e11   Thumb Code    30  stm32f4xx_can.o(.text)
    CAN_WakeUp                               0x08005e2f   Thumb Code    48  stm32f4xx_can.o(.text)
    CAN_GetLastErrorCode                     0x08005e5f   Thumb Code    12  stm32f4xx_can.o(.text)
    CAN_GetReceiveErrorCounter               0x08005e6b   Thumb Code    10  stm32f4xx_can.o(.text)
    CAN_GetLSBTransmitErrorCounter           0x08005e75   Thumb Code    12  stm32f4xx_can.o(.text)
    CAN_ITConfig                             0x08005e81   Thumb Code    18  stm32f4xx_can.o(.text)
    CAN_GetFlagStatus                        0x08005e93   Thumb Code   120  stm32f4xx_can.o(.text)
    CAN_ClearFlag                            0x08005f0b   Thumb Code    52  stm32f4xx_can.o(.text)
    CAN_GetITStatus                          0x08005f51   Thumb Code   310  stm32f4xx_can.o(.text)
    CAN_ClearITPendingBit                    0x08006087   Thumb Code   162  stm32f4xx_can.o(.text)
    DMA_DeInit                               0x0800612d   Thumb Code   324  stm32f4xx_dma.o(.text)
    DMA_Init                                 0x08006271   Thumb Code    82  stm32f4xx_dma.o(.text)
    DMA_StructInit                           0x080062c3   Thumb Code    34  stm32f4xx_dma.o(.text)
    DMA_Cmd                                  0x080062e5   Thumb Code    22  stm32f4xx_dma.o(.text)
    DMA_PeriphIncOffsetSizeConfig            0x080062fb   Thumb Code    22  stm32f4xx_dma.o(.text)
    DMA_FlowControllerConfig                 0x08006311   Thumb Code    22  stm32f4xx_dma.o(.text)
    DMA_SetCurrDataCounter                   0x08006327   Thumb Code     4  stm32f4xx_dma.o(.text)
    DMA_GetCurrDataCounter                   0x0800632b   Thumb Code     8  stm32f4xx_dma.o(.text)
    DMA_DoubleBufferModeConfig               0x08006333   Thumb Code    24  stm32f4xx_dma.o(.text)
    DMA_DoubleBufferModeCmd                  0x0800634b   Thumb Code    22  stm32f4xx_dma.o(.text)
    DMA_MemoryTargetConfig                   0x08006361   Thumb Code    10  stm32f4xx_dma.o(.text)
    DMA_GetCurrentMemoryTarget               0x0800636b   Thumb Code    20  stm32f4xx_dma.o(.text)
    DMA_GetCmdStatus                         0x0800637f   Thumb Code    20  stm32f4xx_dma.o(.text)
    DMA_GetFIFOStatus                        0x08006393   Thumb Code    12  stm32f4xx_dma.o(.text)
    DMA_GetFlagStatus                        0x0800639f   Thumb Code    56  stm32f4xx_dma.o(.text)
    DMA_ClearFlag                            0x080063d7   Thumb Code    40  stm32f4xx_dma.o(.text)
    DMA_ITConfig                             0x080063ff   Thumb Code    58  stm32f4xx_dma.o(.text)
    DMA_GetITStatus                          0x08006439   Thumb Code    84  stm32f4xx_dma.o(.text)
    DMA_ClearITPendingBit                    0x0800648d   Thumb Code    40  stm32f4xx_dma.o(.text)
    TIM_DeInit                               0x080064d5   Thumb Code   346  stm32f4xx_tim.o(.text)
    TIM_TimeBaseInit                         0x0800662f   Thumb Code   104  stm32f4xx_tim.o(.text)
    TIM_TimeBaseStructInit                   0x08006697   Thumb Code    18  stm32f4xx_tim.o(.text)
    TIM_PrescalerConfig                      0x080066a9   Thumb Code     6  stm32f4xx_tim.o(.text)
    TIM_CounterModeConfig                    0x080066af   Thumb Code    18  stm32f4xx_tim.o(.text)
    TIM_SetCounter                           0x080066c1   Thumb Code     4  stm32f4xx_tim.o(.text)
    TIM_SetAutoreload                        0x080066c5   Thumb Code     4  stm32f4xx_tim.o(.text)
    TIM_GetCounter                           0x080066c9   Thumb Code     6  stm32f4xx_tim.o(.text)
    TIM_GetPrescaler                         0x080066cf   Thumb Code     6  stm32f4xx_tim.o(.text)
    TIM_UpdateDisableConfig                  0x080066d5   Thumb Code    24  stm32f4xx_tim.o(.text)
    TIM_UpdateRequestConfig                  0x080066ed   Thumb Code    24  stm32f4xx_tim.o(.text)
    TIM_ARRPreloadConfig                     0x08006705   Thumb Code    24  stm32f4xx_tim.o(.text)
    TIM_SelectOnePulseMode                   0x0800671d   Thumb Code    18  stm32f4xx_tim.o(.text)
    TIM_SetClockDivision                     0x0800672f   Thumb Code    18  stm32f4xx_tim.o(.text)
    TIM_Cmd                                  0x08006741   Thumb Code    24  stm32f4xx_tim.o(.text)
    TIM_OC1Init                              0x08006759   Thumb Code   114  stm32f4xx_tim.o(.text)
    TIM_OC2Init                              0x080067cb   Thumb Code   154  stm32f4xx_tim.o(.text)
    TIM_OC3Init                              0x08006865   Thumb Code   204  stm32f4xx_tim.o(.text)
    TIM_OC4Init                              0x08006931   Thumb Code   112  stm32f4xx_tim.o(.text)
    TIM_OCStructInit                         0x080069a1   Thumb Code    20  stm32f4xx_tim.o(.text)
    TIM_SelectOCxM                           0x080069b5   Thumb Code    86  stm32f4xx_tim.o(.text)
    TIM_SetCompare1                          0x08006a0b   Thumb Code     4  stm32f4xx_tim.o(.text)
    TIM_SetCompare2                          0x08006a0f   Thumb Code     4  stm32f4xx_tim.o(.text)
    TIM_SetCompare3                          0x08006a13   Thumb Code     4  stm32f4xx_tim.o(.text)
    TIM_SetCompare4                          0x08006a17   Thumb Code     4  stm32f4xx_tim.o(.text)
    TIM_ForcedOC1Config                      0x08006a1b   Thumb Code    18  stm32f4xx_tim.o(.text)
    TIM_ForcedOC2Config                      0x08006a2d   Thumb Code    26  stm32f4xx_tim.o(.text)
    TIM_ForcedOC3Config                      0x08006a47   Thumb Code    18  stm32f4xx_tim.o(.text)
    TIM_ForcedOC4Config                      0x08006a59   Thumb Code    26  stm32f4xx_tim.o(.text)
    TIM_OC1PreloadConfig                     0x08006a73   Thumb Code    18  stm32f4xx_tim.o(.text)
    TIM_OC2PreloadConfig                     0x08006a85   Thumb Code    26  stm32f4xx_tim.o(.text)
    TIM_OC3PreloadConfig                     0x08006a9f   Thumb Code    18  stm32f4xx_tim.o(.text)
    TIM_OC4PreloadConfig                     0x08006ab1   Thumb Code    26  stm32f4xx_tim.o(.text)
    TIM_OC1FastConfig                        0x08006acb   Thumb Code    18  stm32f4xx_tim.o(.text)
    TIM_OC2FastConfig                        0x08006add   Thumb Code    26  stm32f4xx_tim.o(.text)
    TIM_OC3FastConfig                        0x08006af7   Thumb Code    18  stm32f4xx_tim.o(.text)
    TIM_OC4FastConfig                        0x08006b09   Thumb Code    26  stm32f4xx_tim.o(.text)
    TIM_ClearOC1Ref                          0x08006b23   Thumb Code    18  stm32f4xx_tim.o(.text)
    TIM_ClearOC2Ref                          0x08006b35   Thumb Code    24  stm32f4xx_tim.o(.text)
    TIM_ClearOC3Ref                          0x08006b4d   Thumb Code    18  stm32f4xx_tim.o(.text)
    TIM_ClearOC4Ref                          0x08006b5f   Thumb Code    24  stm32f4xx_tim.o(.text)
    TIM_OC1PolarityConfig                    0x08006b77   Thumb Code    18  stm32f4xx_tim.o(.text)
    TIM_OC1NPolarityConfig                   0x08006b89   Thumb Code    18  stm32f4xx_tim.o(.text)
    TIM_OC2PolarityConfig                    0x08006b9b   Thumb Code    26  stm32f4xx_tim.o(.text)
    TIM_OC2NPolarityConfig                   0x08006bb5   Thumb Code    26  stm32f4xx_tim.o(.text)
    TIM_OC3PolarityConfig                    0x08006bcf   Thumb Code    26  stm32f4xx_tim.o(.text)
    TIM_OC3NPolarityConfig                   0x08006be9   Thumb Code    26  stm32f4xx_tim.o(.text)
    TIM_OC4PolarityConfig                    0x08006c03   Thumb Code    26  stm32f4xx_tim.o(.text)
    TIM_CCxCmd                               0x08006c1d   Thumb Code    30  stm32f4xx_tim.o(.text)
    TIM_CCxNCmd                              0x08006c3b   Thumb Code    30  stm32f4xx_tim.o(.text)
    TIM_SetIC4Prescaler                      0x08006c59   Thumb Code    26  stm32f4xx_tim.o(.text)
    TIM_SetIC3Prescaler                      0x08006cc3   Thumb Code    18  stm32f4xx_tim.o(.text)
    TIM_SetIC2Prescaler                      0x08006d1d   Thumb Code    26  stm32f4xx_tim.o(.text)
    TIM_SetIC1Prescaler                      0x08006d91   Thumb Code    18  stm32f4xx_tim.o(.text)
    TIM_ICInit                               0x08006ddd   Thumb Code   110  stm32f4xx_tim.o(.text)
    TIM_ICStructInit                         0x08006e4b   Thumb Code    18  stm32f4xx_tim.o(.text)
    TIM_PWMIConfig                           0x08006e5d   Thumb Code   124  stm32f4xx_tim.o(.text)
    TIM_GetCapture1                          0x08006ed9   Thumb Code     6  stm32f4xx_tim.o(.text)
    TIM_GetCapture2                          0x08006edf   Thumb Code     6  stm32f4xx_tim.o(.text)
    TIM_GetCapture3                          0x08006ee5   Thumb Code     6  stm32f4xx_tim.o(.text)
    TIM_GetCapture4                          0x08006eeb   Thumb Code     6  stm32f4xx_tim.o(.text)
    TIM_BDTRConfig                           0x08006ef1   Thumb Code    32  stm32f4xx_tim.o(.text)
    TIM_BDTRStructInit                       0x08006f11   Thumb Code    18  stm32f4xx_tim.o(.text)
    TIM_CtrlPWMOutputs                       0x08006f23   Thumb Code    30  stm32f4xx_tim.o(.text)
    TIM_SelectCOM                            0x08006f41   Thumb Code    24  stm32f4xx_tim.o(.text)
    TIM_CCPreloadControl                     0x08006f59   Thumb Code    24  stm32f4xx_tim.o(.text)
    TIM_ITConfig                             0x08006f71   Thumb Code    18  stm32f4xx_tim.o(.text)
    TIM_GenerateEvent                        0x08006f83   Thumb Code     4  stm32f4xx_tim.o(.text)
    TIM_GetFlagStatus                        0x08006f87   Thumb Code    18  stm32f4xx_tim.o(.text)
    TIM_ClearFlag                            0x08006f99   Thumb Code     6  stm32f4xx_tim.o(.text)
    TIM_GetITStatus                          0x08006f9f   Thumb Code    34  stm32f4xx_tim.o(.text)
    TIM_ClearITPendingBit                    0x08006fc1   Thumb Code     6  stm32f4xx_tim.o(.text)
    TIM_DMAConfig                            0x08006fc7   Thumb Code    10  stm32f4xx_tim.o(.text)
    TIM_DMACmd                               0x08006fd1   Thumb Code    18  stm32f4xx_tim.o(.text)
    TIM_SelectCCDMA                          0x08006fe3   Thumb Code    24  stm32f4xx_tim.o(.text)
    TIM_InternalClockConfig                  0x08006ffb   Thumb Code    12  stm32f4xx_tim.o(.text)
    TIM_SelectInputTrigger                   0x08007007   Thumb Code    18  stm32f4xx_tim.o(.text)
    TIM_ITRxExternalClockConfig              0x08007019   Thumb Code    24  stm32f4xx_tim.o(.text)
    TIM_TIxExternalClockConfig               0x08007031   Thumb Code    62  stm32f4xx_tim.o(.text)
    TIM_ETRConfig                            0x0800706f   Thumb Code    28  stm32f4xx_tim.o(.text)
    TIM_ETRClockMode1Config                  0x0800708b   Thumb Code    54  stm32f4xx_tim.o(.text)
    TIM_ETRClockMode2Config                  0x080070c1   Thumb Code    32  stm32f4xx_tim.o(.text)
    TIM_SelectOutputTrigger                  0x080070e1   Thumb Code    18  stm32f4xx_tim.o(.text)
    TIM_SelectSlaveMode                      0x080070f3   Thumb Code    18  stm32f4xx_tim.o(.text)
    TIM_SelectMasterSlaveMode                0x08007105   Thumb Code    18  stm32f4xx_tim.o(.text)
    TIM_EncoderInterfaceConfig               0x08007117   Thumb Code    66  stm32f4xx_tim.o(.text)
    TIM_SelectHallSensor                     0x08007159   Thumb Code    24  stm32f4xx_tim.o(.text)
    TIM_RemapConfig                          0x08007171   Thumb Code     6  stm32f4xx_tim.o(.text)
    SPI_I2S_DeInit                           0x08007179   Thumb Code   152  stm32f4xx_spi.o(.text)
    SPI_Init                                 0x08007211   Thumb Code    60  stm32f4xx_spi.o(.text)
    I2S_Init                                 0x0800724d   Thumb Code   396  stm32f4xx_spi.o(.text)
    SPI_StructInit                           0x080073d9   Thumb Code    24  stm32f4xx_spi.o(.text)
    I2S_StructInit                           0x080073f1   Thumb Code    20  stm32f4xx_spi.o(.text)
    SPI_Cmd                                  0x08007405   Thumb Code    24  stm32f4xx_spi.o(.text)
    I2S_Cmd                                  0x0800741d   Thumb Code    24  stm32f4xx_spi.o(.text)
    SPI_DataSizeConfig                       0x08007435   Thumb Code    18  stm32f4xx_spi.o(.text)
    SPI_BiDirectionalLineConfig              0x08007447   Thumb Code    28  stm32f4xx_spi.o(.text)
    SPI_NSSInternalSoftwareConfig            0x08007463   Thumb Code    30  stm32f4xx_spi.o(.text)
    SPI_SSOutputCmd                          0x08007481   Thumb Code    24  stm32f4xx_spi.o(.text)
    SPI_TIModeCmd                            0x08007499   Thumb Code    14  stm32f4xx_spi.o(.text)
    I2S_FullDuplexConfig                     0x080074a7   Thumb Code    80  stm32f4xx_spi.o(.text)
    SPI_I2S_ReceiveData                      0x080074f7   Thumb Code     6  stm32f4xx_spi.o(.text)
    SPI_I2S_SendData                         0x080074fd   Thumb Code     4  stm32f4xx_spi.o(.text)
    SPI_I2S_GetFlagStatus                    0x08007501   Thumb Code    18  stm32f4xx_spi.o(.text)
    SPI_TransmitReceive                      0x08007513   Thumb Code   156  stm32f4xx_spi.o(.text)
    SPI_CalculateCRC                         0x080075af   Thumb Code    24  stm32f4xx_spi.o(.text)
    SPI_TransmitCRC                          0x080075c7   Thumb Code    10  stm32f4xx_spi.o(.text)
    SPI_GetCRC                               0x080075d1   Thumb Code    16  stm32f4xx_spi.o(.text)
    SPI_GetCRCPolynomial                     0x080075e1   Thumb Code     6  stm32f4xx_spi.o(.text)
    SPI_I2S_DMACmd                           0x080075e7   Thumb Code    18  stm32f4xx_spi.o(.text)
    SPI_I2S_ITConfig                         0x080075f9   Thumb Code    32  stm32f4xx_spi.o(.text)
    SPI_I2S_ClearFlag                        0x08007619   Thumb Code     6  stm32f4xx_spi.o(.text)
    SPI_I2S_GetITStatus                      0x0800761f   Thumb Code    52  stm32f4xx_spi.o(.text)
    SPI_I2S_ClearITPendingBit                0x08007653   Thumb Code    20  stm32f4xx_spi.o(.text)
    FLASH_SetLatency                         0x08007669   Thumb Code     6  stm32f4xx_flash.o(.text)
    FLASH_PrefetchBufferCmd                  0x0800766f   Thumb Code    30  stm32f4xx_flash.o(.text)
    FLASH_InstructionCacheCmd                0x0800768d   Thumb Code    30  stm32f4xx_flash.o(.text)
    FLASH_DataCacheCmd                       0x080076ab   Thumb Code    30  stm32f4xx_flash.o(.text)
    FLASH_InstructionCacheReset              0x080076c9   Thumb Code    14  stm32f4xx_flash.o(.text)
    FLASH_DataCacheReset                     0x080076d7   Thumb Code    14  stm32f4xx_flash.o(.text)
    FLASH_Unlock                             0x080076e5   Thumb Code    26  stm32f4xx_flash.o(.text)
    FLASH_Lock                               0x080076ff   Thumb Code    18  stm32f4xx_flash.o(.text)
    FLASH_GetStatus                          0x08007711   Thumb Code    90  stm32f4xx_flash.o(.text)
    FLASH_WaitForLastOperation               0x0800776b   Thumb Code    34  stm32f4xx_flash.o(.text)
    FLASH_EraseSector                        0x0800778d   Thumb Code   140  stm32f4xx_flash.o(.text)
    FLASH_EraseAllSectors                    0x08007819   Thumb Code   118  stm32f4xx_flash.o(.text)
    FLASH_EraseAllBank1Sectors               0x0800788f   Thumb Code   112  stm32f4xx_flash.o(.text)
    FLASH_EraseAllBank2Sectors               0x080078ff   Thumb Code   112  stm32f4xx_flash.o(.text)
    FLASH_ProgramDoubleWord                  0x0800796f   Thumb Code    86  stm32f4xx_flash.o(.text)
    FLASH_ProgramWord                        0x080079c5   Thumb Code    82  stm32f4xx_flash.o(.text)
    FLASH_ProgramHalfWord                    0x08007a17   Thumb Code    96  stm32f4xx_flash.o(.text)
    FLASH_ProgramByte                        0x08007a77   Thumb Code    70  stm32f4xx_flash.o(.text)
    FLASH_OB_Unlock                          0x08007abd   Thumb Code    26  stm32f4xx_flash.o(.text)
    FLASH_OB_Lock                            0x08007ad7   Thumb Code    18  stm32f4xx_flash.o(.text)
    FLASH_OB_WRPConfig                       0x08007ae9   Thumb Code    54  stm32f4xx_flash.o(.text)
    FLASH_OB_WRP1Config                      0x08007b1f   Thumb Code    54  stm32f4xx_flash.o(.text)
    FLASH_OB_PCROPSelectionConfig            0x08007b55   Thumb Code    24  stm32f4xx_flash.o(.text)
    FLASH_OB_PCROPConfig                     0x08007b6d   Thumb Code    54  stm32f4xx_flash.o(.text)
    FLASH_OB_PCROP1Config                    0x08007ba3   Thumb Code    54  stm32f4xx_flash.o(.text)
    FLASH_OB_RDPConfig                       0x08007bd9   Thumb Code    24  stm32f4xx_flash.o(.text)
    FLASH_OB_UserConfig                      0x08007bf1   Thumb Code    46  stm32f4xx_flash.o(.text)
    FLASH_OB_BootConfig                      0x08007c1f   Thumb Code    26  stm32f4xx_flash.o(.text)
    FLASH_OB_BORConfig                       0x08007c39   Thumb Code    26  stm32f4xx_flash.o(.text)
    FLASH_OB_Launch                          0x08007c53   Thumb Code    30  stm32f4xx_flash.o(.text)
    FLASH_OB_GetUser                         0x08007c71   Thumb Code    12  stm32f4xx_flash.o(.text)
    FLASH_OB_GetWRP                          0x08007c7d   Thumb Code     8  stm32f4xx_flash.o(.text)
    FLASH_OB_GetWRP1                         0x08007c85   Thumb Code     8  stm32f4xx_flash.o(.text)
    FLASH_OB_GetPCROP                        0x08007c8d   Thumb Code     8  stm32f4xx_flash.o(.text)
    FLASH_OB_GetPCROP1                       0x08007c95   Thumb Code     8  stm32f4xx_flash.o(.text)
    FLASH_OB_GetRDP                          0x08007c9d   Thumb Code    20  stm32f4xx_flash.o(.text)
    FLASH_OB_GetBOR                          0x08007cb1   Thumb Code    12  stm32f4xx_flash.o(.text)
    FLASH_ITConfig                           0x08007cbd   Thumb Code    26  stm32f4xx_flash.o(.text)
    FLASH_GetFlagStatus                      0x08007cd7   Thumb Code    22  stm32f4xx_flash.o(.text)
    FLASH_ClearFlag                          0x08007ced   Thumb Code     8  stm32f4xx_flash.o(.text)
    EXTI_DeInit                              0x08007d01   Thumb Code    28  stm32f4xx_exti.o(.text)
    EXTI_Init                                0x08007d1d   Thumb Code   142  stm32f4xx_exti.o(.text)
    EXTI_StructInit                          0x08007dab   Thumb Code    16  stm32f4xx_exti.o(.text)
    EXTI_GenerateSWInterrupt                 0x08007dbb   Thumb Code    16  stm32f4xx_exti.o(.text)
    EXTI_GetFlagStatus                       0x08007dcb   Thumb Code    22  stm32f4xx_exti.o(.text)
    EXTI_ClearFlag                           0x08007de1   Thumb Code     8  stm32f4xx_exti.o(.text)
    EXTI_GetITStatus                         0x08007de9   Thumb Code    22  stm32f4xx_exti.o(.text)
    EXTI_ClearITPendingBit                   0x08007dff   Thumb Code     8  stm32f4xx_exti.o(.text)
    pvPortMalloc                             0x08007ed3   Thumb Code   296  heap_4.o(.text)
    vPortFree                                0x08007ffb   Thumb Code   140  heap_4.o(.text)
    xPortGetFreeHeapSize                     0x08008087   Thumb Code     6  heap_4.o(.text)
    xPortGetMinimumEverFreeHeapSize          0x0800808d   Thumb Code     6  heap_4.o(.text)
    vPortInitialiseBlocks                    0x08008093   Thumb Code     2  heap_4.o(.text)
    pxPortInitialiseStack                    0x080080e9   Thumb Code    38  port.o(.text)
    vPortSetupTimerInterrupt                 0x0800810f   Thumb Code    36  port.o(.text)
    xPortStartScheduler                      0x08008133   Thumb Code   330  port.o(.text)
    vPortEndScheduler                        0x0800827d   Thumb Code    42  port.o(.text)
    vPortEnterCritical                       0x080082a7   Thumb Code    78  port.o(.text)
    vPortExitCritical                        0x080082f5   Thumb Code    56  port.o(.text)
    xPortSysTickHandler                      0x0800832d   Thumb Code    48  port.o(.text)
    vPortValidateInterruptPriority           0x0800835d   Thumb Code   108  port.o(.text)
    xEventGroupCreate                        0x080083ed   Thumb Code    26  event_groups.o(.text)
    xEventGroupSetBits                       0x08008407   Thumb Code   206  event_groups.o(.text)
    xEventGroupSync                          0x080084d5   Thumb Code   268  event_groups.o(.text)
    xEventGroupWaitBits                      0x080085ff   Thumb Code   338  event_groups.o(.text)
    xEventGroupClearBits                     0x08008751   Thumb Code    92  event_groups.o(.text)
    xEventGroupGetBitsFromISR                0x080087ad   Thumb Code    44  event_groups.o(.text)
    vEventGroupDelete                        0x080087d9   Thumb Code    82  event_groups.o(.text)
    vEventGroupSetBitsCallback               0x0800882b   Thumb Code    16  event_groups.o(.text)
    vEventGroupClearBitsCallback             0x0800883b   Thumb Code    16  event_groups.o(.text)
    uxEventGroupGetNumber                    0x0800884b   Thumb Code    14  event_groups.o(.text)
    vEventGroupSetNumber                     0x08008859   Thumb Code     4  event_groups.o(.text)
    vListInitialise                          0x08008861   Thumb Code    26  list.o(.text)
    vListInitialiseItem                      0x0800887b   Thumb Code     6  list.o(.text)
    vListInsertEnd                           0x08008881   Thumb Code    24  list.o(.text)
    vListInsert                              0x08008899   Thumb Code    52  list.o(.text)
    uxListRemove                             0x080088cd   Thumb Code    40  list.o(.text)
    xQueueGenericReset                       0x080088f5   Thumb Code   146  queue.o(.text)
    xQueueGenericCreate                      0x080089b1   Thumb Code    90  queue.o(.text)
    xQueueGenericSend                        0x08008b25   Thumb Code   420  queue.o(.text)
    xQueueCreateMutex                        0x08008ce7   Thumb Code    34  queue.o(.text)
    xQueueGiveMutexRecursive                 0x08008d09   Thumb Code    78  queue.o(.text)
    xQueueSemaphoreTake                      0x08008d85   Thumb Code   434  queue.o(.text)
    xQueueTakeMutexRecursive                 0x08008f37   Thumb Code    78  queue.o(.text)
    xQueueCreateCountingSemaphore            0x08008f85   Thumb Code    92  queue.o(.text)
    xQueueGenericSendFromISR                 0x08008fe1   Thumb Code   248  queue.o(.text)
    xQueueGiveFromISR                        0x080090d9   Thumb Code   224  queue.o(.text)
    xQueueReceive                            0x080091e3   Thumb Code   362  queue.o(.text)
    xQueuePeek                               0x0800934d   Thumb Code   362  queue.o(.text)
    xQueueReceiveFromISR                     0x080094b7   Thumb Code   202  queue.o(.text)
    xQueuePeekFromISR                        0x08009581   Thumb Code   176  queue.o(.text)
    uxQueueMessagesWaiting                   0x08009631   Thumb Code    42  queue.o(.text)
    uxQueueSpacesAvailable                   0x0800965b   Thumb Code    52  queue.o(.text)
    uxQueueMessagesWaitingFromISR            0x0800968f   Thumb Code    34  queue.o(.text)
    vQueueUnregisterQueue                    0x080096b1   Thumb Code    44  queue.o(.text)
    vQueueDelete                             0x080096dd   Thumb Code    44  queue.o(.text)
    uxQueueGetQueueNumber                    0x08009709   Thumb Code     6  queue.o(.text)
    vQueueSetQueueNumber                     0x0800970f   Thumb Code     4  queue.o(.text)
    ucQueueGetQueueType                      0x08009713   Thumb Code     8  queue.o(.text)
    xQueueIsQueueEmptyFromISR                0x0800971b   Thumb Code    42  queue.o(.text)
    xQueueIsQueueFullFromISR                 0x08009745   Thumb Code    46  queue.o(.text)
    vQueueAddToRegistry                      0x08009773   Thumb Code    38  queue.o(.text)
    pcQueueGetName                           0x08009799   Thumb Code    38  queue.o(.text)
    vQueueWaitForMessageRestricted           0x080097bf   Thumb Code    74  queue.o(.text)
    xTaskCreate                              0x080099bd   Thumb Code    96  tasks.o(.text)
    vTaskDelete                              0x08009a59   Thumb Code   202  tasks.o(.text)
    xTaskIncrementTick                       0x08009b23   Thumb Code   360  tasks.o(.text)
    xTaskResumeAll                           0x08009c8b   Thumb Code   224  tasks.o(.text)
    vTaskSuspendAll                          0x08009de7   Thumb Code    12  tasks.o(.text)
    vTaskDelayUntil                          0x08009df3   Thumb Code   200  tasks.o(.text)
    vTaskDelay                               0x08009ebb   Thumb Code    82  tasks.o(.text)
    eTaskGetState                            0x08009f0d   Thumb Code   128  tasks.o(.text)
    uxTaskPriorityGet                        0x08009f8d   Thumb Code    30  tasks.o(.text)
    uxTaskPriorityGetFromISR                 0x08009fab   Thumb Code    62  tasks.o(.text)
    vTaskPrioritySet                         0x08009fe9   Thumb Code   324  tasks.o(.text)
    vTaskSwitchContext                       0x0800a12d   Thumb Code   170  tasks.o(.text)
    vTaskSuspend                             0x0800a1d7   Thumb Code   210  tasks.o(.text)
    vTaskResume                              0x0800a2f9   Thumb Code   128  tasks.o(.text)
    xTaskResumeFromISR                       0x0800a379   Thumb Code   158  tasks.o(.text)
    vTaskStartScheduler                      0x0800a4b1   Thumb Code   122  tasks.o(.text)
    vTaskEndScheduler                        0x0800a52b   Thumb Code    32  tasks.o(.text)
    xTaskGetTickCount                        0x0800a54b   Thumb Code     6  tasks.o(.text)
    xTaskGetTickCountFromISR                 0x0800a551   Thumb Code    16  tasks.o(.text)
    uxTaskGetNumberOfTasks                   0x0800a561   Thumb Code     6  tasks.o(.text)
    pcTaskGetName                            0x0800a567   Thumb Code    44  tasks.o(.text)
    vTaskGetInfo                             0x0800a5a9   Thumb Code   126  tasks.o(.text)
    uxTaskGetSystemState                     0x0800a691   Thumb Code   154  tasks.o(.text)
    vTaskPlaceOnEventList                    0x0800a72b   Thumb Code    52  tasks.o(.text)
    vTaskPlaceOnUnorderedEventList           0x0800a75f   Thumb Code   100  tasks.o(.text)
    vTaskPlaceOnEventListRestricted          0x0800a7c3   Thumb Code    60  tasks.o(.text)
    xTaskRemoveFromEventList                 0x0800a7ff   Thumb Code   128  tasks.o(.text)
    vTaskRemoveFromUnorderedEventList        0x0800a87f   Thumb Code   220  tasks.o(.text)
    vTaskSetTimeOutState                     0x0800a95b   Thumb Code    50  tasks.o(.text)
    vTaskInternalSetTimeOutState             0x0800a98d   Thumb Code    14  tasks.o(.text)
    xTaskCheckForTimeOut                     0x0800a99b   Thumb Code   132  tasks.o(.text)
    vTaskMissedYield                         0x0800aa1f   Thumb Code     8  tasks.o(.text)
    uxTaskGetTaskNumber                      0x0800aa27   Thumb Code    14  tasks.o(.text)
    vTaskSetTaskNumber                       0x0800aa35   Thumb Code     8  tasks.o(.text)
    xTaskGetCurrentTaskHandle                0x0800aa3d   Thumb Code     6  tasks.o(.text)
    xTaskGetSchedulerState                   0x0800aa43   Thumb Code    24  tasks.o(.text)
    xTaskPriorityInherit                     0x0800aa5b   Thumb Code   186  tasks.o(.text)
    xTaskPriorityDisinherit                  0x0800ab15   Thumb Code   188  tasks.o(.text)
    vTaskPriorityDisinheritAfterTimeout      0x0800abd1   Thumb Code   230  tasks.o(.text)
    vTaskList                                0x0800ace1   Thumb Code   238  tasks.o(.text)
    vTaskGetRunTimeStats                     0x0800adcf   Thumb Code   168  tasks.o(.text)
    uxTaskResetEventItemValue                0x0800ae77   Thumb Code    24  tasks.o(.text)
    pvTaskIncrementMutexHeldCount            0x0800ae8f   Thumb Code    26  tasks.o(.text)
    ulTaskNotifyTake                         0x0800aea9   Thumb Code   108  tasks.o(.text)
    xTaskNotifyWait                          0x0800af15   Thumb Code   150  tasks.o(.text)
    xTaskGenericNotify                       0x0800afab   Thumb Code   280  tasks.o(.text)
    xTaskGenericNotifyFromISR                0x0800b0c3   Thumb Code   396  tasks.o(.text)
    vTaskNotifyGiveFromISR                   0x0800b24f   Thumb Code   214  tasks.o(.text)
    xTaskNotifyStateClear                    0x0800b325   Thumb Code    48  tasks.o(.text)
    xTimerGenericCommand                     0x0800b3bd   Thumb Code   126  timers.o(.text)
    xTimerCreateTimerTask                    0x0800b733   Thumb Code   118  timers.o(.text)
    xTimerCreate                             0x0800b7f7   Thumb Code    48  timers.o(.text)
    xTimerGetTimerDaemonTaskHandle           0x0800b827   Thumb Code    42  timers.o(.text)
    xTimerGetPeriod                          0x0800b851   Thumb Code    32  timers.o(.text)
    xTimerGetExpiryTime                      0x0800b871   Thumb Code    34  timers.o(.text)
    pcTimerGetName                           0x0800b893   Thumb Code    32  timers.o(.text)
    xTimerIsTimerActive                      0x0800b8b3   Thumb Code    62  timers.o(.text)
    pvTimerGetTimerID                        0x0800b8f1   Thumb Code    44  timers.o(.text)
    vTimerSetTimerID                         0x0800b91d   Thumb Code    44  timers.o(.text)
    uxTimerGetTimerNumber                    0x0800b949   Thumb Code     6  timers.o(.text)
    vTimerSetTimerNumber                     0x0800b94f   Thumb Code     4  timers.o(.text)
    __use_no_semihosting                     0x0800b959   Thumb Code     2  use_no_semi_2.o(.text)
    __2printf                                0x0800b95d   Thumb Code    20  noretval__2printf.o(.text)
    __2sprintf                               0x0800b975   Thumb Code    34  noretval__2sprintf.o(.text)
    __printf                                 0x0800b99d   Thumb Code   104  __printf.o(.text)
    _printf_str                              0x0800ba05   Thumb Code    82  _printf_str.o(.text)
    _printf_int_dec                          0x0800ba59   Thumb Code   104  _printf_dec.o(.text)
    strcpy                                   0x0800bad1   Thumb Code    72  strcpy.o(.text)
    strlen                                   0x0800bb19   Thumb Code    62  strlen.o(.text)
    __aeabi_memcpy                           0x0800bb57   Thumb Code     0  rt_memcpy_v6.o(.text)
    __rt_memcpy                              0x0800bb57   Thumb Code   138  rt_memcpy_v6.o(.text)
    _memcpy_lastbytes                        0x0800bbbd   Thumb Code     0  rt_memcpy_v6.o(.text)
    __aeabi_memcpy4                          0x0800bbe1   Thumb Code     0  rt_memcpy_w.o(.text)
    __aeabi_memcpy8                          0x0800bbe1   Thumb Code     0  rt_memcpy_w.o(.text)
    __rt_memcpy_w                            0x0800bbe1   Thumb Code   100  rt_memcpy_w.o(.text)
    _memcpy_lastbytes_aligned                0x0800bc29   Thumb Code     0  rt_memcpy_w.o(.text)
    __aeabi_memset                           0x0800bc45   Thumb Code    16  aeabi_memset.o(.text)
    __aeabi_memclr4                          0x0800bc55   Thumb Code     0  rt_memclr_w.o(.text)
    __aeabi_memclr8                          0x0800bc55   Thumb Code     0  rt_memclr_w.o(.text)
    __rt_memclr_w                            0x0800bc55   Thumb Code    78  rt_memclr_w.o(.text)
    _memset_w                                0x0800bc59   Thumb Code     0  rt_memclr_w.o(.text)
    __use_two_region_memory                  0x0800bca3   Thumb Code     2  heapauxi.o(.text)
    __rt_heap_escrow$2region                 0x0800bca5   Thumb Code     2  heapauxi.o(.text)
    __rt_heap_expand$2region                 0x0800bca7   Thumb Code     2  heapauxi.o(.text)
    __I$use$semihosting                      0x0800bca9   Thumb Code     0  use_no_semi.o(.text)
    __use_no_semihosting_swi                 0x0800bca9   Thumb Code     2  use_no_semi.o(.text)
    __read_errno                             0x0800bcab   Thumb Code    10  _rserrno.o(.text)
    __set_errno                              0x0800bcb5   Thumb Code    12  _rserrno.o(.text)
    _printf_int_common                       0x0800bcc1   Thumb Code   178  _printf_intcommon.o(.text)
    __lib_sel_fp_printf                      0x0800bd73   Thumb Code     2  _printf_fp_dec.o(.text)
    _printf_fp_dec_real                      0x0800bf21   Thumb Code   620  _printf_fp_dec.o(.text)
    _printf_char_common                      0x0800c197   Thumb Code    32  _printf_char_common.o(.text)
    _sputc                                   0x0800c1bd   Thumb Code    10  _sputc.o(.text)
    _printf_cs_common                        0x0800c1c7   Thumb Code    20  _printf_char.o(.text)
    _printf_char                             0x0800c1db   Thumb Code    16  _printf_char.o(.text)
    _printf_string                           0x0800c1eb   Thumb Code     8  _printf_char.o(.text)
    _printf_char_file                        0x0800c1f5   Thumb Code    32  _printf_char_file.o(.text)
    __aeabi_memclr                           0x0800c219   Thumb Code     0  rt_memclr.o(.text)
    __rt_memclr                              0x0800c219   Thumb Code    68  rt_memclr.o(.text)
    _memset                                  0x0800c21d   Thumb Code     0  rt_memclr.o(.text)
    __rt_locale                              0x0800c25d   Thumb Code     8  rt_locale_intlibspace.o(.text)
    __aeabi_errno_addr                       0x0800c265   Thumb Code     8  rt_errno_addr_intlibspace.o(.text)
    __errno$intlibspace                      0x0800c265   Thumb Code     0  rt_errno_addr_intlibspace.o(.text)
    __rt_errno_addr$intlibspace              0x0800c265   Thumb Code     0  rt_errno_addr_intlibspace.o(.text)
    _ll_udiv10                               0x0800c26d   Thumb Code   138  lludiv10.o(.text)
    _printf_fp_infnan                        0x0800c2f9   Thumb Code   112  _printf_fp_infnan.o(.text)
    _btod_etento                             0x0800c379   Thumb Code   216  bigflt0.o(.text)
    ferror                                   0x0800c455   Thumb Code     8  ferror.o(.text)
    __user_libspace                          0x0800c45d   Thumb Code     8  libspace.o(.text)
    __user_perproc_libspace                  0x0800c45d   Thumb Code     0  libspace.o(.text)
    __user_perthread_libspace                0x0800c45d   Thumb Code     0  libspace.o(.text)
    __user_setup_stackheap                   0x0800c465   Thumb Code    74  sys_stackheap_outer.o(.text)
    exit                                     0x0800c4af   Thumb Code    12  exit.o(.text)
    strcmp                                   0x0800c4bd   Thumb Code   128  strcmpv7m.o(.text)
    _btod_d2e                                0x0800c53d   Thumb Code    62  btod.o(CL$$btod_d2e)
    _d2e_denorm_low                          0x0800c57b   Thumb Code    70  btod.o(CL$$btod_d2e_denorm_low)
    _d2e_norm_op1                            0x0800c5c1   Thumb Code    96  btod.o(CL$$btod_d2e_norm_op1)
    __btod_div_common                        0x0800c621   Thumb Code   696  btod.o(CL$$btod_div_common)
    _e2e                                     0x0800c959   Thumb Code   198  btod.o(CL$$btod_e2e)
    _btod_ediv                               0x0800ca1f   Thumb Code    40  btod.o(CL$$btod_ediv)
    _btod_emul                               0x0800ca47   Thumb Code    40  btod.o(CL$$btod_emul)
    __btod_mult_common                       0x0800ca6f   Thumb Code   580  btod.o(CL$$btod_mult_common)
    __ARM_fpclassify                         0x0800ccb3   Thumb Code    48  fpclassify.o(i.__ARM_fpclassify)
    __hardfp_asin                            0x0800cce9   Thumb Code   770  asin.o(i.__hardfp_asin)
    __hardfp_atan                            0x0800d049   Thumb Code   622  atan.o(i.__hardfp_atan)
    __hardfp_atan2                           0x0800d321   Thumb Code   432  atan2.o(i.__hardfp_atan2)
    __hardfp_fabs                            0x0800d511   Thumb Code    20  fabs.o(i.__hardfp_fabs)
    __hardfp_sqrt                            0x0800d525   Thumb Code   122  sqrt.o(i.__hardfp_sqrt)
    __kernel_poly                            0x0800d59f   Thumb Code   248  poly.o(i.__kernel_poly)
    __mathlib_dbl_infnan                     0x0800d697   Thumb Code    20  dunder.o(i.__mathlib_dbl_infnan)
    __mathlib_dbl_infnan2                    0x0800d6ab   Thumb Code    20  dunder.o(i.__mathlib_dbl_infnan2)
    __mathlib_dbl_invalid                    0x0800d6c1   Thumb Code    24  dunder.o(i.__mathlib_dbl_invalid)
    __mathlib_dbl_underflow                  0x0800d6e1   Thumb Code    24  dunder.o(i.__mathlib_dbl_underflow)
    atan                                     0x0800d701   Thumb Code    16  atan.o(i.atan)
    fabs                                     0x0800d711   Thumb Code    24  fabs.o(i.fabs)
    sqrt                                     0x0800d729   Thumb Code   110  sqrt.o(i.sqrt)
    _get_lc_numeric                          0x0800d799   Thumb Code    44  lc_numeric_c.o(locale$$code)
    __aeabi_dneg                             0x0800d7c5   Thumb Code     0  basic.o(x$fpl$basic)
    _dneg                                    0x0800d7c5   Thumb Code     6  basic.o(x$fpl$basic)
    __aeabi_fneg                             0x0800d7cb   Thumb Code     0  basic.o(x$fpl$basic)
    _fneg                                    0x0800d7cb   Thumb Code     6  basic.o(x$fpl$basic)
    _dabs                                    0x0800d7d1   Thumb Code     6  basic.o(x$fpl$basic)
    _fabs                                    0x0800d7d7   Thumb Code     6  basic.o(x$fpl$basic)
    __aeabi_d2f                              0x0800d7dd   Thumb Code     0  d2f.o(x$fpl$d2f)
    _d2f                                     0x0800d7dd   Thumb Code    98  d2f.o(x$fpl$d2f)
    __aeabi_dadd                             0x0800d841   Thumb Code     0  daddsub_clz.o(x$fpl$dadd)
    _dadd                                    0x0800d841   Thumb Code   332  daddsub_clz.o(x$fpl$dadd)
    __fpl_dcmp_Inf                           0x0800d991   Thumb Code    24  dcmpi.o(x$fpl$dcmpinf)
    __aeabi_ddiv                             0x0800d9a9   Thumb Code     0  ddiv.o(x$fpl$ddiv)
    _ddiv                                    0x0800d9a9   Thumb Code   552  ddiv.o(x$fpl$ddiv)
    __aeabi_i2d                              0x0800dc59   Thumb Code     0  dflt_clz.o(x$fpl$dflt)
    _dflt                                    0x0800dc59   Thumb Code    46  dflt_clz.o(x$fpl$dflt)
    __aeabi_cdcmple                          0x0800dc89   Thumb Code     0  dleqf.o(x$fpl$dleqf)
    _dcmple                                  0x0800dc89   Thumb Code   120  dleqf.o(x$fpl$dleqf)
    __fpl_dcmple_InfNaN                      0x0800dceb   Thumb Code     0  dleqf.o(x$fpl$dleqf)
    __aeabi_dmul                             0x0800dd01   Thumb Code     0  dmul.o(x$fpl$dmul)
    _dmul                                    0x0800dd01   Thumb Code   332  dmul.o(x$fpl$dmul)
    __fpl_dnaninf                            0x0800de55   Thumb Code   156  dnaninf.o(x$fpl$dnaninf)
    __fpl_dretinf                            0x0800def1   Thumb Code    12  dretinf.o(x$fpl$dretinf)
    __aeabi_cdrcmple                         0x0800defd   Thumb Code     0  drleqf.o(x$fpl$drleqf)
    _drcmple                                 0x0800defd   Thumb Code   108  drleqf.o(x$fpl$drleqf)
    __aeabi_drsub                            0x0800df69   Thumb Code     0  daddsub_clz.o(x$fpl$drsb)
    _drsb                                    0x0800df69   Thumb Code    22  daddsub_clz.o(x$fpl$drsb)
    _dsqrt                                   0x0800df81   Thumb Code   404  dsqrt_umaal.o(x$fpl$dsqrt)
    __aeabi_dsub                             0x0800e119   Thumb Code     0  daddsub_clz.o(x$fpl$dsub)
    _dsub                                    0x0800e119   Thumb Code   464  daddsub_clz.o(x$fpl$dsub)
    __aeabi_f2d                              0x0800e2ed   Thumb Code     0  f2d.o(x$fpl$f2d)
    _f2d                                     0x0800e2ed   Thumb Code    86  f2d.o(x$fpl$f2d)
    __fpl_fnaninf                            0x0800e343   Thumb Code   140  fnaninf.o(x$fpl$fnaninf)
    _fp_init                                 0x0800e3cf   Thumb Code    10  fpinit.o(x$fpl$fpinit)
    __fplib_config_fpu_vfp                   0x0800e3d7   Thumb Code     0  fpinit.o(x$fpl$fpinit)
    __fplib_config_pureend_doubles           0x0800e3d7   Thumb Code     0  fpinit.o(x$fpl$fpinit)
    __fpl_fretinf                            0x0800e3d9   Thumb Code    10  fretinf.o(x$fpl$fretinf)
    _printf_fp_dec                           0x0800e3e3   Thumb Code     4  printf1.o(x$fpl$printf1)
    CRC8_INIT                                0x0800e3e6   Data           1  referee.o(.constdata)
    __I$use$fp                               0x0800e3e6   Number         0  usenofp.o(x$fpl$usenofp)
    CRC8_TAB                                 0x0800e3e7   Data         256  referee.o(.constdata)
    __mathlib_zero                           0x0800e5e8   Data           8  qnan.o(.constdata)
    Region$$Table$$Base                      0x0800e684   Number         0  anon$$obj.o(Region$$Table)
    Region$$Table$$Limit                     0x0800e6a4   Number         0  anon$$obj.o(Region$$Table)
    SystemCoreClock                          0x20000000   Data           4  system_stm32f4xx.o(.data)
    AHBPrescTable                            0x20000004   Data          16  system_stm32f4xx.o(.data)
    FreeRTOSRunTimeTicks                     0x20000014   Data           4  basicperipherals.o(.data)
    Usart1_RX_Cou                            0x20000018   Data           2  referee.o(.data)
    Usart1_RX_Flag                           0x2000001a   Data           1  referee.o(.data)
    g_Referee_flag                           0x2000001b   Data           1  referee.o(.data)
    CRC_INIT                                 0x2000001c   Data           2  referee.o(.data)
    FrictionCalistop                         0x20000020   Data           1  freertostask.o(.data)
    ImuGimbalCalistop                        0x20000021   Data           1  freertostask.o(.data)
    DbusParseTask_Handler                    0x20000024   Data           4  freertostask.o(.data)
    StartTask_Handler                        0x20000028   Data           4  freertostask.o(.data)
    FrictionCaliTask_Handler                 0x2000002c   Data           4  freertostask.o(.data)
    FrictionControlTask_Handler              0x20000030   Data           4  freertostask.o(.data)
    Can1ReceiveTask_Handler                  0x20000034   Data           4  freertostask.o(.data)
    Can2ReceiveTask_Handler                  0x20000038   Data           4  freertostask.o(.data)
    IMUReceiveTask_Handler                   0x2000003c   Data           4  freertostask.o(.data)
    BSPInitTaskTask_Handler                  0x20000040   Data           4  freertostask.o(.data)
    PIDCalculateTask_Handler                 0x20000044   Data           4  freertostask.o(.data)
    ChassisControlTask_Handler               0x20000048   Data           4  freertostask.o(.data)
    GimbalControlTask_Handler                0x2000004c   Data           4  freertostask.o(.data)
    ImuGimbalCaliTask_Handler                0x20000050   Data           4  freertostask.o(.data)
    OfflineDecetedTask_Handler               0x20000054   Data           4  freertostask.o(.data)
    DbusParseSem                             0x20000058   Data           4  freertostask.o(.data)
    ImuDataSem                               0x2000005c   Data           4  freertostask.o(.data)
    BolletFreControlEnt                      0x20000070   Data           4  freertostask.o(.data)
    CmGimbalOutputEnt                        0x20000074   Data           4  freertostask.o(.data)
    OfflineDetectedEnt                       0x20000078   Data           4  freertostask.o(.data)
    FrictionControlQueue                     0x2000007c   Data           4  freertostask.o(.data)
    Can1ReceiveQueue                         0x20000080   Data           4  freertostask.o(.data)
    Can2ReceiveQueue                         0x20000084   Data           4  freertostask.o(.data)
    GimbalDataQueue                          0x20000088   Data           4  freertostask.o(.data)
    CMDataQueue                              0x2000008c   Data           4  freertostask.o(.data)
    color                                    0x20000090   Data           4  freertostask.o(.data)
    output                                   0x20000094   Data           8  freertostask.o(.data)
    cmspeed                                  0x2000009c   Data           8  freertostask.o(.data)
    Auto_Origion                             0x200000ad   Data           6  auto_attacktask.o(.data)
    SendBuff                                 0x200000b3   Data           4  auto_attacktask.o(.data)
    __stdout                                 0x200000bc   Data           4  usart.o(.data)
    exInt                                    0x200000c0   Data           4  imu.o(.data)
    eyInt                                    0x200000c4   Data           4  imu.o(.data)
    ezInt                                    0x200000c8   Data           4  imu.o(.data)
    q0                                       0x200000cc   Data           4  imu.o(.data)
    q1                                       0x200000d0   Data           4  imu.o(.data)
    q2                                       0x200000d4   Data           4  imu.o(.data)
    q3                                       0x200000d8   Data           4  imu.o(.data)
    integralFBhand                           0x200000dc   Data           4  imu.o(.data)
    handdiff                                 0x200000e0   Data           4  imu.o(.data)
    lastUpdate                               0x200000e4   Data           4  imu.o(.data)
    now                                      0x200000e8   Data           4  imu.o(.data)
    Gx_offset                                0x200000ec   Data           2  mpu6500_driver.o(.data)
    Gy_offset                                0x200000ee   Data           2  mpu6500_driver.o(.data)
    Gz_offset                                0x200000f0   Data           2  mpu6500_driver.o(.data)
    MPU6500_Lastax                           0x200000f2   Data           2  mpu6500_driver.o(.data)
    MPU6500_Lastay                           0x200000f4   Data           2  mpu6500_driver.o(.data)
    MPU6500_Lastaz                           0x200000f6   Data           2  mpu6500_driver.o(.data)
    MPU6500_Lastgx                           0x200000f8   Data           2  mpu6500_driver.o(.data)
    MPU6500_Lastgy                           0x200000fa   Data           2  mpu6500_driver.o(.data)
    MPU6500_Lastgz                           0x200000fc   Data           2  mpu6500_driver.o(.data)
    Error_Data                               0x200000fe   Data          40  mpu6500_driver.o(.data)
    pxCurrentTCB                             0x20000160   Data           4  tasks.o(.data)
    Imu_ext                                  0x200001b8   Data          16  stm32f4xx_it.o(.bss)
    sbus_rx_buffer                           0x200001c8   Data          18  remotdbus.o(.bss)
    Referee_date1                            0x20000254   Data          68  referee.o(.bss)
    power                                    0x20000298   Data          56  referee.o(.bss)
    CM_Motor                                 0x200002e4   Data         304  freertostask.o(.bss)
    FireMotor                                0x20000414   Data          76  freertostask.o(.bss)
    YawMotor                                 0x20000460   Data         164  freertostask.o(.bss)
    PitchMotor                               0x20000504   Data         164  freertostask.o(.bss)
    Mpu6500Data                              0x200005a8   Data          52  freertostask.o(.bss)
    RemotData                                0x200005dc   Data          44  freertostask.o(.bss)
    control                                  0x20000608   Data          20  freertostask.o(.bss)
    AutoData                                 0x2000061c   Data          20  auto_attacktask.o(.bss)
    mainfocus_rx_buffer                      0x20000630   Data          10  auto_attacktask.o(.bss)
    imu_data                                 0x2000063a   Data          26  mpu6500_driver.o(.bss)
    imu_data_offest                          0x20000654   Data          26  mpu6500_driver.o(.bss)
    xQueueRegistry                           0x200132f4   Data          64  queue.o(.bss)
    __libspace_start                         0x20013460   Data          96  libspace.o(.bss)
    __temporary_stack_top$libspace           0x200134c0   Data           0  libspace.o(.bss)



==============================================================================

Memory Map of the image

  Image Entry point : 0x080001ad

  Load Region LR_IROM1 (Base: 0x08000000, Size: 0x0000e878, Max: 0x00200000, ABSOLUTE, COMPRESSED[0x0000e710])

    Execution Region ER_IROM1 (Base: 0x08000000, Size: 0x0000e6c0, Max: 0x00200000, ABSOLUTE)

    Base Addr    Size         Type   Attr      Idx    E Section Name        Object

    0x08000000   0x000001ac   Data   RO          795    RESET               startup_stm32f427_437xx.o
    0x080001ac   0x00000008   Code   RO         1301  * !!!main             c_w.l(__main.o)
    0x080001b4   0x00000034   Code   RO         1646    !!!scatter          c_w.l(__scatter.o)
    0x080001e8   0x0000003a   Code   RO         1644    !!dczerorl          c_w.l(__dczerorl.o)
    0x08000222   0x00000002   PAD
    0x08000224   0x0000001c   Code   RO         1648    !!handler_zi        c_w.l(__scatter_zi.o)
    0x08000240   0x00000000   Code   RO         1284    .ARM.Collect$$_printf_percent$$00000000  c_w.l(_printf_percent.o)
    0x08000240   0x00000006   Code   RO         1283    .ARM.Collect$$_printf_percent$$00000003  c_w.l(_printf_f.o)
    0x08000246   0x00000006   Code   RO         1281    .ARM.Collect$$_printf_percent$$00000009  c_w.l(_printf_d.o)
    0x0800024c   0x00000006   Code   RO         1282    .ARM.Collect$$_printf_percent$$0000000A  c_w.l(_printf_u.o)
    0x08000252   0x00000006   Code   RO         1280    .ARM.Collect$$_printf_percent$$00000013  c_w.l(_printf_c.o)
    0x08000258   0x00000004   Code   RO         1392    .ARM.Collect$$_printf_percent$$00000017  c_w.l(_printf_percent_end.o)
    0x0800025c   0x00000002   Code   RO         1522    .ARM.Collect$$libinit$$00000000  c_w.l(libinit.o)
    0x0800025e   0x00000004   Code   RO         1523    .ARM.Collect$$libinit$$00000001  c_w.l(libinit2.o)
    0x08000262   0x00000000   Code   RO         1526    .ARM.Collect$$libinit$$00000004  c_w.l(libinit2.o)
    0x08000262   0x00000000   Code   RO         1529    .ARM.Collect$$libinit$$0000000A  c_w.l(libinit2.o)
    0x08000262   0x00000000   Code   RO         1531    .ARM.Collect$$libinit$$0000000C  c_w.l(libinit2.o)
    0x08000262   0x00000000   Code   RO         1533    .ARM.Collect$$libinit$$0000000E  c_w.l(libinit2.o)
    0x08000262   0x00000006   Code   RO         1534    .ARM.Collect$$libinit$$0000000F  c_w.l(libinit2.o)
    0x08000268   0x00000000   Code   RO         1536    .ARM.Collect$$libinit$$00000011  c_w.l(libinit2.o)
    0x08000268   0x00000000   Code   RO         1538    .ARM.Collect$$libinit$$00000013  c_w.l(libinit2.o)
    0x08000268   0x00000000   Code   RO         1540    .ARM.Collect$$libinit$$00000015  c_w.l(libinit2.o)
    0x08000268   0x0000000a   Code   RO         1541    .ARM.Collect$$libinit$$00000016  c_w.l(libinit2.o)
    0x08000272   0x00000000   Code   RO         1542    .ARM.Collect$$libinit$$00000017  c_w.l(libinit2.o)
    0x08000272   0x00000000   Code   RO         1544    .ARM.Collect$$libinit$$00000019  c_w.l(libinit2.o)
    0x08000272   0x00000000   Code   RO         1546    .ARM.Collect$$libinit$$0000001B  c_w.l(libinit2.o)
    0x08000272   0x00000000   Code   RO         1548    .ARM.Collect$$libinit$$0000001D  c_w.l(libinit2.o)
    0x08000272   0x00000000   Code   RO         1550    .ARM.Collect$$libinit$$0000001F  c_w.l(libinit2.o)
    0x08000272   0x00000000   Code   RO         1552    .ARM.Collect$$libinit$$00000021  c_w.l(libinit2.o)
    0x08000272   0x00000000   Code   RO         1554    .ARM.Collect$$libinit$$00000023  c_w.l(libinit2.o)
    0x08000272   0x00000000   Code   RO         1556    .ARM.Collect$$libinit$$00000025  c_w.l(libinit2.o)
    0x08000272   0x00000000   Code   RO         1560    .ARM.Collect$$libinit$$0000002C  c_w.l(libinit2.o)
    0x08000272   0x00000000   Code   RO         1562    .ARM.Collect$$libinit$$0000002E  c_w.l(libinit2.o)
    0x08000272   0x00000000   Code   RO         1564    .ARM.Collect$$libinit$$00000030  c_w.l(libinit2.o)
    0x08000272   0x00000000   Code   RO         1566    .ARM.Collect$$libinit$$00000032  c_w.l(libinit2.o)
    0x08000272   0x00000002   Code   RO         1567    .ARM.Collect$$libinit$$00000033  c_w.l(libinit2.o)
    0x08000274   0x00000002   Code   RO         1595    .ARM.Collect$$libshutdown$$00000000  c_w.l(libshutdown.o)
    0x08000276   0x00000000   Code   RO         1605    .ARM.Collect$$libshutdown$$00000003  c_w.l(libshutdown2.o)
    0x08000276   0x00000000   Code   RO         1608    .ARM.Collect$$libshutdown$$00000006  c_w.l(libshutdown2.o)
    0x08000276   0x00000000   Code   RO         1611    .ARM.Collect$$libshutdown$$00000009  c_w.l(libshutdown2.o)
    0x08000276   0x00000000   Code   RO         1613    .ARM.Collect$$libshutdown$$0000000B  c_w.l(libshutdown2.o)
    0x08000276   0x00000000   Code   RO         1616    .ARM.Collect$$libshutdown$$0000000E  c_w.l(libshutdown2.o)
    0x08000276   0x00000002   Code   RO         1617    .ARM.Collect$$libshutdown$$0000000F  c_w.l(libshutdown2.o)
    0x08000278   0x00000000   Code   RO         1377    .ARM.Collect$$rtentry$$00000000  c_w.l(__rtentry.o)
    0x08000278   0x00000000   Code   RO         1442    .ARM.Collect$$rtentry$$00000002  c_w.l(__rtentry2.o)
    0x08000278   0x00000006   Code   RO         1454    .ARM.Collect$$rtentry$$00000004  c_w.l(__rtentry4.o)
    0x0800027e   0x00000000   Code   RO         1444    .ARM.Collect$$rtentry$$00000009  c_w.l(__rtentry2.o)
    0x0800027e   0x00000004   Code   RO         1445    .ARM.Collect$$rtentry$$0000000A  c_w.l(__rtentry2.o)
    0x08000282   0x00000000   Code   RO         1447    .ARM.Collect$$rtentry$$0000000C  c_w.l(__rtentry2.o)
    0x08000282   0x00000008   Code   RO         1448    .ARM.Collect$$rtentry$$0000000D  c_w.l(__rtentry2.o)
    0x0800028a   0x00000002   Code   RO         1568    .ARM.Collect$$rtexit$$00000000  c_w.l(rtexit.o)
    0x0800028c   0x00000000   Code   RO         1575    .ARM.Collect$$rtexit$$00000002  c_w.l(rtexit2.o)
    0x0800028c   0x00000004   Code   RO         1576    .ARM.Collect$$rtexit$$00000003  c_w.l(rtexit2.o)
    0x08000290   0x00000006   Code   RO         1577    .ARM.Collect$$rtexit$$00000004  c_w.l(rtexit2.o)
    0x08000296   0x00000002   PAD
    0x08000298   0x000000be   Code   RO         1078    .emb_text           port.o
    0x08000356   0x00000016   Code   RO            3    .text               main.o
    0x0800036c   0x00000238   Code   RO          209    .text               stm32f4xx_it.o
    0x080005a4   0x00000244   Code   RO          288    .text               system_stm32f4xx.o
    0x080007e8   0x00000208   Code   RO          314    .text               pid_modify.o
    0x080009f0   0x000003b4   Code   RO          345    .text               basicperipherals.o
    0x08000da4   0x00000138   Code   RO          371    .text               remotdbus.o
    0x08000edc   0x000000f8   Code   RO          397    .text               frictionmoterpwm.o
    0x08000fd4   0x000002c4   Code   RO          420    .text               motorcan.o
    0x08001298   0x00000160   Code   RO          440    .text               stmflash.o
    0x080013f8   0x00000160   Code   RO          463    .text               mainfocus_usart.o
    0x08001558   0x00000490   Code   RO          490    .text               referee.o
    0x080019e8   0x000016a0   Code   RO          521    .text               freertostask.o
    0x08003088   0x00000104   Code   RO          578    .text               auto_attacktask.o
    0x0800318c   0x000000ec   Code   RO          617    .text               delay.o
    0x08003278   0x000000a8   Code   RO          657    .text               usart.o
    0x08003320   0x00000a7c   Code   RO          690    .text               imu.o
    0x08003d9c   0x00000098   Code   RO          713    .text               imu_int.o
    0x08003e34   0x000008a0   Code   RO          737    .text               mpu6500_driver.o
    0x080046d4   0x0000016c   Code   RO          775    .text               spi.o
    0x08004840   0x00000040   Code   RO          796    .text               startup_stm32f427_437xx.o
    0x08004880   0x000000e0   Code   RO          802    .text               misc.o
    0x08004960   0x00000294   Code   RO          822    .text               stm32f4xx_gpio.o
    0x08004bf4   0x00000660   Code   RO          842    .text               stm32f4xx_rcc.o
    0x08005254   0x00000094   Code   RO          864    .text               stm32f4xx_syscfg.o
    0x080052e8   0x00000454   Code   RO          884    .text               stm32f4xx_usart.o
    0x0800573c   0x000009f0   Code   RO          904    .text               stm32f4xx_can.o
    0x0800612c   0x000003a8   Code   RO          924    .text               stm32f4xx_dma.o
    0x080064d4   0x00000ca2   Code   RO          944    .text               stm32f4xx_tim.o
    0x08007176   0x00000002   PAD
    0x08007178   0x000004ee   Code   RO          964    .text               stm32f4xx_spi.o
    0x08007666   0x00000002   PAD
    0x08007668   0x00000698   Code   RO          984    .text               stm32f4xx_flash.o
    0x08007d00   0x00000110   Code   RO         1024    .text               stm32f4xx_exti.o
    0x08007e10   0x0000029c   Code   RO         1042    .text               heap_4.o
    0x080080ac   0x00000340   Code   RO         1079    .text               port.o
    0x080083ec   0x00000474   Code   RO         1117    .text               event_groups.o
    0x08008860   0x00000094   Code   RO         1144    .text               list.o
    0x080088f4   0x00000f18   Code   RO         1159    .text               queue.o
    0x0800980c   0x00001b60   Code   RO         1198    .text               tasks.o
    0x0800b36c   0x000005ec   Code   RO         1224    .text               timers.o
    0x0800b958   0x00000002   Code   RO         1244    .text               c_w.l(use_no_semi_2.o)
    0x0800b95a   0x00000002   PAD
    0x0800b95c   0x00000018   Code   RO         1250    .text               c_w.l(noretval__2printf.o)
    0x0800b974   0x00000028   Code   RO         1252    .text               c_w.l(noretval__2sprintf.o)
    0x0800b99c   0x00000068   Code   RO         1254    .text               c_w.l(__printf.o)
    0x0800ba04   0x00000052   Code   RO         1256    .text               c_w.l(_printf_str.o)
    0x0800ba56   0x00000002   PAD
    0x0800ba58   0x00000078   Code   RO         1258    .text               c_w.l(_printf_dec.o)
    0x0800bad0   0x00000048   Code   RO         1285    .text               c_w.l(strcpy.o)
    0x0800bb18   0x0000003e   Code   RO         1287    .text               c_w.l(strlen.o)
    0x0800bb56   0x0000008a   Code   RO         1289    .text               c_w.l(rt_memcpy_v6.o)
    0x0800bbe0   0x00000064   Code   RO         1291    .text               c_w.l(rt_memcpy_w.o)
    0x0800bc44   0x00000010   Code   RO         1295    .text               c_w.l(aeabi_memset.o)
    0x0800bc54   0x0000004e   Code   RO         1297    .text               c_w.l(rt_memclr_w.o)
    0x0800bca2   0x00000006   Code   RO         1299    .text               c_w.l(heapauxi.o)
    0x0800bca8   0x00000002   Code   RO         1375    .text               c_w.l(use_no_semi.o)
    0x0800bcaa   0x00000016   Code   RO         1378    .text               c_w.l(_rserrno.o)
    0x0800bcc0   0x000000b2   Code   RO         1380    .text               c_w.l(_printf_intcommon.o)
    0x0800bd72   0x0000041a   Code   RO         1382    .text               c_w.l(_printf_fp_dec.o)
    0x0800c18c   0x00000030   Code   RO         1384    .text               c_w.l(_printf_char_common.o)
    0x0800c1bc   0x0000000a   Code   RO         1386    .text               c_w.l(_sputc.o)
    0x0800c1c6   0x0000002c   Code   RO         1388    .text               c_w.l(_printf_char.o)
    0x0800c1f2   0x00000002   PAD
    0x0800c1f4   0x00000024   Code   RO         1390    .text               c_w.l(_printf_char_file.o)
    0x0800c218   0x00000044   Code   RO         1393    .text               c_w.l(rt_memclr.o)
    0x0800c25c   0x00000008   Code   RO         1459    .text               c_w.l(rt_locale_intlibspace.o)
    0x0800c264   0x00000008   Code   RO         1464    .text               c_w.l(rt_errno_addr_intlibspace.o)
    0x0800c26c   0x0000008a   Code   RO         1466    .text               c_w.l(lludiv10.o)
    0x0800c2f6   0x00000002   PAD
    0x0800c2f8   0x00000080   Code   RO         1468    .text               c_w.l(_printf_fp_infnan.o)
    0x0800c378   0x000000dc   Code   RO         1472    .text               c_w.l(bigflt0.o)
    0x0800c454   0x00000008   Code   RO         1497    .text               c_w.l(ferror.o)
    0x0800c45c   0x00000008   Code   RO         1508    .text               c_w.l(libspace.o)
    0x0800c464   0x0000004a   Code   RO         1511    .text               c_w.l(sys_stackheap_outer.o)
    0x0800c4ae   0x0000000c   Code   RO         1513    .text               c_w.l(exit.o)
    0x0800c4ba   0x00000002   PAD
    0x0800c4bc   0x00000080   Code   RO         1515    .text               c_w.l(strcmpv7m.o)
    0x0800c53c   0x0000003e   Code   RO         1475    CL$$btod_d2e        c_w.l(btod.o)
    0x0800c57a   0x00000046   Code   RO         1477    CL$$btod_d2e_denorm_low  c_w.l(btod.o)
    0x0800c5c0   0x00000060   Code   RO         1476    CL$$btod_d2e_norm_op1  c_w.l(btod.o)
    0x0800c620   0x00000338   Code   RO         1485    CL$$btod_div_common  c_w.l(btod.o)
    0x0800c958   0x000000c6   Code   RO         1482    CL$$btod_e2e        c_w.l(btod.o)
    0x0800ca1e   0x00000028   Code   RO         1479    CL$$btod_ediv       c_w.l(btod.o)
    0x0800ca46   0x00000028   Code   RO         1478    CL$$btod_emul       c_w.l(btod.o)
    0x0800ca6e   0x00000244   Code   RO         1484    CL$$btod_mult_common  c_w.l(btod.o)
    0x0800ccb2   0x00000030   Code   RO         1436    i.__ARM_fpclassify  m_wm.l(fpclassify.o)
    0x0800cce2   0x00000006   PAD
    0x0800cce8   0x00000360   Code   RO         1331    i.__hardfp_asin     m_wm.l(asin.o)
    0x0800d048   0x000002d8   Code   RO         1408    i.__hardfp_atan     m_wm.l(atan.o)
    0x0800d320   0x000001f0   Code   RO         1345    i.__hardfp_atan2    m_wm.l(atan2.o)
    0x0800d510   0x00000014   Code   RO         1357    i.__hardfp_fabs     m_wm.l(fabs.o)
    0x0800d524   0x0000007a   Code   RO         1363    i.__hardfp_sqrt     m_wm.l(sqrt.o)
    0x0800d59e   0x000000f8   Code   RO         1438    i.__kernel_poly     m_wm.l(poly.o)
    0x0800d696   0x00000014   Code   RO         1423    i.__mathlib_dbl_infnan  m_wm.l(dunder.o)
    0x0800d6aa   0x00000014   Code   RO         1424    i.__mathlib_dbl_infnan2  m_wm.l(dunder.o)
    0x0800d6be   0x00000002   PAD
    0x0800d6c0   0x00000020   Code   RO         1425    i.__mathlib_dbl_invalid  m_wm.l(dunder.o)
    0x0800d6e0   0x00000020   Code   RO         1428    i.__mathlib_dbl_underflow  m_wm.l(dunder.o)
    0x0800d700   0x00000010   Code   RO         1410    i.atan              m_wm.l(atan.o)
    0x0800d710   0x00000018   Code   RO         1359    i.fabs              m_wm.l(fabs.o)
    0x0800d728   0x0000006e   Code   RO         1365    i.sqrt              m_wm.l(sqrt.o)
    0x0800d796   0x00000002   PAD
    0x0800d798   0x0000002c   Code   RO         1502    locale$$code        c_w.l(lc_numeric_c.o)
    0x0800d7c4   0x00000018   Code   RO         1303    x$fpl$basic         fz_wm.l(basic.o)
    0x0800d7dc   0x00000062   Code   RO         1305    x$fpl$d2f           fz_wm.l(d2f.o)
    0x0800d83e   0x00000002   PAD
    0x0800d840   0x00000150   Code   RO         1307    x$fpl$dadd          fz_wm.l(daddsub_clz.o)
    0x0800d990   0x00000018   Code   RO         1504    x$fpl$dcmpinf       fz_wm.l(dcmpi.o)
    0x0800d9a8   0x000002b0   Code   RO         1314    x$fpl$ddiv          fz_wm.l(ddiv.o)
    0x0800dc58   0x0000002e   Code   RO         1318    x$fpl$dflt          fz_wm.l(dflt_clz.o)
    0x0800dc86   0x00000002   PAD
    0x0800dc88   0x00000078   Code   RO         1395    x$fpl$dleqf         fz_wm.l(dleqf.o)
    0x0800dd00   0x00000154   Code   RO         1323    x$fpl$dmul          fz_wm.l(dmul.o)
    0x0800de54   0x0000009c   Code   RO         1397    x$fpl$dnaninf       fz_wm.l(dnaninf.o)
    0x0800def0   0x0000000c   Code   RO         1399    x$fpl$dretinf       fz_wm.l(dretinf.o)
    0x0800defc   0x0000006c   Code   RO         1325    x$fpl$drleqf        fz_wm.l(drleqf.o)
    0x0800df68   0x00000016   Code   RO         1308    x$fpl$drsb          fz_wm.l(daddsub_clz.o)
    0x0800df7e   0x00000002   PAD
    0x0800df80   0x00000198   Code   RO         1401    x$fpl$dsqrt         fz_wm.l(dsqrt_umaal.o)
    0x0800e118   0x000001d4   Code   RO         1309    x$fpl$dsub          fz_wm.l(daddsub_clz.o)
    0x0800e2ec   0x00000056   Code   RO         1327    x$fpl$f2d           fz_wm.l(f2d.o)
    0x0800e342   0x0000008c   Code   RO         1403    x$fpl$fnaninf       fz_wm.l(fnaninf.o)
    0x0800e3ce   0x0000000a   Code   RO         1572    x$fpl$fpinit        fz_wm.l(fpinit.o)
    0x0800e3d8   0x0000000a   Code   RO         1405    x$fpl$fretinf       fz_wm.l(fretinf.o)
    0x0800e3e2   0x00000004   Code   RO         1329    x$fpl$printf1       fz_wm.l(printf1.o)
    0x0800e3e6   0x00000000   Code   RO         1407    x$fpl$usenofp       fz_wm.l(usenofp.o)
    0x0800e3e6   0x00000101   Data   RO          492    .constdata          referee.o
    0x0800e4e7   0x00000001   PAD
    0x0800e4e8   0x00000014   Data   RO          739    .constdata          mpu6500_driver.o
    0x0800e4fc   0x00000004   PAD
    0x0800e500   0x00000050   Data   RO         1334    .constdata          m_wm.l(asin.o)
    0x0800e550   0x00000098   Data   RO         1411    .constdata          m_wm.l(atan.o)
    0x0800e5e8   0x00000008   Data   RO         1440    .constdata          m_wm.l(qnan.o)
    0x0800e5f0   0x00000094   Data   RO         1473    .constdata          c_w.l(bigflt0.o)
    0x0800e684   0x00000020   Data   RO         1642    Region$$Table       anon$$obj.o
    0x0800e6a4   0x0000001c   Data   RO         1501    locale$$data        c_w.l(lc_numeric_c.o)


    Execution Region RW_IRAM1 (Base: 0x20000000, Size: 0x00013ac0, Max: 0x00030000, ABSOLUTE, COMPRESSED[0x00000050])

    Base Addr    Size         Type   Attr      Idx    E Section Name        Object

    0x20000000   0x00000014   Data   RW          289    .data               system_stm32f4xx.o
    0x20000014   0x00000004   Data   RW          346    .data               basicperipherals.o
    0x20000018   0x00000007   Data   RW          493    .data               referee.o
    0x2000001f   0x00000001   PAD
    0x20000020   0x0000008d   Data   RW          523    .data               freertostask.o
    0x200000ad   0x0000000b   Data   RW          580    .data               auto_attacktask.o
    0x200000b8   0x00000004   Data   RW          618    .data               delay.o
    0x200000bc   0x00000004   Data   RW          658    .data               usart.o
    0x200000c0   0x0000002c   Data   RW          691    .data               imu.o
    0x200000ec   0x0000003f   Data   RW          740    .data               mpu6500_driver.o
    0x2000012b   0x00000010   Data   RW          843    .data               stm32f4xx_rcc.o
    0x2000013b   0x00000001   PAD
    0x2000013c   0x00000018   Data   RW         1044    .data               heap_4.o
    0x20000154   0x0000000c   Data   RW         1080    .data               port.o
    0x20000160   0x00000044   Data   RW         1200    .data               tasks.o
    0x200001a4   0x00000014   Data   RW         1226    .data               timers.o
    0x200001b8   0x00000010   Zero   RW          210    .bss                stm32f4xx_it.o
    0x200001c8   0x00000012   Zero   RW          372    .bss                remotdbus.o
    0x200001da   0x00000002   PAD
    0x200001dc   0x00000108   Zero   RW          491    .bss                referee.o
    0x200002e4   0x00000338   Zero   RW          522    .bss                freertostask.o
    0x2000061c   0x0000001e   Zero   RW          579    .bss                auto_attacktask.o
    0x2000063a   0x000000b8   Zero   RW          738    .bss                mpu6500_driver.o
    0x200006f2   0x00012c00   Zero   RW         1043    .bss                heap_4.o
    0x200132f2   0x00000002   PAD
    0x200132f4   0x00000040   Zero   RW         1160    .bss                queue.o
    0x20013334   0x00000104   Zero   RW         1199    .bss                tasks.o
    0x20013438   0x00000028   Zero   RW         1225    .bss                timers.o
    0x20013460   0x00000060   Zero   RW         1509    .bss                c_w.l(libspace.o)
    0x200134c0   0x00000200   Zero   RW          794    HEAP                startup_stm32f427_437xx.o
    0x200136c0   0x00000400   Zero   RW          793    STACK               startup_stm32f427_437xx.o


==============================================================================

Image component sizes


      Code (inc. data)   RO Data    RW Data    ZI Data      Debug   Object Name

       260         28          0         11         30       2958   auto_attacktask.o
       948         32          0          4          0       3055   basicperipherals.o
       236          8          0          4          0       1853   delay.o
      1140          4          0          0          0      16003   event_groups.o
      5792        792          0        141        824      11409   freertostask.o
       248          4          0          0          0        852   frictionmoterpwm.o
       668         24          0         24      76800      13792   heap_4.o
      2684        108          0         44          0       4200   imu.o
       152          4          0          0          0       1057   imu_int.o
       148          0          0          0          0       2158   list.o
        22          0          0          0          0     348469   main.o
       352         18          0          0          0       1427   mainfocus_usart.o
       224         20          0          0          0       2045   misc.o
       708         16          0          0          0       2127   motorcan.o
      2208        106         20         63        184       8143   mpu6500_driver.o
       520         14          0          0          0       3611   pid_modify.o
      1022         52          0         12          0       9435   port.o
      3864         20          0          0         64      21056   queue.o
      1168         58        257          7        264       6074   referee.o
       312         22          0          0         18       1650   remotdbus.o
       364          8          0          0          0       1530   spi.o
        64         26        428          0       1536        920   startup_stm32f427_437xx.o
      2544         38          0          0          0       8196   stm32f4xx_can.o
       936         32          0          0          0       6521   stm32f4xx_dma.o
       272         10          0          0          0       2491   stm32f4xx_exti.o
      1688         24          0          0          0       9382   stm32f4xx_flash.o
       660         44          0          0          0       4321   stm32f4xx_gpio.o
       568         64          0          0         16     246484   stm32f4xx_it.o
      1632         54          0         16          0      13280   stm32f4xx_rcc.o
      1262         38          0          0          0       7529   stm32f4xx_spi.o
       148         12          0          0          0       1957   stm32f4xx_syscfg.o
      3234         60          0          0          0      22528   stm32f4xx_tim.o
      1108         34          0          0          0       8024   stm32f4xx_usart.o
       352         48          0          0          0       2596   stmflash.o
       580         46          0         20          0       2147   system_stm32f4xx.o
      7008        416          0         68        260      31054   tasks.o
      1516         68          0         20         40      11850   timers.o
       168         10          0          4          0       3322   usart.o

    ----------------------------------------------------------------------
     46784       2362        742        440      80040     845506   Object Totals
         0          0         32          0          0          0   (incl. Generated)
         4          0          5          2          4          0   (incl. Padding)

    ----------------------------------------------------------------------

      Code (inc. data)   RO Data    RW Data    ZI Data      Debug   Library Member Name

        58          0          0          0          0          0   __dczerorl.o
         8          0          0          0          0         68   __main.o
       104          0          0          0          0         84   __printf.o
         0          0          0          0          0          0   __rtentry.o
        12          0          0          0          0          0   __rtentry2.o
         6          0          0          0          0          0   __rtentry4.o
        52          8          0          0          0          0   __scatter.o
        28          0          0          0          0          0   __scatter_zi.o
         6          0          0          0          0          0   _printf_c.o
        44          0          0          0          0        108   _printf_char.o
        48          6          0          0          0         96   _printf_char_common.o
        36          4          0          0          0         80   _printf_char_file.o
         6          0          0          0          0          0   _printf_d.o
       120         16          0          0          0         92   _printf_dec.o
         6          0          0          0          0          0   _printf_f.o
      1050          0          0          0          0        216   _printf_fp_dec.o
       128         16          0          0          0         84   _printf_fp_infnan.o
       178          0          0          0          0         88   _printf_intcommon.o
         0          0          0          0          0          0   _printf_percent.o
         4          0          0          0          0          0   _printf_percent_end.o
        82          0          0          0          0         80   _printf_str.o
         6          0          0          0          0          0   _printf_u.o
        22          0          0          0          0        100   _rserrno.o
        10          0          0          0          0         68   _sputc.o
        16          0          0          0          0         68   aeabi_memset.o
       220          4        148          0          0         96   bigflt0.o
      1910        128          0          0          0        672   btod.o
        12          0          0          0          0         72   exit.o
         8          0          0          0          0         68   ferror.o
         6          0          0          0          0        152   heapauxi.o
        44         10         28          0          0         76   lc_numeric_c.o
         2          0          0          0          0          0   libinit.o
        22          0          0          0          0          0   libinit2.o
         2          0          0          0          0          0   libshutdown.o
         2          0          0          0          0          0   libshutdown2.o
         8          4          0          0         96         68   libspace.o
       138          0          0          0          0         80   lludiv10.o
        24          4          0          0          0         84   noretval__2printf.o
        40          6          0          0          0         84   noretval__2sprintf.o
         8          4          0          0          0         68   rt_errno_addr_intlibspace.o
         8          4          0          0          0         68   rt_locale_intlibspace.o
        68          0          0          0          0         68   rt_memclr.o
        78          0          0          0          0         80   rt_memclr_w.o
       138          0          0          0          0         68   rt_memcpy_v6.o
       100          0          0          0          0         80   rt_memcpy_w.o
         2          0          0          0          0          0   rtexit.o
        10          0          0          0          0          0   rtexit2.o
       128          0          0          0          0         68   strcmpv7m.o
        72          0          0          0          0         80   strcpy.o
        62          0          0          0          0         76   strlen.o
        74          0          0          0          0         80   sys_stackheap_outer.o
         2          0          0          0          0         68   use_no_semi.o
         2          0          0          0          0         68   use_no_semi_2.o
        24          0          0          0          0        164   basic.o
        98          4          0          0          0        140   d2f.o
       826         16          0          0          0        492   daddsub_clz.o
        24          0          0          0          0        116   dcmpi.o
       688        140          0          0          0        256   ddiv.o
        46          0          0          0          0        116   dflt_clz.o
       120          4          0          0          0        140   dleqf.o
       340         12          0          0          0        152   dmul.o
       156          4          0          0          0        140   dnaninf.o
        12          0          0          0          0        116   dretinf.o
       108          0          0          0          0        128   drleqf.o
       408         56          0          0          0        168   dsqrt_umaal.o
        86          4          0          0          0        132   f2d.o
       140          4          0          0          0        132   fnaninf.o
        10          0          0          0          0        116   fpinit.o
        10          0          0          0          0        116   fretinf.o
         4          0          0          0          0        116   printf1.o
         0          0          0          0          0          0   usenofp.o
       864         94         80          0          0        280   asin.o
       744        106        152          0          0        352   atan.o
       496         64          0          0          0        192   atan2.o
       104         16          0          0          0        496   dunder.o
        44          0          0          0          0        248   fabs.o
        48          0          0          0          0        124   fpclassify.o
       248          0          0          0          0        152   poly.o
         0          0          8          0          0          0   qnan.o
       232          0          0          0          0        296   sqrt.o

    ----------------------------------------------------------------------
     11130        738        416          0         96       8436   Library Totals
        30          0          0          0          0          0   (incl. Padding)

    ----------------------------------------------------------------------

      Code (inc. data)   RO Data    RW Data    ZI Data      Debug   Library Name

      5220        214        176          0         96       3556   c_w.l
      3100        244          0          0          0       2740   fz_wm.l
      2780        280        240          0          0       2140   m_wm.l

    ----------------------------------------------------------------------
     11130        738        416          0         96       8436   Library Totals

    ----------------------------------------------------------------------

==============================================================================


      Code (inc. data)   RO Data    RW Data    ZI Data      Debug   

     57914       3100       1158        440      80136     839614   Grand Totals
     57914       3100       1158         80      80136     839614   ELF Image Totals (compressed)
     57914       3100       1158         80          0          0   ROM Totals

==============================================================================

    Total RO  Size (Code + RO Data)                59072 (  57.69kB)
    Total RW  Size (RW Data + ZI Data)             80576 (  78.69kB)
    Total ROM Size (Code + RO Data + RW Data)      59152 (  57.77kB)

==============================================================================

