<html>
<body>
<pre>
<h1>礦ision Build Log</h1>
<h2>Tool Versions:</h2>
IDE-Version: μVision V5.29.0.0
Copyright (C) 2019 ARM Ltd and ARM Germany GmbH. All rights reserved.
License Information: uhuih gtg, ffsgdh, LIC=4ZLZ9-4TSTQ-LVT1I-T5EGU-SI4FQ-XM509
 
Tool Versions:
Toolchain:       MDK-ARM Professional  Version: 5.29.0.0
Toolchain Path:  E:\keil5\ARM\ARMCC\Bin
C Compiler:      Armcc.exe V5.06 update 6 (build 750)
Assembler:       Armasm.exe V5.06 update 6 (build 750)
Linker/Locator:  ArmLink.exe V5.06 update 6 (build 750)
Library Manager: ArmAr.exe V5.06 update 6 (build 750)
Hex Converter:   FromElf.exe V5.06 update 6 (build 750)
CPU DLL:         SARMCM3.DLL V5.29.0.0
Dialog DLL:      DCM.DLL V1.17.3.0
Target DLL:      Segger\JL2CM3.dll V2.99.36.0
Dialog DLL:      TCM.DLL V1.36.5.0
 
<h2>Project:</h2>
F:\机器人基地资料\邓金海\调车\3号步兵(克老板)\Infantry_FreeRTOS_2019\USER\Hero2019.uvprojx
Project File Date:  01/15/2020

<h2>Output:</h2>
*** Using Compiler 'V5.06 update 6 (build 750)', folder: 'E:\keil5\ARM\ARMCC\Bin'
Build target 'Infatry_V2'
compiling calibrate_task.c...
compiling INS_task.c...
compiling gimbal_task.c...
..\App\gimbal_task.c(262): warning:  #1295-D: Deprecated declaration getFireMode - give arg types
  extern 	uint8_t getFireMode();
..\App\gimbal_task.c: 1 warning, 0 errors
compiling start_task.c...
compiling chassis_task.c...
..\App\chassis_task.c(534): warning:  #1035-D: single-precision operand implicitly converted to double-precision
  	error_out = (60.0f - GetPowerBuffer()) * 0.02560;//0.0195f;	
..\App\chassis_task.c: 1 warning, 0 errors
linking...
Program Size: Code=80664 RO-data=3848 RW-data=660 ZI-data=92532  
FromELF: creating hex file...
"..\OBJ\CAN.axf" - 0 Error(s), 2 Warning(s).

<h2>Software Packages used:</h2>

Package Vendor: Keil
                http://www.keil.com/pack/Keil.STM32F4xx_DFP.2.5.0.pack
                Keil.STM32F4xx_DFP.2.5.0
                STMicroelectronics STM32F4 Series Device Support, Drivers and Examples

<h2>Collection of Component include folders:</h2>
  .\RTE\_Infatry_V2
  E:\keil5\Keil\STM32F4xx_DFP\2.5.0\Drivers\CMSIS\Device\ST\STM32F4xx\Include

<h2>Collection of Component Files used:</h2>
Build Time Elapsed:  00:00:06
</pre>
</body>
</html>
