Component: ARM Compiler 5.06 update 6 (build 750) Tool: armlink [4d35ed]

==============================================================================

Section Cross References

    main.o(.text) refers to misc.o(.text) for NVIC_PriorityGroupConfig
    main.o(.text) refers to delay.o(.text) for delay_init
    main.o(.text) refers to basicperipherals.o(.text) for BasicPreiph_Init
    main.o(.text) refers to buzzer.o(.text) for buzzer_init
    main.o(.text) refers to frictionmoterpwm.o(.text) for FrictionMoterPWM_Init
    main.o(.text) refers to usart.o(.text) for uart_init
    main.o(.text) refers to motorcan.o(.text) for MoterCanInit
    main.o(.text) refers to mainfocus_usart.o(.text) for MainFocusConfig
    main.o(.text) refers to usart6.o(.text) for USART6_Init
    main.o(.text) refers to adc.o(.text) for temperature_ADC_init
    main.o(.text) refers to power_ctrl.o(.text) for power_ctrl_configuration
    main.o(.text) refers to remotdbus.o(.text) for RemotDbus_Init
    main.o(.text) refers to calibrate_task.o(.text) for cali_param_init
    main.o(.text) refers to start_task.o(.text) for StartTask
    main.o(.text) refers to tasks.o(.text) for vTaskStartScheduler
    stm32f4xx_it.o(.text) refers to stm32f4xx_exti.o(.text) for EXTI_GetITStatus
    stm32f4xx_it.o(.text) refers to stm32f4xx_usart.o(.text) for USART_GetITStatus
    stm32f4xx_it.o(.text) refers to stm32f4xx_dma.o(.text) for DMA_GetCurrentMemoryTarget
    stm32f4xx_it.o(.text) refers to remotdbus.o(.text) for SBUS_TO_RC
    stm32f4xx_it.o(.text) refers to detect_task.o(.text) for DetectHook
    stm32f4xx_it.o(.text) refers to stm32f4xx_can.o(.text) for CAN_GetITStatus
    stm32f4xx_it.o(.text) refers to motorcan.o(.text) for CAN_hook
    stm32f4xx_it.o(.text) refers to stm32f4xx_tim.o(.text) for TIM_GetITStatus
    stm32f4xx_it.o(.text) refers to auto_attacktask.o(.text) for receiveMainFocusData
    stm32f4xx_it.o(.text) refers to stm32f4xx_it.o(.data) for this_time_rx_len
    stm32f4xx_it.o(.text) refers to remotdbus.o(.bss) for rc_ctrl
    stm32f4xx_it.o(.text) refers to auto_attacktask.o(.bss) for mainfocus_rx_buffer
    system_stm32f4xx.o(.text) refers to system_stm32f4xx.o(.data) for SystemCoreClock
    basicperipherals.o(.text) refers to stm32f4xx_rcc.o(.text) for RCC_AHB1PeriphClockCmd
    basicperipherals.o(.text) refers to stm32f4xx_gpio.o(.text) for GPIO_Init
    basicperipherals.o(.text) refers to stm32f4xx_tim.o(.text) for TIM_TimeBaseInit
    basicperipherals.o(.text) refers to stm32f4xx_syscfg.o(.text) for SYSCFG_EXTILineConfig
    basicperipherals.o(.text) refers to stm32f4xx_exti.o(.text) for EXTI_Init
    basicperipherals.o(.text) refers to misc.o(.text) for NVIC_Init
    basicperipherals.o(.text) refers to tasks.o(.text) for vTaskDelay
    basicperipherals.o(.text) refers to basicperipherals.o(.data) for FreeRTOSRunTimeTicks
    remotdbus.o(.text) refers to stm32f4xx_rcc.o(.text) for RCC_AHB1PeriphClockCmd
    remotdbus.o(.text) refers to stm32f4xx_gpio.o(.text) for GPIO_Init
    remotdbus.o(.text) refers to stm32f4xx_usart.o(.text) for USART_DeInit
    remotdbus.o(.text) refers to misc.o(.text) for NVIC_Init
    remotdbus.o(.text) refers to stm32f4xx_dma.o(.text) for DMA_Cmd
    remotdbus.o(.text) refers to remotdbus.o(.bss) for sbus_rx_buffer
    frictionmoterpwm.o(.text) refers to stm32f4xx_rcc.o(.text) for RCC_APB1PeriphClockCmd
    frictionmoterpwm.o(.text) refers to stm32f4xx_gpio.o(.text) for GPIO_PinAFConfig
    frictionmoterpwm.o(.text) refers to stm32f4xx_tim.o(.text) for TIM_TimeBaseInit
    motorcan.o(.text) refers to stm32f4xx_rcc.o(.text) for RCC_APB1PeriphClockCmd
    motorcan.o(.text) refers to stm32f4xx_gpio.o(.text) for GPIO_Init
    motorcan.o(.text) refers to misc.o(.text) for NVIC_Init
    motorcan.o(.text) refers to stm32f4xx_can.o(.text) for CAN_DeInit
    motorcan.o(.text) refers to detect_task.o(.text) for DetectHook
    motorcan.o(.text) refers to motorcan.o(.bss) for motor_yaw
    motorcan.o(.text) refers to motorcan.o(.data) for i
    stmflash.o(.text) refers to stm32f4xx_flash.o(.text) for FLASH_Unlock
    mainfocus_usart.o(.text) refers to stm32f4xx_rcc.o(.text) for RCC_APB1PeriphClockCmd
    mainfocus_usart.o(.text) refers to stm32f4xx_gpio.o(.text) for GPIO_PinAFConfig
    mainfocus_usart.o(.text) refers to stm32f4xx_dma.o(.text) for DMA_DeInit
    mainfocus_usart.o(.text) refers to stm32f4xx_usart.o(.text) for USART_DeInit
    mainfocus_usart.o(.text) refers to misc.o(.text) for NVIC_Init
    mainfocus_usart.o(.text) refers to auto_attacktask.o(.bss) for mainfocus_rx_buffer
    adc.o(.text) refers to stm32f4xx_adc.o(.text) for ADC_Init
    adc.o(.text) refers to stm32f4xx_rcc.o(.text) for RCC_APB2PeriphClockCmd
    buzzer.o(.text) refers to stm32f4xx_tim.o(.text) for TIM_SetCompare1
    buzzer.o(.text) refers to stm32f4xx_rcc.o(.text) for RCC_APB1PeriphClockCmd
    buzzer.o(.text) refers to stm32f4xx_gpio.o(.text) for GPIO_PinAFConfig
[...]
    FLASH_OB_GetRDP                          0x0800617d   Thumb Code    20  stm32f4xx_flash.o(.text)
    FLASH_OB_GetBOR                          0x08006191   Thumb Code    12  stm32f4xx_flash.o(.text)
    FLASH_ITConfig                           0x0800619d   Thumb Code    26  stm32f4xx_flash.o(.text)
    FLASH_GetFlagStatus                      0x080061b7   Thumb Code    22  stm32f4xx_flash.o(.text)
    FLASH_ClearFlag                          0x080061cd   Thumb Code     8  stm32f4xx_flash.o(.text)
    EXTI_DeInit                              0x080061e1   Thumb Code    28  stm32f4xx_exti.o(.text)
    EXTI_Init                                0x080061fd   Thumb Code   142  stm32f4xx_exti.o(.text)
    EXTI_StructInit                          0x0800628b   Thumb Code    16  stm32f4xx_exti.o(.text)
    EXTI_GenerateSWInterrupt                 0x0800629b   Thumb Code    16  stm32f4xx_exti.o(.text)
    EXTI_GetFlagStatus                       0x080062ab   Thumb Code    22  stm32f4xx_exti.o(.text)
    EXTI_ClearFlag                           0x080062c1   Thumb Code     8  stm32f4xx_exti.o(.text)
    EXTI_GetITStatus                         0x080062c9   Thumb Code    22  stm32f4xx_exti.o(.text)
    EXTI_ClearITPendingBit                   0x080062df   Thumb Code     8  stm32f4xx_exti.o(.text)
    ADC_DeInit                               0x080062f1   Thumb Code    22  stm32f4xx_adc.o(.text)
    ADC_Init                                 0x08006307   Thumb Code    74  stm32f4xx_adc.o(.text)
    ADC_StructInit                           0x08006351   Thumb Code    20  stm32f4xx_adc.o(.text)
    ADC_CommonInit                           0x08006365   Thumb Code    34  stm32f4xx_adc.o(.text)
    ADC_CommonStructInit                     0x08006387   Thumb Code    12  stm32f4xx_adc.o(.text)
    ADC_Cmd                                  0x08006393   Thumb Code    22  stm32f4xx_adc.o(.text)
    ADC_AnalogWatchdogCmd                    0x080063a9   Thumb Code    16  stm32f4xx_adc.o(.text)
    ADC_AnalogWatchdogThresholdsConfig       0x080063b9   Thumb Code     6  stm32f4xx_adc.o(.text)
    ADC_AnalogWatchdogSingleChannelConfig    0x080063bf   Thumb Code    16  stm32f4xx_adc.o(.text)
    ADC_TempSensorVrefintCmd                 0x080063cf   Thumb Code    34  stm32f4xx_adc.o(.text)
    ADC_VBATCmd                              0x080063f1   Thumb Code    34  stm32f4xx_adc.o(.text)
    ADC_RegularChannelConfig                 0x08006413   Thumb Code   184  stm32f4xx_adc.o(.text)
    ADC_SoftwareStartConv                    0x080064cb   Thumb Code    10  stm32f4xx_adc.o(.text)
    ADC_GetSoftwareStartConvStatus           0x080064d5   Thumb Code    20  stm32f4xx_adc.o(.text)
    ADC_EOCOnEachRegularChannelCmd           0x080064e9   Thumb Code    22  stm32f4xx_adc.o(.text)
    ADC_ContinuousModeCmd                    0x080064ff   Thumb Code    22  stm32f4xx_adc.o(.text)
    ADC_DiscModeChannelCountConfig           0x08006515   Thumb Code    24  stm32f4xx_adc.o(.text)
    ADC_DiscModeCmd                          0x0800652d   Thumb Code    22  stm32f4xx_adc.o(.text)
    ADC_GetConversionValue                   0x08006543   Thumb Code     8  stm32f4xx_adc.o(.text)
    ADC_GetMultiModeConversionValue          0x0800654b   Thumb Code     8  stm32f4xx_adc.o(.text)
    ADC_DMACmd                               0x08006553   Thumb Code    22  stm32f4xx_adc.o(.text)
    ADC_DMARequestAfterLastTransferCmd       0x08006569   Thumb Code    22  stm32f4xx_adc.o(.text)
    ADC_MultiModeDMARequestAfterLastTransferCmd 0x0800657f   Thumb Code    34  stm32f4xx_adc.o(.text)
    ADC_InjectedChannelConfig                0x080065a1   Thumb Code   130  stm32f4xx_adc.o(.text)
    ADC_InjectedSequencerLengthConfig        0x08006623   Thumb Code    24  stm32f4xx_adc.o(.text)
    ADC_SetInjectedOffset                    0x0800663b   Thumb Code    20  stm32f4xx_adc.o(.text)
    ADC_ExternalTrigInjectedConvConfig       0x0800664f   Thumb Code    16  stm32f4xx_adc.o(.text)
    ADC_ExternalTrigInjectedConvEdgeConfig   0x0800665f   Thumb Code    16  stm32f4xx_adc.o(.text)
    ADC_SoftwareStartInjectedConv            0x0800666f   Thumb Code    10  stm32f4xx_adc.o(.text)
    ADC_GetSoftwareStartInjectedConvCmdStatus 0x08006679   Thumb Code    20  stm32f4xx_adc.o(.text)
    ADC_AutoInjectedConvCmd                  0x0800668d   Thumb Code    22  stm32f4xx_adc.o(.text)
    ADC_InjectedDiscModeCmd                  0x080066a3   Thumb Code    22  stm32f4xx_adc.o(.text)
    ADC_GetInjectedConversionValue           0x080066b9   Thumb Code    28  stm32f4xx_adc.o(.text)
    ADC_ITConfig                             0x080066d5   Thumb Code    56  stm32f4xx_adc.o(.text)
    ADC_GetFlagStatus                        0x0800670d   Thumb Code    18  stm32f4xx_adc.o(.text)
    ADC_ClearFlag                            0x0800671f   Thumb Code     6  stm32f4xx_adc.o(.text)
    ADC_GetITStatus                          0x08006725   Thumb Code    38  stm32f4xx_adc.o(.text)
    ADC_ClearITPendingBit                    0x0800674b   Thumb Code    10  stm32f4xx_adc.o(.text)
    pvPortMalloc                             0x08006817   Thumb Code   296  heap_4.o(.text)
    vPortFree                                0x0800693f   Thumb Code   140  heap_4.o(.text)
    xPortGetFreeHeapSize                     0x080069cb   Thumb Code     6  heap_4.o(.text)
    xPortGetMinimumEverFreeHeapSize          0x080069d1   Thumb Code     6  heap_4.o(.text)
    vPortInitialiseBlocks                    0x080069d7   Thumb Code     2  heap_4.o(.text)
    pxPortInitialiseStack                    0x08006a2d   Thumb Code    38  port.o(.text)
    vPortSetupTimerInterrupt                 0x08006a53   Thumb Code    36  port.o(.text)
    xPortStartScheduler                      0x08006a77   Thumb Code   330  port.o(.text)
    vPortEndScheduler                        0x08006bc1   Thumb Code    42  port.o(.text)
    vPortEnterCritical                       0x08006beb   Thumb Code    78  port.o(.text)
    vPortExitCritical                        0x08006c39   Thumb Code    56  port.o(.text)
    xPortSysTickHandler                      0x08006c71   Thumb Code    48  port.o(.text)
    vPortValidateInterruptPriority           0x08006ca1   Thumb Code   108  port.o(.text)
    vListInitialise                          0x08006d31   Thumb Code    26  list.o(.text)
    vListInitialiseItem                      0x08006d4b   Thumb Code     6  list.o(.text)
    vListInsertEnd                           0x08006d51   Thumb Code    24  list.o(.text)
    vListInsert                              0x08006d69   Thumb Code    52  list.o(.text)
    uxListRemove                             0x08006d9d   Thumb Code    40  list.o(.text)
    xQueueGenericReset                       0x08006dc5   Thumb Code   146  queue.o(.text)
    xQueueGenericCreate                      0x08006e81   Thumb Code    90  queue.o(.text)
    xQueueGenericSend                        0x08006ff5   Thumb Code   420  queue.o(.text)
    xQueueCreateMutex                        0x080071b7   Thumb Code    34  queue.o(.text)
    xQueueGiveMutexRecursive                 0x080071d9   Thumb Code    78  queue.o(.text)
    xQueueSemaphoreTake                      0x08007255   Thumb Code   434  queue.o(.text)
    xQueueTakeMutexRecursive                 0x08007407   Thumb Code    78  queue.o(.text)
    xQueueCreateCountingSemaphore            0x08007455   Thumb Code    92  queue.o(.text)
    xQueueGenericSendFromISR                 0x080074b1   Thumb Code   248  queue.o(.text)
    xQueueGiveFromISR                        0x080075a9   Thumb Code   224  queue.o(.text)
    xQueueReceive                            0x080076b3   Thumb Code   362  queue.o(.text)
    xQueuePeek                               0x0800781d   Thumb Code   362  queue.o(.text)
    xQueueReceiveFromISR                     0x08007987   Thumb Code   202  queue.o(.text)
    xQueuePeekFromISR                        0x08007a51   Thumb Code   176  queue.o(.text)
    uxQueueMessagesWaiting                   0x08007b01   Thumb Code    42  queue.o(.text)
    uxQueueSpacesAvailable                   0x08007b2b   Thumb Code    52  queue.o(.text)
    uxQueueMessagesWaitingFromISR            0x08007b5f   Thumb Code    34  queue.o(.text)
    vQueueUnregisterQueue                    0x08007b81   Thumb Code    44  queue.o(.text)
    vQueueDelete                             0x08007bad   Thumb Code    44  queue.o(.text)
    uxQueueGetQueueNumber                    0x08007bd9   Thumb Code     6  queue.o(.text)
    vQueueSetQueueNumber                     0x08007bdf   Thumb Code     4  queue.o(.text)
    ucQueueGetQueueType                      0x08007be3   Thumb Code     8  queue.o(.text)
    xQueueIsQueueEmptyFromISR                0x08007beb   Thumb Code    42  queue.o(.text)
    xQueueIsQueueFullFromISR                 0x08007c15   Thumb Code    46  queue.o(.text)
    vQueueAddToRegistry                      0x08007c43   Thumb Code    38  queue.o(.text)
    pcQueueGetName                           0x08007c69   Thumb Code    38  queue.o(.text)
    vQueueWaitForMessageRestricted           0x08007c8f   Thumb Code    74  queue.o(.text)
    xTaskCreate                              0x08007e8d   Thumb Code    96  tasks.o(.text)
    vTaskDelete                              0x08007f29   Thumb Code   202  tasks.o(.text)
    xTaskIncrementTick                       0x08007ff3   Thumb Code   360  tasks.o(.text)
    xTaskResumeAll                           0x0800815b   Thumb Code   224  tasks.o(.text)
    vTaskSuspendAll                          0x080082b7   Thumb Code    12  tasks.o(.text)
    vTaskDelayUntil                          0x080082c3   Thumb Code   200  tasks.o(.text)
    vTaskDelay                               0x0800838b   Thumb Code    82  tasks.o(.text)
    eTaskGetState                            0x080083dd   Thumb Code   128  tasks.o(.text)
    uxTaskPriorityGet                        0x0800845d   Thumb Code    30  tasks.o(.text)
    uxTaskPriorityGetFromISR                 0x0800847b   Thumb Code    62  tasks.o(.text)
    vTaskPrioritySet                         0x080084b9   Thumb Code   324  tasks.o(.text)
    vTaskSwitchContext                       0x080085fd   Thumb Code   170  tasks.o(.text)
    vTaskSuspend                             0x080086a7   Thumb Code   210  tasks.o(.text)
    vTaskResume                              0x080087c9   Thumb Code   128  tasks.o(.text)
    xTaskResumeFromISR                       0x08008849   Thumb Code   158  tasks.o(.text)
    vTaskStartScheduler                      0x08008981   Thumb Code   122  tasks.o(.text)
    vTaskEndScheduler                        0x080089fb   Thumb Code    32  tasks.o(.text)
    xTaskGetTickCount                        0x08008a1b   Thumb Code     6  tasks.o(.text)
    xTaskGetTickCountFromISR                 0x08008a21   Thumb Code    16  tasks.o(.text)
    uxTaskGetNumberOfTasks                   0x08008a31   Thumb Code     6  tasks.o(.text)
    pcTaskGetName                            0x08008a37   Thumb Code    44  tasks.o(.text)
    xTaskGetHandle                           0x08008b13   Thumb Code   142  tasks.o(.text)
    vTaskGetInfo                             0x08008bb7   Thumb Code   126  tasks.o(.text)
    uxTaskGetSystemState                     0x08008c9f   Thumb Code   154  tasks.o(.text)
    vTaskPlaceOnEventList                    0x08008d39   Thumb Code   112  tasks.o(.text)
    vTaskPlaceOnUnorderedEventList           0x08008da9   Thumb Code   100  tasks.o(.text)
    vTaskPlaceOnEventListRestricted          0x08008e0d   Thumb Code    60  tasks.o(.text)
    xTaskRemoveFromEventList                 0x08008e49   Thumb Code   128  tasks.o(.text)
    vTaskRemoveFromUnorderedEventList        0x08008ec9   Thumb Code   142  tasks.o(.text)
    vTaskSetTimeOutState                     0x08008f57   Thumb Code    50  tasks.o(.text)
    vTaskInternalSetTimeOutState             0x08008f89   Thumb Code    14  tasks.o(.text)
    xTaskCheckForTimeOut                     0x08008f97   Thumb Code   132  tasks.o(.text)
    vTaskMissedYield                         0x0800901b   Thumb Code     8  tasks.o(.text)
    uxTaskGetTaskNumber                      0x08009023   Thumb Code    14  tasks.o(.text)
    vTaskSetTaskNumber                       0x08009031   Thumb Code     8  tasks.o(.text)
    xTaskGetCurrentTaskHandle                0x08009039   Thumb Code     6  tasks.o(.text)
    xTaskGetSchedulerState                   0x0800903f   Thumb Code    24  tasks.o(.text)
    xTaskPriorityInherit                     0x08009057   Thumb Code   186  tasks.o(.text)
    xTaskPriorityDisinherit                  0x08009111   Thumb Code   228  tasks.o(.text)
    vTaskPriorityDisinheritAfterTimeout      0x080091f5   Thumb Code   230  tasks.o(.text)
    vTaskList                                0x08009305   Thumb Code   200  tasks.o(.text)
    vTaskGetRunTimeStats                     0x080093cd   Thumb Code   168  tasks.o(.text)
    uxTaskResetEventItemValue                0x08009475   Thumb Code    24  tasks.o(.text)
    pvTaskIncrementMutexHeldCount            0x0800948d   Thumb Code    26  tasks.o(.text)
    ulTaskNotifyTake                         0x080094a7   Thumb Code   108  tasks.o(.text)
    xTaskNotifyWait                          0x08009513   Thumb Code   150  tasks.o(.text)
    xTaskGenericNotify                       0x080095a9   Thumb Code   340  tasks.o(.text)
    xTaskGenericNotifyFromISR                0x080096fd   Thumb Code   334  tasks.o(.text)
    vTaskNotifyGiveFromISR                   0x0800984b   Thumb Code   214  tasks.o(.text)
    xTaskNotifyStateClear                    0x08009921   Thumb Code    48  tasks.o(.text)
    xTimerGenericCommand                     0x080099bd   Thumb Code   126  timers.o(.text)
    xTimerCreateTimerTask                    0x08009d33   Thumb Code   118  timers.o(.text)
    xTimerCreate                             0x08009df7   Thumb Code    48  timers.o(.text)
    xTimerGetTimerDaemonTaskHandle           0x08009e27   Thumb Code    42  timers.o(.text)
    xTimerGetPeriod                          0x08009e51   Thumb Code    32  timers.o(.text)
    xTimerGetExpiryTime                      0x08009e71   Thumb Code    34  timers.o(.text)
    pcTimerGetName                           0x08009e93   Thumb Code    32  timers.o(.text)
    xTimerIsTimerActive                      0x08009eb3   Thumb Code    62  timers.o(.text)
    pvTimerGetTimerID                        0x08009ef1   Thumb Code    44  timers.o(.text)
    vTimerSetTimerID                         0x08009f1d   Thumb Code    44  timers.o(.text)
    uxTimerGetTimerNumber                    0x08009f49   Thumb Code     6  timers.o(.text)
    vTimerSetTimerNumber                     0x08009f4f   Thumb Code     4  timers.o(.text)
    calibrate_task                           0x0800a289   Thumb Code   348  calibrate_task.o(.text)
    get_control_temperate                    0x0800a3e5   Thumb Code     8  calibrate_task.o(.text)
    cali_param_init                          0x0800a4d1   Thumb Code   168  calibrate_task.o(.text)
    getFlashLatitude                         0x0800a687   Thumb Code    32  calibrate_task.o(.text)
    DetectTask                               0x0800a8ed   Thumb Code   686  detect_task.o(.text)
    toe_is_error                             0x0800ab9b   Thumb Code    20  detect_task.o(.text)
    DetectHook                               0x0800abaf   Thumb Code   288  detect_task.o(.text)
    getErrorListPoint                        0x0800accf   Thumb Code     4  detect_task.o(.text)
    gimbal_behaviour_mode_set                0x0800ae7d   Thumb Code   162  gimbal_behaviour.o(.text)
    gimbal_behaviour_control_set             0x0800b331   Thumb Code   440  gimbal_behaviour.o(.text)
    gimbal_cmd_to_chassis_stop               0x0800b4e9   Thumb Code    30  gimbal_behaviour.o(.text)
    gimbal_cmd_to_shoot_stop                 0x0800b507   Thumb Code    90  gimbal_behaviour.o(.text)
    IsGimbalMotionless                       0x0800b561   Thumb Code    16  gimbal_behaviour.o(.text)
    getEenmyColor                            0x0800b773   Thumb Code    60  gimbal_task.o(.text)
    GIMBAL_task                              0x0800bf09   Thumb Code   180  gimbal_task.o(.text)
    set_cali_gimbal_hook                     0x0800bfbd   Thumb Code    28  gimbal_task.o(.text)
    cmd_cali_gimbal_hook                     0x0800c0cb   Thumb Code   194  gimbal_task.o(.text)
    get_yaw_motor_point                      0x0800c18d   Thumb Code     6  gimbal_task.o(.text)
    get_pitch_motor_point                    0x0800c193   Thumb Code     6  gimbal_task.o(.text)
    getPitchAngle                            0x0800c199   Thumb Code    34  gimbal_task.o(.text)
    INSTask                                  0x0800c39b   Thumb Code   828  ins_task.o(.text)
    INS_cali_gyro                            0x0800c6d7   Thumb Code    96  ins_task.o(.text)
    INS_set_cali_gyro                        0x0800c737   Thumb Code    28  ins_task.o(.text)
    get_INS_angle_point                      0x0800c753   Thumb Code     4  ins_task.o(.text)
    get_MPU6500_Gyro_Data_Point              0x0800c757   Thumb Code     4  ins_task.o(.text)
    get_MPU6500_Accel_Data_Point             0x0800c75b   Thumb Code     4  ins_task.o(.text)
    EXTI9_5_IRQHandler                       0x0800c75f   Thumb Code    32  ins_task.o(.text)
    DMA2_Stream5_IRQHandler                  0x0800c77f   Thumb Code    66  ins_task.o(.text)
    PID_Init                                 0x0800c7f5   Thumb Code    92  pid.o(.text)
    PID_Calc                                 0x0800c851   Thumb Code   492  pid.o(.text)
    PID_clear                                0x0800ca3d   Thumb Code    72  pid.o(.text)
    UsartDebugTask                           0x0800ca89   Thumb Code   118  start_task.o(.text)
    Send_ClientData_Task                     0x0800caff   Thumb Code    26  start_task.o(.text)
    Sned_MainFoucs_Task                      0x0800cb19   Thumb Code    46  start_task.o(.text)
    start_task                               0x0800cb47   Thumb Code   216  start_task.o(.text)
    StartTask                                0x0800cc1f   Thumb Code    26  start_task.o(.text)
    invSqrt                                  0x0800cd21   Thumb Code    56  user_lib.o(.text)
    ramp_init                                0x0800cd59   Thumb Code    40  user_lib.o(.text)
    ramp_calc                                0x0800cd81   Thumb Code    90  user_lib.o(.text)
    first_order_filter_init                  0x0800cddb   Thumb Code    32  user_lib.o(.text)
    first_order_filter_cali                  0x0800cdfb   Thumb Code    84  user_lib.o(.text)
    abs_limit                                0x0800ce4f   Thumb Code    48  user_lib.o(.text)
    sign                                     0x0800ce7f   Thumb Code    26  user_lib.o(.text)
    fp32_deadline                            0x0800ce99   Thumb Code    30  user_lib.o(.text)
    int16_deadline                           0x0800ceb7   Thumb Code    12  user_lib.o(.text)
    fp32_constrain                           0x0800cec3   Thumb Code    42  user_lib.o(.text)
    int16_constrain                          0x0800ceed   Thumb Code    22  user_lib.o(.text)
    loop_fp32_constrain                      0x0800cf03   Thumb Code    96  user_lib.o(.text)
    theta_format                             0x0800cf63   Thumb Code    24  user_lib.o(.text)
    send_data                                0x0800cf8d   Thumb Code    78  auto_attacktask.o(.text)
    receiveMainFocusData                     0x0800cfdb   Thumb Code   180  auto_attacktask.o(.text)
    GetAutoDataPoint                         0x0800d08f   Thumb Code     4  auto_attacktask.o(.text)
    iSIdentifySuccess                        0x0800d093   Thumb Code    20  auto_attacktask.o(.text)
    chassis_behaviour_mode_set               0x0800d0c9   Thumb Code   142  chassis_behaviour.o(.text)
    chassis_behaviour_control_set            0x0800d395   Thumb Code   156  chassis_behaviour.o(.text)
    isChassisSwing                           0x0800d431   Thumb Code     6  chassis_behaviour.o(.text)
    chassis_task                             0x0800dbe1   Thumb Code   188  chassis_task.o(.text)
    chassis_rc_to_control_vector             0x0800dc9d   Thumb Code   558  chassis_task.o(.text)
    GetChassisMaxOutput                      0x0800decb   Thumb Code     8  chassis_task.o(.text)
    getChassisGive_current                   0x0800ded3   Thumb Code     6  chassis_task.o(.text)
    shoot_init                               0x0800e0d7   Thumb Code   172  shoot.o(.text)
    shoot_control_loop                       0x0800e19b   Thumb Code   760  shoot.o(.text)
    IsPowerOf2                               0x0800e52d   Thumb Code    48  circular_buffer.o(.text)
    RoundUp_PowerOf2                         0x0800e55d   Thumb Code    56  circular_buffer.o(.text)
    RoundDown_PowerOf2                       0x0800e595   Thumb Code    56  circular_buffer.o(.text)
    CircBuf_Init                             0x0800e5cd   Thumb Code    60  circular_buffer.o(.text)
    CircBuf_Alloc                            0x0800e609   Thumb Code    74  circular_buffer.o(.text)
    CircBuf_Free                             0x0800e653   Thumb Code    14  circular_buffer.o(.text)
    CircBuf_Push                             0x0800e661   Thumb Code   116  circular_buffer.o(.text)
    CircBuf_Pop                              0x0800e6d5   Thumb Code   108  circular_buffer.o(.text)
    CircBuf_PopOneChar                       0x0800e741   Thumb Code    18  circular_buffer.o(.text)
    CircBuf_At                               0x0800e753   Thumb Code    22  circular_buffer.o(.text)
    CircBuf_Drop                             0x0800e769   Thumb Code    24  circular_buffer.o(.text)
    CircBuf_GetAvalaibleSize                 0x0800e781   Thumb Code    22  circular_buffer.o(.text)
    CircBuf_GetUsedSize                      0x0800e797   Thumb Code    10  circular_buffer.o(.text)
    CircBuf_IsEmpty                          0x0800e7a1   Thumb Code    22  circular_buffer.o(.text)
    CircBuf_IsFull                           0x0800e7b7   Thumb Code    26  circular_buffer.o(.text)
    Get_CRC16_Check_Sum                      0x0800e7d1   Thumb Code    46  referee_dispatchtask.o(.text)
    Verify_CRC16_Check_Sum                   0x0800e7ff   Thumb Code    60  referee_dispatchtask.o(.text)
    Get_CRC8_Check_Sum                       0x0800e83b   Thumb Code    30  referee_dispatchtask.o(.text)
    Verify_CRC8_Check_Sum                    0x0800e859   Thumb Code    46  referee_dispatchtask.o(.text)
    DispchRefereeTask                        0x0800e887   Thumb Code   564  referee_dispatchtask.o(.text)
    GetEenmyColor                            0x0800eabb   Thumb Code    42  referee_dispatchtask.o(.text)
    GetRealPower                             0x0800eae5   Thumb Code    10  referee_dispatchtask.o(.text)
    GetPowerBuffer                           0x0800eaef   Thumb Code    14  referee_dispatchtask.o(.text)
    GetRefereeDataPoint                      0x0800eafd   Thumb Code     4  referee_dispatchtask.o(.text)
    Append_CRC16_Check_Sum                   0x0800eb01   Thumb Code    44  referee_dispatchtask.o(.text)
    Append_CRC8_Check_Sum                    0x0800eb2d   Thumb Code    36  referee_dispatchtask.o(.text)
    SendDataToClient                         0x0800eb51   Thumb Code   180  referee_dispatchtask.o(.text)
    AHRS_get_height                          0x0800ec05   Thumb Code    12  ahrs_middleware.o(.text)
    AHRS_get_latitude                        0x0800ec11   Thumb Code    12  ahrs_middleware.o(.text)
    AHRS_invSqrt                             0x0800ec1d   Thumb Code    56  ahrs_middleware.o(.text)
    AHRS_sinf                                0x0800ec55   Thumb Code    24  ahrs_middleware.o(.text)
    AHRS_cosf                                0x0800ec6d   Thumb Code    24  ahrs_middleware.o(.text)
    AHRS_tanf                                0x0800ec85   Thumb Code    24  ahrs_middleware.o(.text)
    AHRS_asinf                               0x0800ec9d   Thumb Code    24  ahrs_middleware.o(.text)
    AHRS_acosf                               0x0800ecb5   Thumb Code    24  ahrs_middleware.o(.text)
    AHRS_atan2f                              0x0800eccd   Thumb Code    32  ahrs_middleware.o(.text)
    ist8310_init                             0x0800ecf9   Thumb Code   140  ist8310driver.o(.text)
    ist8310_read_over                        0x0800ed85   Thumb Code   126  ist8310driver.o(.text)
    ist8310_read_mag                         0x0800ee03   Thumb Code   136  ist8310driver.o(.text)
    ist8310_GPIO_init                        0x0800ee95   Thumb Code    84  ist8310driver_middleware.o(.text)
    ist8310_com_init                         0x0800eee9   Thumb Code     2  ist8310driver_middleware.o(.text)
    ist8310_auto_com_by_mpu6500              0x0800eeeb   Thumb Code    20  ist8310driver_middleware.o(.text)
    ist8310_delay_us                         0x0800eeff   Thumb Code    12  ist8310driver_middleware.o(.text)
    ist8310_IIC_read_single_reg              0x0800ef0b   Thumb Code    40  ist8310driver_middleware.o(.text)
    ist8310_IIC_write_single_reg             0x0800ef33   Thumb Code    32  ist8310driver_middleware.o(.text)
    ist8310_IIC_read_muli_reg                0x0800ef53   Thumb Code    34  ist8310driver_middleware.o(.text)
    ist8310_IIC_write_muli_reg               0x0800ef75   Thumb Code    42  ist8310driver_middleware.o(.text)
    ist8310_delay_ms                         0x0800ef9f   Thumb Code    12  ist8310driver_middleware.o(.text)
    ist8310_RST_H                            0x0800efab   Thumb Code    12  ist8310driver_middleware.o(.text)
    ist8310_RST_L                            0x0800efb7   Thumb Code    12  ist8310driver_middleware.o(.text)
    mpu6500_init                             0x0800efd5   Thumb Code   192  mpu6500driver.o(.text)
    mpu6500_read_over                        0x0800f095   Thumb Code   304  mpu6500driver.o(.text)
    gyro_offset                              0x0800f1c5   Thumb Code    98  mpu6500driver.o(.text)
    mpu6500_read_gyro                        0x0800f227   Thumb Code   136  mpu6500driver.o(.text)
    mpu6500_read_accel                       0x0800f2af   Thumb Code   136  mpu6500driver.o(.text)
    mpu6500_read_temp                        0x0800f337   Thumb Code    72  mpu6500driver.o(.text)
    mpu6500_GPIO_init                        0x0800f399   Thumb Code    48  mpu6500driver_middleware.o(.text)
    mpu6500_com_init                         0x0800f3c9   Thumb Code     8  mpu6500driver_middleware.o(.text)
    mpu6500_middleware_delay_ms              0x0800f3d1   Thumb Code    12  mpu6500driver_middleware.o(.text)
    mpu6500_middleware_delay_us              0x0800f3dd   Thumb Code    12  mpu6500driver_middleware.o(.text)
    mpu6500_SPI_NS_H                         0x0800f3e9   Thumb Code    12  mpu6500driver_middleware.o(.text)
    mpu6500_SPI_NS_L                         0x0800f3f5   Thumb Code    12  mpu6500driver_middleware.o(.text)
    mpu6500_write_single_reg                 0x0800f44f   Thumb Code    28  mpu6500driver_middleware.o(.text)
    mpu6500_read_single_reg                  0x0800f46b   Thumb Code    32  mpu6500driver_middleware.o(.text)
    mpu6500_write_muli_reg                   0x0800f48b   Thumb Code    52  mpu6500driver_middleware.o(.text)
    mpu6500_read_muli_reg                    0x0800f4bf   Thumb Code    56  mpu6500driver_middleware.o(.text)
    arm_cos_f32                              0x0800f501   Thumb Code   108  arm_cos_f32.o(.text)
    arm_sin_f32                              0x0800f579   Thumb Code   104  arm_sin_f32.o(.text)
    __use_no_semihosting                     0x0800f5ed   Thumb Code     2  use_no_semi_2.o(.text)
    calloc                                   0x0800f5ef   Thumb Code    40  calloc.o(.text)
    free                                     0x0800f617   Thumb Code    78  h1_free.o(.text)
    __2printf                                0x0800f665   Thumb Code    20  noretval__2printf.o(.text)
    __2sprintf                               0x0800f67d   Thumb Code    34  noretval__2sprintf.o(.text)
    __printf                                 0x0800f6a5   Thumb Code   104  __printf.o(.text)
    _printf_str                              0x0800f70d   Thumb Code    82  _printf_str.o(.text)
    _printf_int_dec                          0x0800f761   Thumb Code   104  _printf_dec.o(.text)
    strcpy                                   0x0800f7d9   Thumb Code    72  strcpy.o(.text)
    strlen                                   0x0800f821   Thumb Code    62  strlen.o(.text)
    __aeabi_memcpy                           0x0800f85f   Thumb Code     0  rt_memcpy_v6.o(.text)
    __rt_memcpy                              0x0800f85f   Thumb Code   138  rt_memcpy_v6.o(.text)
    _memcpy_lastbytes                        0x0800f8c5   Thumb Code     0  rt_memcpy_v6.o(.text)
    __aeabi_memcpy4                          0x0800f8e9   Thumb Code     0  rt_memcpy_w.o(.text)
    __aeabi_memcpy8                          0x0800f8e9   Thumb Code     0  rt_memcpy_w.o(.text)
    __rt_memcpy_w                            0x0800f8e9   Thumb Code   100  rt_memcpy_w.o(.text)
    _memcpy_lastbytes_aligned                0x0800f931   Thumb Code     0  rt_memcpy_w.o(.text)
    __aeabi_memset                           0x0800f94d   Thumb Code    16  aeabi_memset.o(.text)
    __aeabi_memclr4                          0x0800f95d   Thumb Code     0  rt_memclr_w.o(.text)
    __aeabi_memclr8                          0x0800f95d   Thumb Code     0  rt_memclr_w.o(.text)
    __rt_memclr_w                            0x0800f95d   Thumb Code    78  rt_memclr_w.o(.text)
    _memset_w                                0x0800f961   Thumb Code     0  rt_memclr_w.o(.text)
    __use_two_region_memory                  0x0800f9ab   Thumb Code     2  heapauxi.o(.text)
    __rt_heap_escrow                         0x0800f9ad   Thumb Code     2  heapauxi.o(.text)
    __rt_heap_expand                         0x0800f9af   Thumb Code     2  heapauxi.o(.text)
    __I$use$semihosting                      0x0800f9b1   Thumb Code     0  use_no_semi.o(.text)
    __use_no_semihosting_swi                 0x0800f9b1   Thumb Code     2  use_no_semi.o(.text)
    __rt_heap_descriptor                     0x0800f9b5   Thumb Code     8  rt_heap_descriptor_intlibspace.o(.text)
    __use_no_heap                            0x0800f9bd   Thumb Code     2  hguard.o(.text)
    __heap$guard                             0x0800f9bf   Thumb Code     2  hguard.o(.text)
    _terminate_user_alloc                    0x0800f9c1   Thumb Code     2  init_alloc.o(.text)
    _init_user_alloc                         0x0800f9c3   Thumb Code     2  init_alloc.o(.text)
    __Heap_Full                              0x0800f9c5   Thumb Code    34  init_alloc.o(.text)
    __Heap_Broken                            0x0800f9e7   Thumb Code     6  init_alloc.o(.text)
    _init_alloc                              0x0800f9ed   Thumb Code    94  init_alloc.o(.text)
    malloc                                   0x0800fa4b   Thumb Code    94  h1_alloc.o(.text)
    __read_errno                             0x0800faa9   Thumb Code    10  _rserrno.o(.text)
    __set_errno                              0x0800fab3   Thumb Code    12  _rserrno.o(.text)
    _printf_int_common                       0x0800fabf   Thumb Code   178  _printf_intcommon.o(.text)
    __lib_sel_fp_printf                      0x0800fb71   Thumb Code     2  _printf_fp_dec.o(.text)
    _printf_fp_dec_real                      0x0800fd23   Thumb Code   620  _printf_fp_dec.o(.text)
    _printf_char_common                      0x0800ff9b   Thumb Code    32  _printf_char_common.o(.text)
    _sputc                                   0x0800ffc1   Thumb Code    10  _sputc.o(.text)
    _printf_cs_common                        0x0800ffcb   Thumb Code    20  _printf_char.o(.text)
    _printf_char                             0x0800ffdf   Thumb Code    16  _printf_char.o(.text)
    _printf_string                           0x0800ffef   Thumb Code     8  _printf_char.o(.text)
    _printf_char_file                        0x0800fff9   Thumb Code    32  _printf_char_file.o(.text)
    __aeabi_memclr                           0x0801001d   Thumb Code     0  rt_memclr.o(.text)
    __rt_memclr                              0x0801001d   Thumb Code    68  rt_memclr.o(.text)
    _memset                                  0x08010021   Thumb Code     0  rt_memclr.o(.text)
    __user_libspace                          0x08010061   Thumb Code     8  libspace.o(.text)
    __user_perproc_libspace                  0x08010061   Thumb Code     0  libspace.o(.text)
    __user_perthread_libspace                0x08010061   Thumb Code     0  libspace.o(.text)
    __rt_locale                              0x08010069   Thumb Code     8  rt_locale_intlibspace.o(.text)
    __aeabi_errno_addr                       0x08010071   Thumb Code     8  rt_errno_addr_intlibspace.o(.text)
    __errno$intlibspace                      0x08010071   Thumb Code     0  rt_errno_addr_intlibspace.o(.text)
    __rt_errno_addr$intlibspace              0x08010071   Thumb Code     0  rt_errno_addr_intlibspace.o(.text)
    __Heap_Initialize                        0x08010079   Thumb Code    10  h1_init.o(.text)
    __Heap_DescSize                          0x08010083   Thumb Code     4  h1_init.o(.text)
    __Heap_ProvideMemory                     0x08010087   Thumb Code    52  h1_extend.o(.text)
    _ll_udiv10                               0x080100bb   Thumb Code   138  lludiv10.o(.text)
    _fp_trap                                 0x08010145   Thumb Code    44  _fptrap.o(.text)
    _printf_fp_infnan                        0x08010175   Thumb Code   112  _printf_fp_infnan.o(.text)
    _btod_etento                             0x080101f5   Thumb Code   224  bigflt0.o(.text)
    ferror                                   0x080102d9   Thumb Code     8  ferror.o(.text)
    __rt_SIGRTMEM                            0x080102e1   Thumb Code    14  defsig_rtmem_outer.o(.text)
    __user_setup_stackheap                   0x080102ef   Thumb Code    74  sys_stackheap_outer.o(.text)
    exit                                     0x08010339   Thumb Code    18  exit.o(.text)
    __sig_exit                               0x0801034b   Thumb Code    10  defsig_exit.o(.text)
    __rt_SIGFPE                              0x08010355   Thumb Code    14  defsig_fpe_outer.o(.text)
    __rt_SIGRTMEM_inner                      0x08010365   Thumb Code    22  defsig_rtmem_inner.o(.text)
    strcmp                                   0x080103b5   Thumb Code   128  strcmpv7m.o(.text)
    __default_signal_display                 0x08010435   Thumb Code    50  defsig_general.o(.text)
    __rt_SIGFPE_inner                        0x08010469   Thumb Code    62  defsig_fpe_inner.o(.text)
    _btod_d2e                                0x08010515   Thumb Code    62  btod.o(CL$$btod_d2e)
    _d2e_denorm_low                          0x08010553   Thumb Code    70  btod.o(CL$$btod_d2e_denorm_low)
    _d2e_norm_op1                            0x08010599   Thumb Code    96  btod.o(CL$$btod_d2e_norm_op1)
    __btod_div_common                        0x080105f9   Thumb Code   696  btod.o(CL$$btod_div_common)
    _e2e                                     0x08010931   Thumb Code   220  btod.o(CL$$btod_e2e)
    _btod_ediv                               0x08010a0d   Thumb Code    42  btod.o(CL$$btod_ediv)
    _btod_emul                               0x08010a37   Thumb Code    42  btod.o(CL$$btod_emul)
    __btod_mult_common                       0x08010a61   Thumb Code   580  btod.o(CL$$btod_mult_common)
    AHRS_init                                0x08010cc1   Thumb Code   626  ahrs.o(i.AHRS_init)
    AHRS_update                              0x08010f5d   Thumb Code   314  ahrs.o(i.AHRS_update)
    __ARM_fpclassify                         0x08011097   Thumb Code    48  fpclassify.o(i.__ARM_fpclassify)
    __ARM_fpclassifyf                        0x080110c7   Thumb Code    38  fpclassifyf.o(i.__ARM_fpclassifyf)
    __hardfp_acosf                           0x080110ed   Thumb Code   234  acosf.o(i.__hardfp_acosf)
    __hardfp_asinf                           0x08011205   Thumb Code   258  asinf.o(i.__hardfp_asinf)
    __hardfp_atan2f                          0x08011331   Thumb Code   502  atan2f.o(i.__hardfp_atan2f)
    __hardfp_fabs                            0x08011581   Thumb Code    20  fabs.o(i.__hardfp_fabs)
    __hardfp_tanf                            0x08011595   Thumb Code   322  tanf.o(i.__hardfp_tanf)
    __mathlib_flt_infnan                     0x08011711   Thumb Code     6  funder.o(i.__mathlib_flt_infnan)
    __mathlib_flt_infnan2                    0x08011717   Thumb Code     6  funder.o(i.__mathlib_flt_infnan2)
    __mathlib_flt_invalid                    0x0801171d   Thumb Code    10  funder.o(i.__mathlib_flt_invalid)
    __mathlib_flt_underflow                  0x0801172d   Thumb Code    10  funder.o(i.__mathlib_flt_underflow)
    __mathlib_rredf2                         0x0801173d   Thumb Code   316  rredf.o(i.__mathlib_rredf2)
    get_angle                                0x08011d59   Thumb Code   232  ahrs.o(i.get_angle)
    sqrtf                                    0x08011ec5   Thumb Code    62  sqrtf_full.o(i.sqrtf)
    _get_lc_numeric                          0x08011f7d   Thumb Code    44  lc_numeric_c.o(locale$$code)
    __aeabi_d2f                              0x08011fa9   Thumb Code     0  d2f_clz.o(x$fpl$d2f)
    _d2f                                     0x08011fa9   Thumb Code   700  d2f_clz.o(x$fpl$d2f)
    __fpl_dcmp_Inf                           0x0801226d   Thumb Code    24  dcmpi.o(x$fpl$dcmpinf)
    __dflt_normalise                         0x08012285   Thumb Code    26  dflt_clz.o(x$fpl$dfltn)
    __aeabi_cdcmple                          0x080122a1   Thumb Code     0  dleqf.o(x$fpl$dleqf)
    _dcmple                                  0x080122a1   Thumb Code   120  dleqf.o(x$fpl$dleqf)
    __fpl_dcmple_InfNaN                      0x080122f9   Thumb Code     0  dleqf.o(x$fpl$dleqf)
    __aeabi_dmul                             0x08012319   Thumb Code     0  dmul_clz.o(x$fpl$dmul)
    _dmul                                    0x08012319   Thumb Code   440  dmul_clz.o(x$fpl$dmul)
    __fpl_dnaninf                            0x080124d9   Thumb Code   258  dnaninf.o(x$fpl$dnaninf)
    __fpl_drenorm2                           0x080125db   Thumb Code   106  drenorm_clz.o(x$fpl$drenorm)
    __fpl_drenorm1                           0x08012645   Thumb Code     6  drenorm_clz.o(x$fpl$drenorm)
    __fpl_dretinf                            0x0801264b   Thumb Code    12  dretinf.o(x$fpl$dretinf)
    __aeabi_cdrcmple                         0x08012657   Thumb Code     0  drleqf.o(x$fpl$drleqf)
    _drcmple                                 0x08012657   Thumb Code    98  drleqf.o(x$fpl$drleqf)
    __dunder                                 0x080126b9   Thumb Code   314  dunder_clz.o(x$fpl$dunder)
    __dunder_d                               0x080127f3   Thumb Code    64  dunder_clz.o(x$fpl$dunder)
    __fpl_exception                          0x08012835   Thumb Code   454  except.o(x$fpl$exception)
    __aeabi_f2d                              0x08012a21   Thumb Code     0  f2d.o(x$fpl$f2d)
    _f2d                                     0x08012a21   Thumb Code   122  f2d.o(x$fpl$f2d)
    __fpl_fnaninf                            0x08012a9b   Thumb Code   242  fnaninf.o(x$fpl$fnaninf)
    _fp_init                                 0x08012b8d   Thumb Code    10  fpinit.o(x$fpl$fpinit)
    __fplib_config_fpu_vfp                   0x08012b95   Thumb Code     0  fpinit.o(x$fpl$fpinit)
    __fplib_config_pureend_doubles           0x08012b95   Thumb Code     0  fpinit.o(x$fpl$fpinit)
    __fpl_fretinf                            0x08012b97   Thumb Code    10  fretinf.o(x$fpl$fretinf)
    __funder                                 0x08012ba1   Thumb Code   254  funder_clz.o(x$fpl$funder)
    __funder_d                               0x08012c9f   Thumb Code    62  funder_clz.o(x$fpl$funder)
    __ieee_status                            0x08012cdd   Thumb Code    28  istatus.o(x$fpl$ieeestatus)
    _printf_fp_dec                           0x08012cfd   Thumb Code     4  printf1.o(x$fpl$printf1)
    __fpl_return_NaN                         0x08012d01   Thumb Code   178  retnan.o(x$fpl$retnan)
    _fp_trapveneer                           0x08012db3   Thumb Code    36  trapv.o(x$fpl$trapveneer)
    __fpl_cmpreturn                          0x08012dd7   Thumb Code    90  trapv.o(x$fpl$trapveneer)
    __I$use$fp                               0x08012e30   Number         0  usenofp.o(x$fpl$usenofp)
    CRC8_INIT                                0x08012f04   Data           1  referee_dispatchtask.o(.constdata)
    CRC8_TAB                                 0x08012f05   Data         256  referee_dispatchtask.o(.constdata)
    wCRC_Table                               0x08013006   Data         512  referee_dispatchtask.o(.constdata)
    sinTable_f32                             0x08013248   Data        2052  arm_common_tables.o(.constdata)
    Region$$Table$$Base                      0x08013b00   Number         0  anon$$obj.o(Region$$Table)
    Region$$Table$$Limit                     0x08013b20   Number         0  anon$$obj.o(Region$$Table)
    failcnt                                  0x20000000   Data           2  stm32f4xx_it.o(.data)
    SystemCoreClock                          0x20000008   Data           4  system_stm32f4xx.o(.data)
    AHBPrescTable                            0x2000000c   Data          16  system_stm32f4xx.o(.data)
    FreeRTOSRunTimeTicks                     0x2000001c   Data           4  basicperipherals.o(.data)
    SectorsWRPStatus                         0x20000024   Data           4  flash.o(.data)
    __stdout                                 0x2000002c   Data           4  usart.o(.data)
    pxCurrentTCB                             0x20000064   Data           4  tasks.o(.data)
    cali_hook_fun                            0x200000e4   Data          20  calibrate_task.o(.data)
    test                                     0x20000119   Data           1  gimbal_behaviour.o(.data)
    Yaw_Can_Set_Current                      0x2000013c   Data           2  gimbal_task.o(.data)
    Pitch_Can_Set_Current                    0x2000013e   Data           2  gimbal_task.o(.data)
    Shoot_Can_Set_Current                    0x20000140   Data           2  gimbal_task.o(.data)
    set_p                                    0x20000144   Data           4  gimbal_task.o(.data)
    fdb_p                                    0x20000148   Data           4  gimbal_task.o(.data)
    set_y                                    0x2000014c   Data           4  gimbal_task.o(.data)
    fdb_y                                    0x20000150   Data           4  gimbal_task.o(.data)
    auto_flag                                0x20000154   Data           1  gimbal_task.o(.data)
    yaw_ins_int_1000                         0x20000158   Data           4  gimbal_task.o(.data)
    pitch_ins_int_1000                       0x2000015c   Data           4  gimbal_task.o(.data)
    yaw_ins_set_1000                         0x20000160   Data           4  gimbal_task.o(.data)
    pitch_ins_set_1000                       0x20000164   Data           4  gimbal_task.o(.data)
    pitch_relative_set_1000                  0x20000168   Data           4  gimbal_task.o(.data)
    pitch_relative_angle_1000                0x2000016c   Data           4  gimbal_task.o(.data)
    yaw_speed_int_1000                       0x20000170   Data           4  gimbal_task.o(.data)
    pitch_speed_int_1000                     0x20000174   Data           4  gimbal_task.o(.data)
    yaw_speed_set_int_1000                   0x20000178   Data           4  gimbal_task.o(.data)
    pitch_speed_set_int_1000                 0x2000017c   Data           4  gimbal_task.o(.data)
    GIMBALTask_Handler                       0x20000214   Data           4  start_task.o(.data)
    ChassisTask_Handler                      0x20000224   Data           4  start_task.o(.data)
    pitch                                    0x20000228   Data           1  start_task.o(.data)
    Auto_Origion                             0x2000022a   Data           6  auto_attacktask.o(.data)
    SendBuff                                 0x20000230   Data           4  auto_attacktask.o(.data)
    rx_fail_cnt                              0x20000234   Data           2  auto_attacktask.o(.data)
    maxout                                   0x20000248   Data           4  chassis_task.o(.data)
    shoot_mode                               0x20000264   Data           1  shoot.o(.data)
    freOfSmallBullet                         0x20000268   Data           4  shoot.o(.data)
    speedOfSmallBullet                       0x2000026c   Data           2  shoot.o(.data)
    auto_shoot                               0x2000026e   Data           1  shoot.o(.data)
    crc_fail_cnt                             0x2000028c   Data           2  referee_dispatchtask.o(.data)
    Len                                      0x20000290   Data           4  referee_dispatchtask.o(.data)
    frame_len                                0x20000294   Data           4  referee_dispatchtask.o(.data)
    CRC_INIT                                 0x20000298   Data           2  referee_dispatchtask.o(.data)
    sbus_rx_buffer                           0x200002ac   Data          72  remotdbus.o(.bss)
    rc_ctrl                                  0x200002f4   Data          22  remotdbus.o(.bss)
    USART6_RxBuf0                            0x20000378   Data        1300  usart6.o(.bss)
    USART6_RxBuf1                            0x2000088c   Data        1300  usart6.o(.bss)
    USART6_TxBuf                             0x20000da0   Data         300  usart6.o(.bss)
    USART6_TxBuff                            0x20000ecc   Data        3500  usart6.o(.bss)
    USART6_RxBuff                            0x20001c78   Data        3500  usart6.o(.bss)
    USART6_RxCBuf                            0x20002a24   Data          16  usart6.o(.bss)
    USART6_TxCBuf                            0x20002a34   Data          16  usart6.o(.bss)
    xQueueRegistry                           0x20015644   Data          64  queue.o(.bss)
    errorList                                0x20015a05   Data         324  detect_task.o(.bss)
    gimbal_control                           0x20015b4c   Data         496  gimbal_task.o(.bss)
    AutoData                                 0x20015e60   Data          20  auto_attacktask.o(.bss)
    mainfocus_rx_buffer                      0x20015e74   Data         200  auto_attacktask.o(.bss)
    trigger_motor_pid                        0x20016174   Data          72  shoot.o(.bss)
    trigger_motor                            0x200161bc   Data         104  shoot.o(.bss)
    Transmission_BufferOfUsart6              0x20016224   Data          50  referee_dispatchtask.o(.bss)
    Referee_date1                            0x20016256   Data          86  referee_dispatchtask.o(.bss)
    __libspace_start                         0x200162c8   Data          96  libspace.o(.bss)
    __temporary_stack_top$libspace           0x20016328   Data           0  libspace.o(.bss)



==============================================================================

Memory Map of the image

  Image Entry point : 0x080001ad

  Load Region LR_IROM1 (Base: 0x08000000, Size: 0x00013de8, Max: 0x00200000, ABSOLUTE, COMPRESSED[0x00013bb4])

    Execution Region ER_IROM1 (Exec base: 0x08000000, Load base: 0x08000000, Size: 0x00013b3c, Max: 0x00200000, ABSOLUTE)

    Exec Addr    Load Addr    Size         Type   Attr      Idx    E Section Name        Object

    0x08000000   0x08000000   0x000001ac   Data   RO          772    RESET               startup_stm32f427_437xx.o
    0x080001ac   0x080001ac   0x00000008   Code   RO         2250  * !!!main             c_w.l(__main.o)
    0x080001b4   0x080001b4   0x00000034   Code   RO         2658    !!!scatter          c_w.l(__scatter.o)
    0x080001e8   0x080001e8   0x0000005a   Code   RO         2656    !!dczerorl2         c_w.l(__dczerorl2.o)
    0x08000242   0x08000242   0x00000002   PAD
    0x08000244   0x08000244   0x0000001c   Code   RO         2660    !!handler_zi        c_w.l(__scatter_zi.o)
    0x08000260   0x08000260   0x00000000   Code   RO         2233    .ARM.Collect$$_printf_percent$$00000000  c_w.l(_printf_percent.o)
    0x08000260   0x08000260   0x00000006   Code   RO         2232    .ARM.Collect$$_printf_percent$$00000003  c_w.l(_printf_f.o)
    0x08000266   0x08000266   0x00000006   Code   RO         2230    .ARM.Collect$$_printf_percent$$00000009  c_w.l(_printf_d.o)
    0x0800026c   0x0800026c   0x00000006   Code   RO         2231    .ARM.Collect$$_printf_percent$$0000000A  c_w.l(_printf_u.o)
    0x08000272   0x08000272   0x00000006   Code   RO         2229    .ARM.Collect$$_printf_percent$$00000013  c_w.l(_printf_c.o)
    0x08000278   0x08000278   0x00000004   Code   RO         2364    .ARM.Collect$$_printf_percent$$00000017  c_w.l(_printf_percent_end.o)
    0x0800027c   0x0800027c   0x00000002   Code   RO         2592    .ARM.Collect$$libinit$$00000000  c_w.l(libinit.o)
    0x0800027e   0x0800027e   0x00000004   Code   RO         2512    .ARM.Collect$$libinit$$00000001  c_w.l(libinit2.o)
    0x08000282   0x08000282   0x00000000   Code   RO         2515    .ARM.Collect$$libinit$$00000004  c_w.l(libinit2.o)
    0x08000282   0x08000282   0x00000008   Code   RO         2516    .ARM.Collect$$libinit$$00000005  c_w.l(libinit2.o)
    0x0800028a   0x0800028a   0x00000000   Code   RO         2518    .ARM.Collect$$libinit$$0000000A  c_w.l(libinit2.o)
    0x0800028a   0x0800028a   0x00000000   Code   RO         2520    .ARM.Collect$$libinit$$0000000C  c_w.l(libinit2.o)
    0x0800028a   0x0800028a   0x00000000   Code   RO         2522    .ARM.Collect$$libinit$$0000000E  c_w.l(libinit2.o)
    0x0800028a   0x0800028a   0x00000006   Code   RO         2523    .ARM.Collect$$libinit$$0000000F  c_w.l(libinit2.o)
    0x08000290   0x08000290   0x00000000   Code   RO         2525    .ARM.Collect$$libinit$$00000011  c_w.l(libinit2.o)
    0x08000290   0x08000290   0x00000000   Code   RO         2527    .ARM.Collect$$libinit$$00000013  c_w.l(libinit2.o)
    0x08000290   0x08000290   0x00000000   Code   RO         2529    .ARM.Collect$$libinit$$00000015  c_w.l(libinit2.o)
    0x08000290   0x08000290   0x0000000a   Code   RO         2530    .ARM.Collect$$libinit$$00000016  c_w.l(libinit2.o)
    0x0800029a   0x0800029a   0x00000000   Code   RO         2531    .ARM.Collect$$libinit$$00000017  c_w.l(libinit2.o)
    0x0800029a   0x0800029a   0x00000000   Code   RO         2533    .ARM.Collect$$libinit$$00000019  c_w.l(libinit2.o)
    0x0800029a   0x0800029a   0x00000000   Code   RO         2535    .ARM.Collect$$libinit$$0000001B  c_w.l(libinit2.o)
    0x0800029a   0x0800029a   0x00000000   Code   RO         2537    .ARM.Collect$$libinit$$0000001D  c_w.l(libinit2.o)
    0x0800029a   0x0800029a   0x00000000   Code   RO         2539    .ARM.Collect$$libinit$$0000001F  c_w.l(libinit2.o)
    0x0800029a   0x0800029a   0x00000000   Code   RO         2541    .ARM.Collect$$libinit$$00000021  c_w.l(libinit2.o)
    0x0800029a   0x0800029a   0x00000000   Code   RO         2543    .ARM.Collect$$libinit$$00000023  c_w.l(libinit2.o)
    0x0800029a   0x0800029a   0x00000000   Code   RO         2545    .ARM.Collect$$libinit$$00000025  c_w.l(libinit2.o)
    0x0800029a   0x0800029a   0x00000000   Code   RO         2549    .ARM.Collect$$libinit$$0000002C  c_w.l(libinit2.o)
    0x0800029a   0x0800029a   0x00000000   Code   RO         2551    .ARM.Collect$$libinit$$0000002E  c_w.l(libinit2.o)
    0x0800029a   0x0800029a   0x00000000   Code   RO         2553    .ARM.Collect$$libinit$$00000030  c_w.l(libinit2.o)
    0x0800029a   0x0800029a   0x00000000   Code   RO         2555    .ARM.Collect$$libinit$$00000032  c_w.l(libinit2.o)
    0x0800029a   0x0800029a   0x00000002   Code   RO         2556    .ARM.Collect$$libinit$$00000033  c_w.l(libinit2.o)
    0x0800029c   0x0800029c   0x00000002   Code   RO         2653    .ARM.Collect$$libshutdown$$00000000  c_w.l(libshutdown.o)
    0x0800029e   0x0800029e   0x00000000   Code   RO         2613    .ARM.Collect$$libshutdown$$00000002  c_w.l(libshutdown2.o)
    0x0800029e   0x0800029e   0x00000000   Code   RO         2615    .ARM.Collect$$libshutdown$$00000004  c_w.l(libshutdown2.o)
    0x0800029e   0x0800029e   0x00000000   Code   RO         2618    .ARM.Collect$$libshutdown$$00000007  c_w.l(libshutdown2.o)
    0x0800029e   0x0800029e   0x00000000   Code   RO         2621    .ARM.Collect$$libshutdown$$0000000A  c_w.l(libshutdown2.o)
    0x0800029e   0x0800029e   0x00000000   Code   RO         2623    .ARM.Collect$$libshutdown$$0000000C  c_w.l(libshutdown2.o)
    0x0800029e   0x0800029e   0x00000000   Code   RO         2626    .ARM.Collect$$libshutdown$$0000000F  c_w.l(libshutdown2.o)
    0x0800029e   0x0800029e   0x00000002   Code   RO         2627    .ARM.Collect$$libshutdown$$00000010  c_w.l(libshutdown2.o)
    0x080002a0   0x080002a0   0x00000000   Code   RO         2322    .ARM.Collect$$rtentry$$00000000  c_w.l(__rtentry.o)
    0x080002a0   0x080002a0   0x00000000   Code   RO         2429    .ARM.Collect$$rtentry$$00000002  c_w.l(__rtentry2.o)
    0x080002a0   0x080002a0   0x00000006   Code   RO         2441    .ARM.Collect$$rtentry$$00000004  c_w.l(__rtentry4.o)
    0x080002a6   0x080002a6   0x00000000   Code   RO         2431    .ARM.Collect$$rtentry$$00000009  c_w.l(__rtentry2.o)
    0x080002a6   0x080002a6   0x00000004   Code   RO         2432    .ARM.Collect$$rtentry$$0000000A  c_w.l(__rtentry2.o)
    0x080002aa   0x080002aa   0x00000000   Code   RO         2434    .ARM.Collect$$rtentry$$0000000C  c_w.l(__rtentry2.o)
    0x080002aa   0x080002aa   0x00000008   Code   RO         2435    .ARM.Collect$$rtentry$$0000000D  c_w.l(__rtentry2.o)
    0x080002b2   0x080002b2   0x00000002   Code   RO         2596    .ARM.Collect$$rtexit$$00000000  c_w.l(rtexit.o)
    0x080002b4   0x080002b4   0x00000000   Code   RO         2629    .ARM.Collect$$rtexit$$00000002  c_w.l(rtexit2.o)
    0x080002b4   0x080002b4   0x00000004   Code   RO         2630    .ARM.Collect$$rtexit$$00000003  c_w.l(rtexit2.o)
    0x080002b8   0x080002b8   0x00000006   Code   RO         2631    .ARM.Collect$$rtexit$$00000004  c_w.l(rtexit2.o)
    0x080002be   0x080002be   0x00000002   PAD
    0x080002c0   0x080002c0   0x000000be   Code   RO         1079    .emb_text           port.o
    0x0800037e   0x0800037e   0x00000002   PAD
    0x08000380   0x08000380   0x00000000   Code   RO         2453    .emb_text           c_w.l(maybetermalloc1.o)
    0x08000380   0x08000380   0x0000007e   Code   RO            3    .text               main.o
    0x080003fe   0x080003fe   0x00000002   PAD
    0x08000400   0x08000400   0x000002d4   Code   RO          250    .text               stm32f4xx_it.o
    0x080006d4   0x080006d4   0x00000244   Code   RO          333    .text               system_stm32f4xx.o
    0x08000918   0x08000918   0x000004a8   Code   RO          359    .text               basicperipherals.o
    0x08000dc0   0x08000dc0   0x0000035c   Code   RO          385    .text               remotdbus.o
    0x0800111c   0x0800111c   0x00000130   Code   RO          411    .text               frictionmoterpwm.o
    0x0800124c   0x0800124c   0x000005c0   Code   RO          434    .text               motorcan.o
    0x0800180c   0x0800180c   0x000001c4   Code   RO          483    .text               mainfocus_usart.o
    0x080019d0   0x080019d0   0x0000010c   Code   RO          510    .text               adc.o
    0x08001adc   0x08001adc   0x000000d8   Code   RO          530    .text               buzzer.o
    0x08001bb4   0x08001bb4   0x00000088   Code   RO          550    .text               exit_init.o
    0x08001c3c   0x08001c3c   0x0000057c   Code   RO          573    .text               flash.o
    0x080021b8   0x080021b8   0x00000250   Code   RO          599    .text               spi.o
    0x08002408   0x08002408   0x000002dc   Code   RO          622    .text               timer.o
    0x080026e4   0x080026e4   0x00000094   Code   RO          642    .text               power_ctrl.o
    0x08002778   0x08002778   0x0000040c   Code   RO          662    .text               usart6.o
    0x08002b84   0x08002b84   0x000000ec   Code   RO          699    .text               delay.o
    0x08002c70   0x08002c70   0x000000b0   Code   RO          739    .text               usart.o
    0x08002d20   0x08002d20   0x00000040   Code   RO          773    .text               startup_stm32f427_437xx.o
    0x08002d60   0x08002d60   0x000000e0   Code   RO          779    .text               misc.o
    0x08002e40   0x08002e40   0x00000294   Code   RO          799    .text               stm32f4xx_gpio.o
    0x080030d4   0x080030d4   0x00000660   Code   RO          819    .text               stm32f4xx_rcc.o
    0x08003734   0x08003734   0x00000094   Code   RO          841    .text               stm32f4xx_syscfg.o
    0x080037c8   0x080037c8   0x00000454   Code   RO          861    .text               stm32f4xx_usart.o
    0x08003c1c   0x08003c1c   0x000009f0   Code   RO          881    .text               stm32f4xx_can.o
    0x0800460c   0x0800460c   0x000003a8   Code   RO          901    .text               stm32f4xx_dma.o
    0x080049b4   0x080049b4   0x00000ca2   Code   RO          921    .text               stm32f4xx_tim.o
    0x08005656   0x08005656   0x00000002   PAD
    0x08005658   0x08005658   0x000004ee   Code   RO          941    .text               stm32f4xx_spi.o
    0x08005b46   0x08005b46   0x00000002   PAD
    0x08005b48   0x08005b48   0x00000698   Code   RO          961    .text               stm32f4xx_flash.o
    0x080061e0   0x080061e0   0x00000110   Code   RO         1001    .text               stm32f4xx_exti.o
    0x080062f0   0x080062f0   0x00000464   Code   RO         1021    .text               stm32f4xx_adc.o
    0x08006754   0x08006754   0x0000029c   Code   RO         1039    .text               heap_4.o
    0x080069f0   0x080069f0   0x00000340   Code   RO         1080    .text               port.o
    0x08006d30   0x08006d30   0x00000094   Code   RO         1145    .text               list.o
    0x08006dc4   0x08006dc4   0x00000f18   Code   RO         1160    .text               queue.o
    0x08007cdc   0x08007cdc   0x00001c90   Code   RO         1205    .text               tasks.o
    0x0800996c   0x0800996c   0x000005ec   Code   RO         1231    .text               timers.o
    0x08009f58   0x08009f58   0x00000774   Code   RO         1251    .text               calibrate_task.o
    0x0800a6cc   0x0800a6cc   0x00000614   Code   RO         1294    .text               detect_task.o
    0x0800ace0   0x0800ace0   0x00000894   Code   RO         1325    .text               gimbal_behaviour.o
    0x0800b574   0x0800b574   0x00000c6c   Code   RO         1361    .text               gimbal_task.o
    0x0800c1e0   0x0800c1e0   0x00000614   Code   RO         1396    .text               ins_task.o
    0x0800c7f4   0x0800c7f4   0x00000294   Code   RO         1438    .text               pid.o
    0x0800ca88   0x0800ca88   0x00000298   Code   RO         1458    .text               start_task.o
    0x0800cd20   0x0800cd20   0x0000026c   Code   RO         1510    .text               user_lib.o
    0x0800cf8c   0x0800cf8c   0x0000013c   Code   RO         1530    .text               auto_attacktask.o
    0x0800d0c8   0x0800d0c8   0x000003a8   Code   RO         1557    .text               chassis_behaviour.o
    0x0800d470   0x0800d470   0x00000a78   Code   RO         1585    .text               chassis_task.o
    0x0800dee8   0x0800dee8   0x00000644   Code   RO         1610    .text               shoot.o
    0x0800e52c   0x0800e52c   0x000002a4   Code   RO         1640    .text               circular_buffer.o
    0x0800e7d0   0x0800e7d0   0x00000434   Code   RO         1657    .text               referee_dispatchtask.o
    0x0800ec04   0x0800ec04   0x000000f4   Code   RO         1686    .text               ahrs_middleware.o
    0x0800ecf8   0x0800ecf8   0x0000019c   Code   RO         1792    .text               ist8310driver.o
    0x0800ee94   0x0800ee94   0x00000140   Code   RO         1820    .text               ist8310driver_middleware.o
    0x0800efd4   0x0800efd4   0x000003c4   Code   RO         1846    .text               mpu6500driver.o
    0x0800f398   0x0800f398   0x00000168   Code   RO         1869    .text               mpu6500driver_middleware.o
    0x0800f500   0x0800f500   0x00000078   Code   RO         1977    .text               arm_cortexM4lf_math.lib(arm_cos_f32.o)
    0x0800f578   0x0800f578   0x00000074   Code   RO         2030    .text               arm_cortexM4lf_math.lib(arm_sin_f32.o)
    0x0800f5ec   0x0800f5ec   0x00000002   Code   RO         2135    .text               c_w.l(use_no_semi_2.o)
    0x0800f5ee   0x0800f5ee   0x00000028   Code   RO         2139    .text               c_w.l(calloc.o)
    0x0800f616   0x0800f616   0x0000004e   Code   RO         2141    .text               c_w.l(h1_free.o)
    0x0800f664   0x0800f664   0x00000018   Code   RO         2199    .text               c_w.l(noretval__2printf.o)
    0x0800f67c   0x0800f67c   0x00000028   Code   RO         2201    .text               c_w.l(noretval__2sprintf.o)
    0x0800f6a4   0x0800f6a4   0x00000068   Code   RO         2203    .text               c_w.l(__printf.o)
    0x0800f70c   0x0800f70c   0x00000052   Code   RO         2205    .text               c_w.l(_printf_str.o)
    0x0800f75e   0x0800f75e   0x00000002   PAD
    0x0800f760   0x0800f760   0x00000078   Code   RO         2207    .text               c_w.l(_printf_dec.o)
    0x0800f7d8   0x0800f7d8   0x00000048   Code   RO         2234    .text               c_w.l(strcpy.o)
    0x0800f820   0x0800f820   0x0000003e   Code   RO         2236    .text               c_w.l(strlen.o)
    0x0800f85e   0x0800f85e   0x0000008a   Code   RO         2238    .text               c_w.l(rt_memcpy_v6.o)
    0x0800f8e8   0x0800f8e8   0x00000064   Code   RO         2240    .text               c_w.l(rt_memcpy_w.o)
    0x0800f94c   0x0800f94c   0x00000010   Code   RO         2244    .text               c_w.l(aeabi_memset.o)
    0x0800f95c   0x0800f95c   0x0000004e   Code   RO         2246    .text               c_w.l(rt_memclr_w.o)
    0x0800f9aa   0x0800f9aa   0x00000006   Code   RO         2248    .text               c_w.l(heapauxi.o)
    0x0800f9b0   0x0800f9b0   0x00000002   Code   RO         2318    .text               c_w.l(use_no_semi.o)
    0x0800f9b2   0x0800f9b2   0x00000002   PAD
    0x0800f9b4   0x0800f9b4   0x00000008   Code   RO         2326    .text               c_w.l(rt_heap_descriptor_intlibspace.o)
    0x0800f9bc   0x0800f9bc   0x00000004   Code   RO         2328    .text               c_w.l(hguard.o)
    0x0800f9c0   0x0800f9c0   0x0000008a   Code   RO         2330    .text               c_w.l(init_alloc.o)
    0x0800fa4a   0x0800fa4a   0x0000005e   Code   RO         2336    .text               c_w.l(h1_alloc.o)
    0x0800faa8   0x0800faa8   0x00000016   Code   RO         2350    .text               c_w.l(_rserrno.o)
    0x0800fabe   0x0800fabe   0x000000b2   Code   RO         2352    .text               c_w.l(_printf_intcommon.o)
    0x0800fb70   0x0800fb70   0x0000041e   Code   RO         2354    .text               c_w.l(_printf_fp_dec.o)
    0x0800ff8e   0x0800ff8e   0x00000002   PAD
    0x0800ff90   0x0800ff90   0x00000030   Code   RO         2356    .text               c_w.l(_printf_char_common.o)
    0x0800ffc0   0x0800ffc0   0x0000000a   Code   RO         2358    .text               c_w.l(_sputc.o)
    0x0800ffca   0x0800ffca   0x0000002c   Code   RO         2360    .text               c_w.l(_printf_char.o)
    0x0800fff6   0x0800fff6   0x00000002   PAD
    0x0800fff8   0x0800fff8   0x00000024   Code   RO         2362    .text               c_w.l(_printf_char_file.o)
    0x0801001c   0x0801001c   0x00000044   Code   RO         2365    .text               c_w.l(rt_memclr.o)
    0x08010060   0x08010060   0x00000008   Code   RO         2425    .text               c_w.l(libspace.o)
    0x08010068   0x08010068   0x00000008   Code   RO         2446    .text               c_w.l(rt_locale_intlibspace.o)
    0x08010070   0x08010070   0x00000008   Code   RO         2451    .text               c_w.l(rt_errno_addr_intlibspace.o)
    0x08010078   0x08010078   0x0000000e   Code   RO         2455    .text               c_w.l(h1_init.o)
    0x08010086   0x08010086   0x00000034   Code   RO         2457    .text               c_w.l(h1_extend.o)
    0x080100ba   0x080100ba   0x0000008a   Code   RO         2463    .text               c_w.l(lludiv10.o)
    0x08010144   0x08010144   0x00000030   Code   RO         2465    .text               c_w.l(_fptrap.o)
    0x08010174   0x08010174   0x00000080   Code   RO         2467    .text               c_w.l(_printf_fp_infnan.o)
    0x080101f4   0x080101f4   0x000000e4   Code   RO         2471    .text               c_w.l(bigflt0.o)
    0x080102d8   0x080102d8   0x00000008   Code   RO         2496    .text               c_w.l(ferror.o)
    0x080102e0   0x080102e0   0x0000000e   Code   RO         2503    .text               c_w.l(defsig_rtmem_outer.o)
    0x080102ee   0x080102ee   0x0000004a   Code   RO         2565    .text               c_w.l(sys_stackheap_outer.o)
    0x08010338   0x08010338   0x00000012   Code   RO         2573    .text               c_w.l(exit.o)
    0x0801034a   0x0801034a   0x0000000a   Code   RO         2575    .text               c_w.l(defsig_exit.o)
    0x08010354   0x08010354   0x0000000e   Code   RO         2577    .text               c_w.l(defsig_fpe_outer.o)
    0x08010362   0x08010362   0x00000002   PAD
    0x08010364   0x08010364   0x00000050   Code   RO         2581    .text               c_w.l(defsig_rtmem_inner.o)
    0x080103b4   0x080103b4   0x00000080   Code   RO         2583    .text               c_w.l(strcmpv7m.o)
    0x08010434   0x08010434   0x00000032   Code   RO         2604    .text               c_w.l(defsig_general.o)
    0x08010466   0x08010466   0x00000002   PAD
    0x08010468   0x08010468   0x000000ac   Code   RO         2606    .text               c_w.l(defsig_fpe_inner.o)
    0x08010514   0x08010514   0x0000003e   Code   RO         2474    CL$$btod_d2e        c_w.l(btod.o)
    0x08010552   0x08010552   0x00000046   Code   RO         2476    CL$$btod_d2e_denorm_low  c_w.l(btod.o)
    0x08010598   0x08010598   0x00000060   Code   RO         2475    CL$$btod_d2e_norm_op1  c_w.l(btod.o)
    0x080105f8   0x080105f8   0x00000338   Code   RO         2484    CL$$btod_div_common  c_w.l(btod.o)
    0x08010930   0x08010930   0x000000dc   Code   RO         2481    CL$$btod_e2e        c_w.l(btod.o)
    0x08010a0c   0x08010a0c   0x0000002a   Code   RO         2478    CL$$btod_ediv       c_w.l(btod.o)
    0x08010a36   0x08010a36   0x0000002a   Code   RO         2477    CL$$btod_emul       c_w.l(btod.o)
    0x08010a60   0x08010a60   0x00000244   Code   RO         2483    CL$$btod_mult_common  c_w.l(btod.o)
    0x08010ca4   0x08010ca4   0x0000001a   Code   RO         1887    i.AHRS_fabs         AHRS.lib(ahrs.o)
    0x08010cbe   0x08010cbe   0x00000002   PAD
    0x08010cc0   0x08010cc0   0x0000029c   Code   RO         1888    i.AHRS_init         AHRS.lib(ahrs.o)
    0x08010f5c   0x08010f5c   0x0000013a   Code   RO         1889    i.AHRS_update       AHRS.lib(ahrs.o)
    0x08011096   0x08011096   0x00000030   Code   RO         2561    i.__ARM_fpclassify  m_wm.l(fpclassify.o)
    0x080110c6   0x080110c6   0x00000026   Code   RO         2394    i.__ARM_fpclassifyf  m_wm.l(fpclassifyf.o)
    0x080110ec   0x080110ec   0x00000118   Code   RO         2264    i.__hardfp_acosf    m_wm.l(acosf.o)
    0x08011204   0x08011204   0x0000012c   Code   RO         2276    i.__hardfp_asinf    m_wm.l(asinf.o)
    0x08011330   0x08011330   0x00000250   Code   RO         2288    i.__hardfp_atan2f   m_wm.l(atan2f.o)
    0x08011580   0x08011580   0x00000014   Code   RO         2300    i.__hardfp_fabs     m_wm.l(fabs.o)
    0x08011594   0x08011594   0x0000017c   Code   RO         2306    i.__hardfp_tanf     m_wm.l(tanf.o)
    0x08011710   0x08011710   0x00000006   Code   RO         2397    i.__mathlib_flt_infnan  m_wm.l(funder.o)
    0x08011716   0x08011716   0x00000006   Code   RO         2398    i.__mathlib_flt_infnan2  m_wm.l(funder.o)
    0x0801171c   0x0801171c   0x00000010   Code   RO         2399    i.__mathlib_flt_invalid  m_wm.l(funder.o)
    0x0801172c   0x0801172c   0x00000010   Code   RO         2402    i.__mathlib_flt_underflow  m_wm.l(funder.o)
    0x0801173c   0x0801173c   0x00000154   Code   RO         2410    i.__mathlib_rredf2  m_wm.l(rredf.o)
    0x08011890   0x08011890   0x000001d0   Code   RO         1890    i.accel_comple_filter  AHRS.lib(ahrs.o)
    0x08011a60   0x08011a60   0x0000018c   Code   RO         1891    i.accel_update_kp_ki  AHRS.lib(ahrs.o)
    0x08011bec   0x08011bec   0x0000016c   Code   RO         1892    i.angle_to_quat     AHRS.lib(ahrs.o)
    0x08011d58   0x08011d58   0x000000e8   Code   RO         1893    i.get_angle         AHRS.lib(ahrs.o)
    0x08011e40   0x08011e40   0x00000084   Code   RO         1898    i.quat_normalization  AHRS.lib(ahrs.o)
    0x08011ec4   0x08011ec4   0x0000003e   Code   RO         2415    i.sqrtf             m_wm.l(sqrtf_full.o)
    0x08011f02   0x08011f02   0x0000007a   Code   RO         1899    i.update_w          AHRS.lib(ahrs.o)
    0x08011f7c   0x08011f7c   0x0000002c   Code   RO         2501    locale$$code        c_w.l(lc_numeric_c.o)
    0x08011fa8   0x08011fa8   0x000002c4   Code   RO         2252    x$fpl$d2f           g_wm.l(d2f_clz.o)
    0x0801226c   0x0801226c   0x00000018   Code   RO         2367    x$fpl$dcmpinf       g_wm.l(dcmpi.o)
    0x08012284   0x08012284   0x0000001a   Code   RO         2371    x$fpl$dfltn         g_wm.l(dflt_clz.o)
    0x0801229e   0x0801229e   0x00000002   PAD
    0x080122a0   0x080122a0   0x00000078   Code   RO         2254    x$fpl$dleqf         g_wm.l(dleqf.o)
    0x08012318   0x08012318   0x000001c0   Code   RO         2256    x$fpl$dmul          g_wm.l(dmul_clz.o)
    0x080124d8   0x080124d8   0x00000102   Code   RO         2375    x$fpl$dnaninf       g_wm.l(dnaninf.o)
    0x080125da   0x080125da   0x00000070   Code   RO         2377    x$fpl$drenorm       g_wm.l(drenorm_clz.o)
    0x0801264a   0x0801264a   0x0000000c   Code   RO         2379    x$fpl$dretinf       g_wm.l(dretinf.o)
    0x08012656   0x08012656   0x00000062   Code   RO         2258    x$fpl$drleqf        g_wm.l(drleqf.o)
    0x080126b8   0x080126b8   0x0000017a   Code   RO         2381    x$fpl$dunder        g_wm.l(dunder_clz.o)
    0x08012832   0x08012832   0x00000002   PAD
    0x08012834   0x08012834   0x000001ec   Code   RO         2383    x$fpl$exception     g_wm.l(except.o)
    0x08012a20   0x08012a20   0x0000007a   Code   RO         2260    x$fpl$f2d           g_wm.l(f2d.o)
    0x08012a9a   0x08012a9a   0x000000f2   Code   RO         2385    x$fpl$fnaninf       g_wm.l(fnaninf.o)
    0x08012b8c   0x08012b8c   0x0000000a   Code   RO         2593    x$fpl$fpinit        g_wm.l(fpinit.o)
    0x08012b96   0x08012b96   0x0000000a   Code   RO         2387    x$fpl$fretinf       g_wm.l(fretinf.o)
    0x08012ba0   0x08012ba0   0x0000013c   Code   RO         2389    x$fpl$funder        g_wm.l(funder_clz.o)
    0x08012cdc   0x08012cdc   0x00000020   Code   RO         2557    x$fpl$ieeestatus    g_wm.l(istatus.o)
    0x08012cfc   0x08012cfc   0x00000004   Code   RO         2262    x$fpl$printf1       g_wm.l(printf1.o)
    0x08012d00   0x08012d00   0x000000b2   Code   RO         2559    x$fpl$retnan        g_wm.l(retnan.o)
    0x08012db2   0x08012db2   0x0000007e   Code   RO         2391    x$fpl$trapveneer    g_wm.l(trapv.o)
    0x08012e30   0x08012e30   0x00000000   Code   RO         2393    x$fpl$usenofp       g_wm.l(usenofp.o)
    0x08012e30   0x08012e30   0x00000014   Data   RO          664    .constdata          usart6.o
    0x08012e44   0x08012e44   0x0000000f   Data   RO         1253    .constdata          calibrate_task.o
    0x08012e53   0x08012e53   0x00000001   PAD
    0x08012e54   0x08012e54   0x00000030   Data   RO         1296    .constdata          detect_task.o
    0x08012e84   0x08012e84   0x00000018   Data   RO         1363    .constdata          gimbal_task.o
    0x08012e9c   0x08012e9c   0x00000030   Data   RO         1398    .constdata          ins_task.o
    0x08012ecc   0x08012ecc   0x00000020   Data   RO         1587    .constdata          chassis_task.o
    0x08012eec   0x08012eec   0x00000018   Data   RO         1612    .constdata          shoot.o
    0x08012f04   0x08012f04   0x00000302   Data   RO         1659    .constdata          referee_dispatchtask.o
    0x08013206   0x08013206   0x0000000c   Data   RO         1793    .constdata          ist8310driver.o
    0x08013212   0x08013212   0x0000002a   Data   RO         1847    .constdata          mpu6500driver.o
    0x0801323c   0x0801323c   0x0000000c   Data   RO         1900    .constdata          AHRS.lib(ahrs.o)
    0x08013248   0x08013248   0x00000804   Data   RO         2110    .constdata          arm_cortexM4lf_math.lib(arm_common_tables.o)
    0x08013a4c   0x08013a4c   0x00000020   Data   RO         2411    .constdata          m_wm.l(rredf.o)
    0x08013a6c   0x08013a6c   0x00000094   Data   RO         2472    .constdata          c_w.l(bigflt0.o)
    0x08013b00   0x08013b00   0x00000020   Data   RO         2654    Region$$Table       anon$$obj.o
    0x08013b20   0x08013b20   0x0000001c   Data   RO         2500    locale$$data        c_w.l(lc_numeric_c.o)


    Execution Region RW_IRAM1 (Exec base: 0x20000000, Load base: 0x08013b3c, Size: 0x00016928, Max: 0x00030000, ABSOLUTE, COMPRESSED[0x00000078])

    Exec Addr    Load Addr    Size         Type   Attr      Idx    E Section Name        Object

    0x20000000   COMPRESSED   0x00000006   Data   RW          252    .data               stm32f4xx_it.o
    0x20000006   COMPRESSED   0x00000002   PAD
    0x20000008   COMPRESSED   0x00000014   Data   RW          334    .data               system_stm32f4xx.o
    0x2000001c   COMPRESSED   0x00000004   Data   RW          360    .data               basicperipherals.o
    0x20000020   COMPRESSED   0x00000001   Data   RW          436    .data               motorcan.o
    0x20000021   COMPRESSED   0x00000003   PAD
    0x20000024   COMPRESSED   0x00000004   Data   RW          574    .data               flash.o
    0x20000028   COMPRESSED   0x00000004   Data   RW          700    .data               delay.o
    0x2000002c   COMPRESSED   0x00000004   Data   RW          740    .data               usart.o
    0x20000030   COMPRESSED   0x00000010   Data   RW          820    .data               stm32f4xx_rcc.o
    0x20000040   COMPRESSED   0x00000018   Data   RW         1041    .data               heap_4.o
    0x20000058   COMPRESSED   0x0000000c   Data   RW         1081    .data               port.o
    0x20000064   COMPRESSED   0x00000044   Data   RW         1207    .data               tasks.o
    0x200000a8   COMPRESSED   0x00000014   Data   RW         1233    .data               timers.o
    0x200000bc   COMPRESSED   0x00000050   Data   RW         1254    .data               calibrate_task.o
    0x2000010c   COMPRESSED   0x0000000a   Data   RW         1297    .data               detect_task.o
    0x20000116   COMPRESSED   0x00000002   PAD
    0x20000118   COMPRESSED   0x00000024   Data   RW         1326    .data               gimbal_behaviour.o
    0x2000013c   COMPRESSED   0x00000055   Data   RW         1364    .data               gimbal_task.o
    0x20000191   COMPRESSED   0x00000003   PAD
    0x20000194   COMPRESSED   0x0000007c   Data   RW         1399    .data               ins_task.o
    0x20000210   COMPRESSED   0x00000019   Data   RW         1459    .data               start_task.o
    0x20000229   COMPRESSED   0x00000001   PAD
    0x2000022a   COMPRESSED   0x0000000d   Data   RW         1532    .data               auto_attacktask.o
    0x20000237   COMPRESSED   0x00000001   PAD
    0x20000238   COMPRESSED   0x00000010   Data   RW         1558    .data               chassis_behaviour.o
    0x20000248   COMPRESSED   0x00000015   Data   RW         1588    .data               chassis_task.o
    0x2000025d   COMPRESSED   0x00000003   PAD
    0x20000260   COMPRESSED   0x0000002c   Data   RW         1613    .data               shoot.o
    0x2000028c   COMPRESSED   0x0000000e   Data   RW         1660    .data               referee_dispatchtask.o
    0x2000029a   COMPRESSED   0x00000001   Data   RW         1848    .data               mpu6500driver.o
    0x2000029b   COMPRESSED   0x00000001   PAD
    0x2000029c   COMPRESSED   0x00000010   Data   RW         1901    .data               AHRS.lib(ahrs.o)
    0x200002ac        -       0x0000005e   Zero   RW          386    .bss                remotdbus.o
    0x2000030a        -       0x0000006e   Zero   RW          435    .bss                motorcan.o
    0x20000378        -       0x000026cc   Zero   RW          663    .bss                usart6.o
    0x20002a44        -       0x00012c00   Zero   RW         1040    .bss                heap_4.o
    0x20015644        -       0x00000040   Zero   RW         1161    .bss                queue.o
    0x20015684        -       0x000002bc   Zero   RW         1206    .bss                tasks.o
    0x20015940        -       0x00000028   Zero   RW         1232    .bss                timers.o
    0x20015968        -       0x0000009d   Zero   RW         1252    .bss                calibrate_task.o
    0x20015a05        -       0x00000144   Zero   RW         1295    .bss                detect_task.o
    0x20015b49   COMPRESSED   0x00000003   PAD
    0x20015b4c        -       0x000001f0   Zero   RW         1362    .bss                gimbal_task.o
    0x20015d3c        -       0x00000124   Zero   RW         1397    .bss                ins_task.o
    0x20015e60        -       0x000000dc   Zero   RW         1531    .bss                auto_attacktask.o
    0x20015f3c        -       0x00000238   Zero   RW         1586    .bss                chassis_task.o
    0x20016174        -       0x000000b0   Zero   RW         1611    .bss                shoot.o
    0x20016224        -       0x000000a4   Zero   RW         1658    .bss                referee_dispatchtask.o
    0x200162c8        -       0x00000060   Zero   RW         2426    .bss                c_w.l(libspace.o)
    0x20016328        -       0x00000200   Zero   RW          771    HEAP                startup_stm32f427_437xx.o
    0x20016528        -       0x00000400   Zero   RW          770    STACK               startup_stm32f427_437xx.o


==============================================================================

Image component sizes


      Code (inc. data)   RO Data    RW Data    ZI Data      Debug   Object Name

       268         18          0          0          0       1192   adc.o
       244         12          0          0          0       3689   ahrs_middleware.o
       316         34          0         13        220       3109   auto_attacktask.o
      1192         44          0          4          0       4681   basicperipherals.o
       216          8          0          0          0       1111   buzzer.o
      1908         92         15         80        157      11872   calibrate_task.o
       936         58          0         16          0       7838   chassis_behaviour.o
      2680        144         32         21        568       6232   chassis_task.o
       676          0          0          0          0       4813   circular_buffer.o
       236          8          0          4          0       1705   delay.o
      1556         66         48         10        324       4127   detect_task.o
         0          0          0          0          0       7980   event_groups.o
       136          6          0          0          0        692   exit_init.o
      1404         94          0          4          0       5028   flash.o
       304          4          0          0          0       2007   frictionmoterpwm.o
      2196        138          0         36          0      10351   gimbal_behaviour.o
      3180        174         24         85        496      10247   gimbal_task.o
       668         24          0         24      76800      13248   heap_4.o
      1556        190         48        124        292       7186   ins_task.o
       412         10         12          0          0       2622   ist8310driver.o
       320         18          0          0          0       3209   ist8310driver_middleware.o
       148          0          0          0          0       1986   list.o
       126          0          0          0          0     367401   main.o
       452         16          0          0          0       2290   mainfocus_usart.o
       224         20          0          0          0       1853   misc.o
      1472         62          0          1        110       4707   motorcan.o
       964         26         42          1          0       3636   mpu6500driver.o
       360         10          0          0          0       3273   mpu6500driver_middleware.o
       660          4          0          0          0       1850   pid.o
      1022         52          0         12          0       8971   port.o
       148          4          0          0          0       1182   power_ctrl.o
      3864         20          0          0         64      21296   queue.o
      1076         42        770         14        164       8550   referee_dispatchtask.o
       860         28          0          0         94       5143   remotdbus.o
      1604        148         24         44        176       5660   shoot.o
       592         20          0          0          0       1657   spi.o
       664        232          0         25          0      12234   start_task.o
        64         26        428          0       1536        844   startup_stm32f427_437xx.o
      1124         24          0          0          0      10726   stm32f4xx_adc.o
      2544         38          0          0          0       8180   stm32f4xx_can.o
       936         32          0          0          0       6429   stm32f4xx_dma.o
       272         10          0          0          0       2323   stm32f4xx_exti.o
      1688         24          0          0          0       9454   stm32f4xx_flash.o
       660         44          0          0          0       4193   stm32f4xx_gpio.o
       724         60          0          6          0     245988   stm32f4xx_it.o
      1632         54          0         16          0      13144   stm32f4xx_rcc.o
      1262         38          0          0          0       7445   stm32f4xx_spi.o
       148         12          0          0          0       1861   stm32f4xx_syscfg.o
      3234         60          0          0          0      23052   stm32f4xx_tim.o
      1108         34          0          0          0       7920   stm32f4xx_usart.o
       580         46          0         20          0       1859   system_stm32f4xx.o
      7312        402          0         68        700      32565   tasks.o
       732         28          0          0          0       2031   timer.o
      1516         68          0         20         40      11806   timers.o
       176         10          0          4          0       3227   usart.o
      1036         56         20          0       9932       5070   usart6.o
       620         18          0          0          0       4790   user_lib.o

    ----------------------------------------------------------------------
     62016       2910       1496        668      91676     967535   Object Totals
         0          0         32          0          0          0   (incl. Generated)
         8          0          1         16          3          0   (incl. Padding)

    ----------------------------------------------------------------------

      Code (inc. data)   RO Data    RW Data    ZI Data      Debug   Library Member Name

      2718         84         12         16          0       9922   ahrs.o
         0          0       2052          0          0       4636   arm_common_tables.o
       120         12          0          0          0      16970   arm_cos_f32.o
       116         12          0          0          0        658   arm_sin_f32.o
        90          0          0          0          0          0   __dczerorl2.o
         8          0          0          0          0         68   __main.o
       104          0          0          0          0         84   __printf.o
         0          0          0          0          0          0   __rtentry.o
        12          0          0          0          0          0   __rtentry2.o
         6          0          0          0          0          0   __rtentry4.o
        52          8          0          0          0          0   __scatter.o
        28          0          0          0          0          0   __scatter_zi.o
        48          4          0          0          0         84   _fptrap.o
         6          0          0          0          0          0   _printf_c.o
        44          0          0          0          0        108   _printf_char.o
        48          6          0          0          0         96   _printf_char_common.o
        36          4          0          0          0         80   _printf_char_file.o
         6          0          0          0          0          0   _printf_d.o
       120         16          0          0          0         92   _printf_dec.o
         6          0          0          0          0          0   _printf_f.o
      1054          0          0          0          0        216   _printf_fp_dec.o
       128         16          0          0          0         84   _printf_fp_infnan.o
       178          0          0          0          0         88   _printf_intcommon.o
         0          0          0          0          0          0   _printf_percent.o
         4          0          0          0          0          0   _printf_percent_end.o
        82          0          0          0          0         80   _printf_str.o
         6          0          0          0          0          0   _printf_u.o
        22          0          0          0          0        100   _rserrno.o
        10          0          0          0          0         68   _sputc.o
        16          0          0          0          0         68   aeabi_memset.o
       228          4        148          0          0         96   bigflt0.o
      1936        128          0          0          0        672   btod.o
        40          0          0          0          0         80   calloc.o
        10          0          0          0          0         68   defsig_exit.o
       172        110          0          0          0         76   defsig_fpe_inner.o
        14          0          0          0          0         80   defsig_fpe_outer.o
        50          0          0          0          0         88   defsig_general.o
        80         58          0          0          0         76   defsig_rtmem_inner.o
        14          0          0          0          0         80   defsig_rtmem_outer.o
        18          0          0          0          0         80   exit.o
         8          0          0          0          0         68   ferror.o
        94          0          0          0          0         80   h1_alloc.o
        52          0          0          0          0         68   h1_extend.o
        78          0          0          0          0         80   h1_free.o
        14          0          0          0          0         84   h1_init.o
         6          0          0          0          0        152   heapauxi.o
         4          0          0          0          0        136   hguard.o
       138          0          0          0          0        168   init_alloc.o
        44         10         28          0          0         76   lc_numeric_c.o
         2          0          0          0          0          0   libinit.o
        30          0          0          0          0          0   libinit2.o
         2          0          0          0          0          0   libshutdown.o
         2          0          0          0          0          0   libshutdown2.o
         8          4          0          0         96         68   libspace.o
       138          0          0          0          0         80   lludiv10.o
         0          0          0          0          0          0   maybetermalloc1.o
        24          4          0          0          0         84   noretval__2printf.o
        40          6          0          0          0         84   noretval__2sprintf.o
         8          4          0          0          0         68   rt_errno_addr_intlibspace.o
         8          4          0          0          0         68   rt_heap_descriptor_intlibspace.o
         8          4          0          0          0         68   rt_locale_intlibspace.o
        68          0          0          0          0         68   rt_memclr.o
        78          0          0          0          0         80   rt_memclr_w.o
       138          0          0          0          0         68   rt_memcpy_v6.o
       100          0          0          0          0         80   rt_memcpy_w.o
         2          0          0          0          0          0   rtexit.o
        10          0          0          0          0          0   rtexit2.o
       128          0          0          0          0         68   strcmpv7m.o
        72          0          0          0          0         80   strcpy.o
        62          0          0          0          0         76   strlen.o
        74          0          0          0          0         80   sys_stackheap_outer.o
         2          0          0          0          0         68   use_no_semi.o
         2          0          0          0          0         68   use_no_semi_2.o
       708         16          0          0          0        140   d2f_clz.o
        24          0          0          0          0        116   dcmpi.o
        26          0          0          0          0        116   dflt_clz.o
       120          8          0          0          0        140   dleqf.o
       448         16          0          0          0        164   dmul_clz.o
       258          4          0          0          0        156   dnaninf.o
       112          0          0          0          0        160   drenorm_clz.o
        12          0          0          0          0        116   dretinf.o
        98          0          0          0          0        128   drleqf.o
       378          0          0          0          0        168   dunder_clz.o
       492         36          0          0          0        148   except.o
       122          8          0          0          0        132   f2d.o
       242          4          0          0          0        144   fnaninf.o
        10          0          0          0          0        116   fpinit.o
        10          0          0          0          0        116   fretinf.o
       316          0          0          0          0        132   funder_clz.o
        32          4          0          0          0        116   istatus.o
         4          0          0          0          0        116   printf1.o
       178          0          0          0          0        116   retnan.o
       126          0          0          0          0        148   trapv.o
         0          0          0          0          0          0   usenofp.o
       280         46          0          0          0        176   acosf.o
       300         42          0          0          0        176   asinf.o
       592         90          0          0          0        184   atan2f.o
        20          0          0          0          0        124   fabs.o
        48          0          0          0          0        124   fpclassify.o
        38          0          0          0          0        116   fpclassifyf.o
        44         12          0          0          0        464   funder.o
       340         24         32          0          0        160   rredf.o
        62          0          0          0          0        136   sqrtf_full.o
       380         58          0          0          0        200   tanf.o

    ----------------------------------------------------------------------
     14916        866       2272         16         96      41614   Library Totals
        22          0          0          0          0          0   (incl. Padding)

    ----------------------------------------------------------------------

      Code (inc. data)   RO Data    RW Data    ZI Data      Debug   Library Name

      2718         84         12         16          0       9922   AHRS.lib
       236         24       2052          0          0      22264   arm_cortexM4lf_math.lib
      6120        390        176          0         96       4880   c_w.l
      3716         96          0          0          0       2688   g_wm.l
      2104        272         32          0          0       1860   m_wm.l

    ----------------------------------------------------------------------
     14916        866       2272         16         96      41614   Library Totals

    ----------------------------------------------------------------------

==============================================================================


      Code (inc. data)   RO Data    RW Data    ZI Data      Debug   

     76932       3776       3768        684      91772     988689   Grand Totals
     76932       3776       3768        120      91772     988689   ELF Image Totals (compressed)
     76932       3776       3768        120          0          0   ROM Totals

==============================================================================

    Total RO  Size (Code + RO Data)                80700 (  78.81kB)
    Total RW  Size (RW Data + ZI Data)             92456 (  90.29kB)
    Total ROM Size (Code + RO Data + RW Data)      80820 (  78.93kB)

==============================================================================

