<html>
<body>
<pre>
<h1>礦ision Build Log</h1>
<h2>Tool Versions:</h2>
IDE-Version: μVision V5.29.0.0
Copyright (C) 2019 ARM Ltd and ARM Germany GmbH. All rights reserved.
License Information: uhuih gtg, ffsgdh, LIC=4ZLZ9-4TSTQ-LVT1I-T5EGU-SI4FQ-XM509
 
Tool Versions:
Toolchain:       MDK-ARM Professional  Version: 5.29.0.0
Toolchain Path:  E:\keil5\ARM\ARMCC\Bin
C Compiler:      Armcc.exe V5.06 update 6 (build 750)
Assembler:       Armasm.exe V5.06 update 6 (build 750)
Linker/Locator:  ArmLink.exe V5.06 update 6 (build 750)
Library Manager: ArmAr.exe V5.06 update 6 (build 750)
Hex Converter:   FromElf.exe V5.06 update 6 (build 750)
CPU DLL:         SARMCM3.DLL V5.29.0.0
Dialog DLL:      DCM.DLL V1.17.3.0
Target DLL:      Segger\JL2CM3.dll V2.99.36.0
Dialog DLL:      TCM.DLL V1.36.5.0
 
<h2>Project:</h2>
F:\机器人基地资料\邓金海\调车\Sentinel\Sentinel\USER\Hero2019.uvprojx
Project File Date:  03/28/2020

<h2>Output:</h2>
*** Using Compiler 'V5.06 update 6 (build 750)', folder: 'E:\keil5\ARM\ARMCC\Bin'
Build target 'Infatry_V2'
compiling system_stm32f4xx.c...
compiling main.c...
compiling stm32f4xx_it.c...
compiling FrictionMoterPWM.c...
compiling RemotDbus.c...
compiling BasicPeripherals.c...
..\BSP\BasicPeripherals.c(34): warning:  #177-D: function "Beep_PWM_Config"  was declared but never referenced
  static void Beep_PWM_Config(void)
..\BSP\BasicPeripherals.c: 1 warning, 0 errors
compiling stmflash.c...
compiling MainFocus_Usart.c...
compiling MotorCAN.c...
compiling buzzer.c...
compiling exit_init.c...
compiling adc.c...
compiling spi.c...
compiling timer.c...
compiling flash.c...
compiling power_ctrl.c...
compiling delay.c...
compiling usart6.c...
assembling startup_stm32f427_437xx.s...
compiling sys.c...
compiling misc.c...
compiling usart.c...
compiling stm32f4xx_gpio.c...
compiling stm32f4xx_syscfg.c...
compiling stm32f4xx_rcc.c...
compiling stm32f4xx_usart.c...
compiling stm32f4xx_dma.c...
compiling stm32f4xx_can.c...
compiling stm32f4xx_spi.c...
compiling stm32f4xx_flash.c...
compiling stm32f4xx_tim.c...
compiling stm32f4xx_exti.c...
compiling stm32f4xx_iwdg.c...
compiling stm32f4xx_adc.c...
compiling heap_4.c...
compiling croutine.c...
compiling port.c...
compiling event_groups.c...
compiling list.c...
compiling queue.c...
compiling stream_buffer.c...
compiling tasks.c...
compiling timers.c...
compiling calibrate_task.c...
compiling detect_task.c...
compiling gimbal_behaviour.c...
compiling pid.c...
compiling INS_task.c...
compiling gimbal_task.c...
..\App\gimbal_task.c(579): warning:  #177-D: variable "temp_max_ecd"  was declared but never referenced
      int16_t temp_max_ecd = 0, temp_min_ecd = 0, temp_ecd = 0;
..\App\gimbal_task.c(579): warning:  #177-D: variable "temp_min_ecd"  was declared but never referenced
      int16_t temp_max_ecd = 0, temp_min_ecd = 0, temp_ecd = 0;
..\App\gimbal_task.c: 2 warnings, 0 errors
compiling Auto_attackTask.c...
compiling user_lib.c...
compiling start_task.c...
compiling chassis_behaviour.c...
compiling shoot.c...
..\App\shoot.c(398): warning:  #177-D: function "SetShootFreAndSpeed"  was declared but never referenced
  static void SetShootFreAndSpeed()
..\App\shoot.c: 1 warning, 0 errors
compiling chassis_task.c...
..\App\chassis_task.c(485): warning:  #1035-D: single-precision operand implicitly converted to double-precision
  	error_out = (200.0f - GetPowerBuffer()) * 0.040;	
..\App\chassis_task.c: 1 warning, 0 errors
compiling circular_buffer.c...
compiling ist8310driver.c...
compiling AHRS_middleware.c...
compiling Referee_DispatchTask.c...
compiling ist8310driver_middleware.c...
compiling mpu6500driver_middleware.c...
compiling mpu6500driver.c...
linking...
Program Size: Code=76932 RO-data=3768 RW-data=684 ZI-data=91772  
FromELF: creating hex file...
"..\OBJ\CAN.axf" - 0 Error(s), 5 Warning(s).

<h2>Software Packages used:</h2>

Package Vendor: Keil
                http://www.keil.com/pack/Keil.STM32F4xx_DFP.2.5.0.pack
                Keil.STM32F4xx_DFP.2.5.0
                STMicroelectronics STM32F4 Series Device Support, Drivers and Examples

<h2>Collection of Component include folders:</h2>
  .\RTE\_Infatry_V2
  E:\keil5\Keil\STM32F4xx_DFP\2.5.0\Drivers\CMSIS\Device\ST\STM32F4xx\Include

<h2>Collection of Component Files used:</h2>
Build Time Elapsed:  00:00:26
</pre>
</body>
</html>
