Component: ARM Compiler 5.05 update 1 (build 106) Tool: armlink [4d0efa]

==============================================================================

Section Cross References

    main.o(.text) refers to misc.o(.text) for NVIC_PriorityGroupConfig
    main.o(.text) refers to delay.o(.text) for delay_init
    main.o(.text) refers to basicperipherals.o(.text) for BasicPreiph_Init
    main.o(.text) refers to buzzer.o(.text) for buzzer_init
    main.o(.text) refers to frictionmoterpwm.o(.text) for FrictionMoterPWM_Init
    main.o(.text) refers to usart.o(.text) for uart_init
    main.o(.text) refers to motorcan.o(.text) for MoterCanInit
    main.o(.text) refers to mainfocus_usart.o(.text) for MainFocusConfig
    main.o(.text) refers to usart6.o(.text) for USART6_Init
    main.o(.text) refers to adc.o(.text) for temperature_ADC_init
    main.o(.text) refers to power_ctrl.o(.text) for power_ctrl_configuration
    main.o(.text) refers to remotdbus.o(.text) for RemotDbus_Init
    main.o(.text) refers to calibrate_task.o(.text) for cali_param_init
    main.o(.text) refers to start_task.o(.text) for StartTask
    main.o(.text) refers to tasks.o(.text) for vTaskStartScheduler
    stm32f4xx_it.o(.text) refers to stm32f4xx_exti.o(.text) for EXTI_GetITStatus
    stm32f4xx_it.o(.text) refers to stm32f4xx_usart.o(.text) for USART_GetITStatus
    stm32f4xx_it.o(.text) refers to stm32f4xx_dma.o(.text) for DMA_GetCurrentMemoryTarget
    stm32f4xx_it.o(.text) refers to remotdbus.o(.text) for SBUS_TO_RC
    stm32f4xx_it.o(.text) refers to detect_task.o(.text) for DetectHook
    stm32f4xx_it.o(.text) refers to stm32f4xx_can.o(.text) for CAN_GetITStatus
    stm32f4xx_it.o(.text) refers to motorcan.o(.text) for CAN_hook
    stm32f4xx_it.o(.text) refers to stm32f4xx_tim.o(.text) for TIM_GetITStatus
    stm32f4xx_it.o(.text) refers to auto_attacktask.o(.text) for receiveMainFocusData
    stm32f4xx_it.o(.text) refers to stm32f4xx_it.o(.data) for this_time_rx_len
    stm32f4xx_it.o(.text) refers to remotdbus.o(.bss) for rc_ctrl
    stm32f4xx_it.o(.text) refers to auto_attacktask.o(.bss) for mainfocus_rx_buffer
    system_stm32f4xx.o(.text) refers to system_stm32f4xx.o(.data) for SystemCoreClock
    basicperipherals.o(.text) refers to stm32f4xx_rcc.o(.text) for RCC_AHB1PeriphClockCmd
    basicperipherals.o(.text) refers to stm32f4xx_gpio.o(.text) for GPIO_Init
    basicperipherals.o(.text) refers to stm32f4xx_syscfg.o(.text) for SYSCFG_EXTILineConfig
    basicperipherals.o(.text) refers to stm32f4xx_exti.o(.text) for EXTI_Init
    basicperipherals.o(.text) refers to misc.o(.text) for NVIC_Init
    basicperipherals.o(.text) refers to tasks.o(.text) for vTaskDelay
    basicperipherals.o(.text) refers to stm32f4xx_tim.o(.text) for TIM_ARRPreloadConfig
    basicperipherals.o(.text) refers to basicperipherals.o(.data) for FreeRTOSRunTimeTicks
    remotdbus.o(.text) refers to stm32f4xx_rcc.o(.text) for RCC_AHB1PeriphClockCmd
    remotdbus.o(.text) refers to stm32f4xx_gpio.o(.text) for GPIO_Init
    remotdbus.o(.text) refers to stm32f4xx_usart.o(.text) for USART_DeInit
    remotdbus.o(.text) refers to misc.o(.text) for NVIC_Init
    remotdbus.o(.text) refers to stm32f4xx_dma.o(.text) for DMA_Cmd
    remotdbus.o(.text) refers to remotdbus.o(.bss) for sbus_rx_buffer
    frictionmoterpwm.o(.text) refers to stm32f4xx_rcc.o(.text) for RCC_APB1PeriphClockCmd
    frictionmoterpwm.o(.text) refers to stm32f4xx_gpio.o(.text) for GPIO_PinAFConfig
    frictionmoterpwm.o(.text) refers to stm32f4xx_tim.o(.text) for TIM_TimeBaseInit
    motorcan.o(.text) refers to stm32f4xx_rcc.o(.text) for RCC_APB1PeriphClockCmd
    motorcan.o(.text) refers to stm32f4xx_gpio.o(.text) for GPIO_Init
    motorcan.o(.text) refers to misc.o(.text) for NVIC_Init
    motorcan.o(.text) refers to stm32f4xx_can.o(.text) for CAN_DeInit
    motorcan.o(.text) refers to detect_task.o(.text) for DetectHook
    motorcan.o(.text) refers to motorcan.o(.bss) for motor_yaw
    motorcan.o(.text) refers to motorcan.o(.data) for i
    stmflash.o(.text) refers to stm32f4xx_flash.o(.text) for FLASH_Unlock
    mainfocus_usart.o(.text) refers to stm32f4xx_rcc.o(.text) for RCC_APB1PeriphClockCmd
    mainfocus_usart.o(.text) refers to stm32f4xx_gpio.o(.text) for GPIO_PinAFConfig
    mainfocus_usart.o(.text) refers to stm32f4xx_dma.o(.text) for DMA_DeInit
    mainfocus_usart.o(.text) refers to stm32f4xx_usart.o(.text) for USART_DeInit
    mainfocus_usart.o(.text) refers to misc.o(.text) for NVIC_Init
    mainfocus_usart.o(.text) refers to auto_attacktask.o(.bss) for mainfocus_rx_buffer
    adc.o(.text) refers to stm32f4xx_adc.o(.text) for ADC_Init
    adc.o(.text) refers to stm32f4xx_rcc.o(.text) for RCC_APB2PeriphClockCmd
    buzzer.o(.text) refers to stm32f4xx_tim.o(.text) for TIM_SetCompare1
    buzzer.o(.text) refers to stm32f4xx_rcc.o(.text) for RCC_APB1PeriphClockCmd
    buzzer.o(.text) refers to stm32f4xx_gpio.o(.text) for GPIO_PinAFConfig
[...]
    SPI_TransmitReceive                      0x0800591b   Thumb Code   156  stm32f4xx_spi.o(.text)
    SPI_CalculateCRC                         0x080059b7   Thumb Code    24  stm32f4xx_spi.o(.text)
    SPI_TransmitCRC                          0x080059cf   Thumb Code    10  stm32f4xx_spi.o(.text)
    SPI_GetCRC                               0x080059d9   Thumb Code    16  stm32f4xx_spi.o(.text)
    SPI_GetCRCPolynomial                     0x080059e9   Thumb Code     6  stm32f4xx_spi.o(.text)
    SPI_I2S_DMACmd                           0x080059ef   Thumb Code    18  stm32f4xx_spi.o(.text)
    SPI_I2S_ITConfig                         0x08005a01   Thumb Code    32  stm32f4xx_spi.o(.text)
    SPI_I2S_ClearFlag                        0x08005a21   Thumb Code     6  stm32f4xx_spi.o(.text)
    SPI_I2S_GetITStatus                      0x08005a27   Thumb Code    52  stm32f4xx_spi.o(.text)
    SPI_I2S_ClearITPendingBit                0x08005a5b   Thumb Code    20  stm32f4xx_spi.o(.text)
    FLASH_SetLatency                         0x08005a71   Thumb Code     6  stm32f4xx_flash.o(.text)
    FLASH_PrefetchBufferCmd                  0x08005a77   Thumb Code    30  stm32f4xx_flash.o(.text)
    FLASH_InstructionCacheCmd                0x08005a95   Thumb Code    30  stm32f4xx_flash.o(.text)
    FLASH_DataCacheCmd                       0x08005ab3   Thumb Code    30  stm32f4xx_flash.o(.text)
    FLASH_InstructionCacheReset              0x08005ad1   Thumb Code    14  stm32f4xx_flash.o(.text)
    FLASH_DataCacheReset                     0x08005adf   Thumb Code    14  stm32f4xx_flash.o(.text)
    FLASH_Unlock                             0x08005aed   Thumb Code    26  stm32f4xx_flash.o(.text)
    FLASH_Lock                               0x08005b07   Thumb Code    18  stm32f4xx_flash.o(.text)
    FLASH_GetStatus                          0x08005b19   Thumb Code    90  stm32f4xx_flash.o(.text)
    FLASH_WaitForLastOperation               0x08005b73   Thumb Code    34  stm32f4xx_flash.o(.text)
    FLASH_EraseSector                        0x08005b95   Thumb Code   140  stm32f4xx_flash.o(.text)
    FLASH_EraseAllSectors                    0x08005c21   Thumb Code   118  stm32f4xx_flash.o(.text)
    FLASH_EraseAllBank1Sectors               0x08005c97   Thumb Code   112  stm32f4xx_flash.o(.text)
    FLASH_EraseAllBank2Sectors               0x08005d07   Thumb Code   112  stm32f4xx_flash.o(.text)
    FLASH_ProgramDoubleWord                  0x08005d77   Thumb Code    86  stm32f4xx_flash.o(.text)
    FLASH_ProgramWord                        0x08005dcd   Thumb Code    82  stm32f4xx_flash.o(.text)
    FLASH_ProgramHalfWord                    0x08005e1f   Thumb Code    96  stm32f4xx_flash.o(.text)
    FLASH_ProgramByte                        0x08005e7f   Thumb Code    70  stm32f4xx_flash.o(.text)
    FLASH_OB_Unlock                          0x08005ec5   Thumb Code    26  stm32f4xx_flash.o(.text)
    FLASH_OB_Lock                            0x08005edf   Thumb Code    18  stm32f4xx_flash.o(.text)
    FLASH_OB_WRPConfig                       0x08005ef1   Thumb Code    54  stm32f4xx_flash.o(.text)
    FLASH_OB_WRP1Config                      0x08005f27   Thumb Code    54  stm32f4xx_flash.o(.text)
    FLASH_OB_PCROPSelectionConfig            0x08005f5d   Thumb Code    24  stm32f4xx_flash.o(.text)
    FLASH_OB_PCROPConfig                     0x08005f75   Thumb Code    54  stm32f4xx_flash.o(.text)
    FLASH_OB_PCROP1Config                    0x08005fab   Thumb Code    54  stm32f4xx_flash.o(.text)
    FLASH_OB_RDPConfig                       0x08005fe1   Thumb Code    24  stm32f4xx_flash.o(.text)
    FLASH_OB_UserConfig                      0x08005ff9   Thumb Code    46  stm32f4xx_flash.o(.text)
    FLASH_OB_BootConfig                      0x08006027   Thumb Code    26  stm32f4xx_flash.o(.text)
    FLASH_OB_BORConfig                       0x08006041   Thumb Code    26  stm32f4xx_flash.o(.text)
    FLASH_OB_Launch                          0x0800605b   Thumb Code    30  stm32f4xx_flash.o(.text)
    FLASH_OB_GetUser                         0x08006079   Thumb Code    12  stm32f4xx_flash.o(.text)
    FLASH_OB_GetWRP                          0x08006085   Thumb Code     8  stm32f4xx_flash.o(.text)
    FLASH_OB_GetWRP1                         0x0800608d   Thumb Code     8  stm32f4xx_flash.o(.text)
    FLASH_OB_GetPCROP                        0x08006095   Thumb Code     8  stm32f4xx_flash.o(.text)
    FLASH_OB_GetPCROP1                       0x0800609d   Thumb Code     8  stm32f4xx_flash.o(.text)
    FLASH_OB_GetRDP                          0x080060a5   Thumb Code    20  stm32f4xx_flash.o(.text)
    FLASH_OB_GetBOR                          0x080060b9   Thumb Code    12  stm32f4xx_flash.o(.text)
    FLASH_ITConfig                           0x080060c5   Thumb Code    26  stm32f4xx_flash.o(.text)
    FLASH_GetFlagStatus                      0x080060df   Thumb Code    22  stm32f4xx_flash.o(.text)
    FLASH_ClearFlag                          0x080060f5   Thumb Code     8  stm32f4xx_flash.o(.text)
    EXTI_DeInit                              0x08006109   Thumb Code    28  stm32f4xx_exti.o(.text)
    EXTI_Init                                0x08006125   Thumb Code   142  stm32f4xx_exti.o(.text)
    EXTI_StructInit                          0x080061b3   Thumb Code    16  stm32f4xx_exti.o(.text)
    EXTI_GenerateSWInterrupt                 0x080061c3   Thumb Code    16  stm32f4xx_exti.o(.text)
    EXTI_GetFlagStatus                       0x080061d3   Thumb Code    22  stm32f4xx_exti.o(.text)
    EXTI_ClearFlag                           0x080061e9   Thumb Code     8  stm32f4xx_exti.o(.text)
    EXTI_GetITStatus                         0x080061f1   Thumb Code    22  stm32f4xx_exti.o(.text)
    EXTI_ClearITPendingBit                   0x08006207   Thumb Code     8  stm32f4xx_exti.o(.text)
    ADC_DeInit                               0x08006219   Thumb Code    22  stm32f4xx_adc.o(.text)
    ADC_Init                                 0x0800622f   Thumb Code    74  stm32f4xx_adc.o(.text)
    ADC_StructInit                           0x08006279   Thumb Code    20  stm32f4xx_adc.o(.text)
    ADC_CommonInit                           0x0800628d   Thumb Code    34  stm32f4xx_adc.o(.text)
    ADC_CommonStructInit                     0x080062af   Thumb Code    12  stm32f4xx_adc.o(.text)
    ADC_Cmd                                  0x080062bb   Thumb Code    22  stm32f4xx_adc.o(.text)
    ADC_AnalogWatchdogCmd                    0x080062d1   Thumb Code    16  stm32f4xx_adc.o(.text)
    ADC_AnalogWatchdogThresholdsConfig       0x080062e1   Thumb Code     6  stm32f4xx_adc.o(.text)
    ADC_AnalogWatchdogSingleChannelConfig    0x080062e7   Thumb Code    16  stm32f4xx_adc.o(.text)
    ADC_TempSensorVrefintCmd                 0x080062f7   Thumb Code    34  stm32f4xx_adc.o(.text)
    ADC_VBATCmd                              0x08006319   Thumb Code    34  stm32f4xx_adc.o(.text)
    ADC_RegularChannelConfig                 0x0800633b   Thumb Code   184  stm32f4xx_adc.o(.text)
    ADC_SoftwareStartConv                    0x080063f3   Thumb Code    10  stm32f4xx_adc.o(.text)
    ADC_GetSoftwareStartConvStatus           0x080063fd   Thumb Code    20  stm32f4xx_adc.o(.text)
    ADC_EOCOnEachRegularChannelCmd           0x08006411   Thumb Code    22  stm32f4xx_adc.o(.text)
    ADC_ContinuousModeCmd                    0x08006427   Thumb Code    22  stm32f4xx_adc.o(.text)
    ADC_DiscModeChannelCountConfig           0x0800643d   Thumb Code    24  stm32f4xx_adc.o(.text)
    ADC_DiscModeCmd                          0x08006455   Thumb Code    22  stm32f4xx_adc.o(.text)
    ADC_GetConversionValue                   0x0800646b   Thumb Code     8  stm32f4xx_adc.o(.text)
    ADC_GetMultiModeConversionValue          0x08006473   Thumb Code     8  stm32f4xx_adc.o(.text)
    ADC_DMACmd                               0x0800647b   Thumb Code    22  stm32f4xx_adc.o(.text)
    ADC_DMARequestAfterLastTransferCmd       0x08006491   Thumb Code    22  stm32f4xx_adc.o(.text)
    ADC_MultiModeDMARequestAfterLastTransferCmd 0x080064a7   Thumb Code    34  stm32f4xx_adc.o(.text)
    ADC_InjectedChannelConfig                0x080064c9   Thumb Code   130  stm32f4xx_adc.o(.text)
    ADC_InjectedSequencerLengthConfig        0x0800654b   Thumb Code    24  stm32f4xx_adc.o(.text)
    ADC_SetInjectedOffset                    0x08006563   Thumb Code    20  stm32f4xx_adc.o(.text)
    ADC_ExternalTrigInjectedConvConfig       0x08006577   Thumb Code    16  stm32f4xx_adc.o(.text)
    ADC_ExternalTrigInjectedConvEdgeConfig   0x08006587   Thumb Code    16  stm32f4xx_adc.o(.text)
    ADC_SoftwareStartInjectedConv            0x08006597   Thumb Code    10  stm32f4xx_adc.o(.text)
    ADC_GetSoftwareStartInjectedConvCmdStatus 0x080065a1   Thumb Code    20  stm32f4xx_adc.o(.text)
    ADC_AutoInjectedConvCmd                  0x080065b5   Thumb Code    22  stm32f4xx_adc.o(.text)
    ADC_InjectedDiscModeCmd                  0x080065cb   Thumb Code    22  stm32f4xx_adc.o(.text)
    ADC_GetInjectedConversionValue           0x080065e1   Thumb Code    28  stm32f4xx_adc.o(.text)
    ADC_ITConfig                             0x080065fd   Thumb Code    56  stm32f4xx_adc.o(.text)
    ADC_GetFlagStatus                        0x08006635   Thumb Code    18  stm32f4xx_adc.o(.text)
    ADC_ClearFlag                            0x08006647   Thumb Code     6  stm32f4xx_adc.o(.text)
    ADC_GetITStatus                          0x0800664d   Thumb Code    38  stm32f4xx_adc.o(.text)
    ADC_ClearITPendingBit                    0x08006673   Thumb Code    10  stm32f4xx_adc.o(.text)
    pvPortMalloc                             0x0800673f   Thumb Code   296  heap_4.o(.text)
    vPortFree                                0x08006867   Thumb Code   140  heap_4.o(.text)
    xPortGetFreeHeapSize                     0x080068f3   Thumb Code     6  heap_4.o(.text)
    xPortGetMinimumEverFreeHeapSize          0x080068f9   Thumb Code     6  heap_4.o(.text)
    vPortInitialiseBlocks                    0x080068ff   Thumb Code     2  heap_4.o(.text)
    pxPortInitialiseStack                    0x08006955   Thumb Code    38  port.o(.text)
    vPortSetupTimerInterrupt                 0x0800697b   Thumb Code    36  port.o(.text)
    xPortStartScheduler                      0x0800699f   Thumb Code   330  port.o(.text)
    vPortEndScheduler                        0x08006ae9   Thumb Code    42  port.o(.text)
    vPortEnterCritical                       0x08006b13   Thumb Code    78  port.o(.text)
    vPortExitCritical                        0x08006b61   Thumb Code    56  port.o(.text)
    xPortSysTickHandler                      0x08006b99   Thumb Code    48  port.o(.text)
    vPortValidateInterruptPriority           0x08006bc9   Thumb Code   108  port.o(.text)
    vListInitialise                          0x08006c59   Thumb Code    26  list.o(.text)
    vListInitialiseItem                      0x08006c73   Thumb Code     6  list.o(.text)
    vListInsertEnd                           0x08006c79   Thumb Code    24  list.o(.text)
    vListInsert                              0x08006c91   Thumb Code    52  list.o(.text)
    uxListRemove                             0x08006cc5   Thumb Code    40  list.o(.text)
    xQueueGenericReset                       0x08006ced   Thumb Code   146  queue.o(.text)
    xQueueGenericCreate                      0x08006da9   Thumb Code    90  queue.o(.text)
    xQueueGenericSend                        0x08006f1d   Thumb Code   420  queue.o(.text)
    xQueueCreateMutex                        0x080070df   Thumb Code    34  queue.o(.text)
    xQueueGiveMutexRecursive                 0x08007101   Thumb Code    78  queue.o(.text)
    xQueueSemaphoreTake                      0x0800717d   Thumb Code   434  queue.o(.text)
    xQueueTakeMutexRecursive                 0x0800732f   Thumb Code    78  queue.o(.text)
    xQueueCreateCountingSemaphore            0x0800737d   Thumb Code    92  queue.o(.text)
    xQueueGenericSendFromISR                 0x080073d9   Thumb Code   248  queue.o(.text)
    xQueueGiveFromISR                        0x080074d1   Thumb Code   224  queue.o(.text)
    xQueueReceive                            0x080075db   Thumb Code   362  queue.o(.text)
    xQueuePeek                               0x08007745   Thumb Code   362  queue.o(.text)
    xQueueReceiveFromISR                     0x080078af   Thumb Code   202  queue.o(.text)
    xQueuePeekFromISR                        0x08007979   Thumb Code   176  queue.o(.text)
    uxQueueMessagesWaiting                   0x08007a29   Thumb Code    42  queue.o(.text)
    uxQueueSpacesAvailable                   0x08007a53   Thumb Code    52  queue.o(.text)
    uxQueueMessagesWaitingFromISR            0x08007a87   Thumb Code    34  queue.o(.text)
    vQueueUnregisterQueue                    0x08007aa9   Thumb Code    44  queue.o(.text)
    vQueueDelete                             0x08007ad5   Thumb Code    44  queue.o(.text)
    uxQueueGetQueueNumber                    0x08007b01   Thumb Code     6  queue.o(.text)
    vQueueSetQueueNumber                     0x08007b07   Thumb Code     4  queue.o(.text)
    ucQueueGetQueueType                      0x08007b0b   Thumb Code     8  queue.o(.text)
    xQueueIsQueueEmptyFromISR                0x08007b13   Thumb Code    42  queue.o(.text)
    xQueueIsQueueFullFromISR                 0x08007b3d   Thumb Code    46  queue.o(.text)
    vQueueAddToRegistry                      0x08007b6b   Thumb Code    38  queue.o(.text)
    pcQueueGetName                           0x08007b91   Thumb Code    38  queue.o(.text)
    vQueueWaitForMessageRestricted           0x08007bb7   Thumb Code    74  queue.o(.text)
    xTaskCreate                              0x08007db5   Thumb Code    96  tasks.o(.text)
    vTaskDelete                              0x08007e51   Thumb Code   202  tasks.o(.text)
    xTaskIncrementTick                       0x08007f1b   Thumb Code   360  tasks.o(.text)
    xTaskResumeAll                           0x08008083   Thumb Code   224  tasks.o(.text)
    vTaskSuspendAll                          0x080081df   Thumb Code    12  tasks.o(.text)
    vTaskDelayUntil                          0x080081eb   Thumb Code   200  tasks.o(.text)
    vTaskDelay                               0x080082b3   Thumb Code    82  tasks.o(.text)
    eTaskGetState                            0x08008305   Thumb Code   128  tasks.o(.text)
    uxTaskPriorityGet                        0x08008385   Thumb Code    30  tasks.o(.text)
    uxTaskPriorityGetFromISR                 0x080083a3   Thumb Code    62  tasks.o(.text)
    vTaskPrioritySet                         0x080083e1   Thumb Code   324  tasks.o(.text)
    vTaskSwitchContext                       0x08008525   Thumb Code   170  tasks.o(.text)
    vTaskSuspend                             0x080085cf   Thumb Code   210  tasks.o(.text)
    vTaskResume                              0x080086f1   Thumb Code   128  tasks.o(.text)
    xTaskResumeFromISR                       0x08008771   Thumb Code   158  tasks.o(.text)
    vTaskStartScheduler                      0x080088a9   Thumb Code   122  tasks.o(.text)
    vTaskEndScheduler                        0x08008923   Thumb Code    32  tasks.o(.text)
    xTaskGetTickCount                        0x08008943   Thumb Code     6  tasks.o(.text)
    xTaskGetTickCountFromISR                 0x08008949   Thumb Code    16  tasks.o(.text)
    uxTaskGetNumberOfTasks                   0x08008959   Thumb Code     6  tasks.o(.text)
    pcTaskGetName                            0x0800895f   Thumb Code    44  tasks.o(.text)
    xTaskGetHandle                           0x08008a3b   Thumb Code   142  tasks.o(.text)
    vTaskGetInfo                             0x08008adf   Thumb Code   126  tasks.o(.text)
    uxTaskGetSystemState                     0x08008bc7   Thumb Code   154  tasks.o(.text)
    vTaskPlaceOnEventList                    0x08008c61   Thumb Code   112  tasks.o(.text)
    vTaskPlaceOnUnorderedEventList           0x08008cd1   Thumb Code   100  tasks.o(.text)
    vTaskPlaceOnEventListRestricted          0x08008d35   Thumb Code    60  tasks.o(.text)
    xTaskRemoveFromEventList                 0x08008d71   Thumb Code   128  tasks.o(.text)
    vTaskRemoveFromUnorderedEventList        0x08008df1   Thumb Code   142  tasks.o(.text)
    vTaskSetTimeOutState                     0x08008e7f   Thumb Code    50  tasks.o(.text)
    vTaskInternalSetTimeOutState             0x08008eb1   Thumb Code    14  tasks.o(.text)
    xTaskCheckForTimeOut                     0x08008ebf   Thumb Code   132  tasks.o(.text)
    vTaskMissedYield                         0x08008f43   Thumb Code     8  tasks.o(.text)
    uxTaskGetTaskNumber                      0x08008f4b   Thumb Code    14  tasks.o(.text)
    vTaskSetTaskNumber                       0x08008f59   Thumb Code     8  tasks.o(.text)
    xTaskGetCurrentTaskHandle                0x08008f61   Thumb Code     6  tasks.o(.text)
    xTaskGetSchedulerState                   0x08008f67   Thumb Code    24  tasks.o(.text)
    xTaskPriorityInherit                     0x08008f7f   Thumb Code   186  tasks.o(.text)
    xTaskPriorityDisinherit                  0x08009039   Thumb Code   228  tasks.o(.text)
    vTaskPriorityDisinheritAfterTimeout      0x0800911d   Thumb Code   230  tasks.o(.text)
    vTaskList                                0x0800922d   Thumb Code   200  tasks.o(.text)
    vTaskGetRunTimeStats                     0x080092f5   Thumb Code   168  tasks.o(.text)
    uxTaskResetEventItemValue                0x0800939d   Thumb Code    24  tasks.o(.text)
    pvTaskIncrementMutexHeldCount            0x080093b5   Thumb Code    26  tasks.o(.text)
    ulTaskNotifyTake                         0x080093cf   Thumb Code   108  tasks.o(.text)
    xTaskNotifyWait                          0x0800943b   Thumb Code   150  tasks.o(.text)
    xTaskGenericNotify                       0x080094d1   Thumb Code   340  tasks.o(.text)
    xTaskGenericNotifyFromISR                0x08009625   Thumb Code   334  tasks.o(.text)
    vTaskNotifyGiveFromISR                   0x08009773   Thumb Code   214  tasks.o(.text)
    xTaskNotifyStateClear                    0x08009849   Thumb Code    48  tasks.o(.text)
    xTimerGenericCommand                     0x080098e5   Thumb Code   126  timers.o(.text)
    xTimerCreateTimerTask                    0x08009c5b   Thumb Code   118  timers.o(.text)
    xTimerCreate                             0x08009d1f   Thumb Code    48  timers.o(.text)
    xTimerGetTimerDaemonTaskHandle           0x08009d4f   Thumb Code    42  timers.o(.text)
    xTimerGetPeriod                          0x08009d79   Thumb Code    32  timers.o(.text)
    xTimerGetExpiryTime                      0x08009d99   Thumb Code    34  timers.o(.text)
    pcTimerGetName                           0x08009dbb   Thumb Code    32  timers.o(.text)
    xTimerIsTimerActive                      0x08009ddb   Thumb Code    62  timers.o(.text)
    pvTimerGetTimerID                        0x08009e19   Thumb Code    44  timers.o(.text)
    vTimerSetTimerID                         0x08009e45   Thumb Code    44  timers.o(.text)
    uxTimerGetTimerNumber                    0x08009e71   Thumb Code     6  timers.o(.text)
    vTimerSetTimerNumber                     0x08009e77   Thumb Code     4  timers.o(.text)
    calibrate_task                           0x0800a1b1   Thumb Code   348  calibrate_task.o(.text)
    get_control_temperate                    0x0800a30d   Thumb Code     8  calibrate_task.o(.text)
    cali_param_init                          0x0800a3f9   Thumb Code   168  calibrate_task.o(.text)
    getFlashLatitude                         0x0800a5af   Thumb Code    32  calibrate_task.o(.text)
    DetectTask                               0x0800a815   Thumb Code   686  detect_task.o(.text)
    toe_is_error                             0x0800aac3   Thumb Code    20  detect_task.o(.text)
    DetectHook                               0x0800aad7   Thumb Code   288  detect_task.o(.text)
    getErrorListPoint                        0x0800abf7   Thumb Code     4  detect_task.o(.text)
    gimbal_behaviour_mode_set                0x0800af71   Thumb Code   196  gimbal_behaviour.o(.text)
    gimbal_behaviour_control_set             0x0800b441   Thumb Code   352  gimbal_behaviour.o(.text)
    gimbal_cmd_to_chassis_stop               0x0800b5a1   Thumb Code    30  gimbal_behaviour.o(.text)
    gimbal_cmd_to_shoot_stop                 0x0800b5bf   Thumb Code    30  gimbal_behaviour.o(.text)
    IsGimbalMotionless                       0x0800b5dd   Thumb Code    16  gimbal_behaviour.o(.text)
    GIMBAL_task                              0x0800bf25   Thumb Code   272  gimbal_task.o(.text)
    set_cali_gimbal_hook                     0x0800c035   Thumb Code    28  gimbal_task.o(.text)
    cmd_cali_gimbal_hook                     0x0800c13d   Thumb Code   194  gimbal_task.o(.text)
    get_yaw_motor_point                      0x0800c1ff   Thumb Code     6  gimbal_task.o(.text)
    get_pitch_motor_point                    0x0800c205   Thumb Code     6  gimbal_task.o(.text)
    getPitchAngle                            0x0800c20b   Thumb Code    34  gimbal_task.o(.text)
    getEenmyColor                            0x0800c22d   Thumb Code    60  gimbal_task.o(.text)
    INSTask                                  0x0800c43f   Thumb Code   828  ins_task.o(.text)
    INS_cali_gyro                            0x0800c77b   Thumb Code    96  ins_task.o(.text)
    INS_set_cali_gyro                        0x0800c7db   Thumb Code    28  ins_task.o(.text)
    get_INS_angle_point                      0x0800c7f7   Thumb Code     4  ins_task.o(.text)
    get_MPU6500_Gyro_Data_Point              0x0800c7fb   Thumb Code     4  ins_task.o(.text)
    get_MPU6500_Accel_Data_Point             0x0800c7ff   Thumb Code     4  ins_task.o(.text)
    EXTI9_5_IRQHandler                       0x0800c803   Thumb Code    32  ins_task.o(.text)
    DMA2_Stream5_IRQHandler                  0x0800c823   Thumb Code    66  ins_task.o(.text)
    PID_Init                                 0x0800c899   Thumb Code    92  pid.o(.text)
    PID_Calc                                 0x0800c8f5   Thumb Code   492  pid.o(.text)
    PID_clear                                0x0800cae1   Thumb Code    72  pid.o(.text)
    UsartDebugTask                           0x0800cb2d   Thumb Code   118  start_task.o(.text)
    Send_ClientData_Task                     0x0800cba3   Thumb Code    26  start_task.o(.text)
    Sned_MainFoucs_Task                      0x0800cbbd   Thumb Code    46  start_task.o(.text)
    start_task                               0x0800cbeb   Thumb Code   216  start_task.o(.text)
    StartTask                                0x0800ccc3   Thumb Code    26  start_task.o(.text)
    invSqrt                                  0x0800cdc5   Thumb Code    56  user_lib.o(.text)
    ramp_init                                0x0800cdfd   Thumb Code    40  user_lib.o(.text)
    ramp_calc                                0x0800ce25   Thumb Code    90  user_lib.o(.text)
    first_order_filter_init                  0x0800ce7f   Thumb Code    32  user_lib.o(.text)
    first_order_filter_cali                  0x0800ce9f   Thumb Code    84  user_lib.o(.text)
    abs_limit                                0x0800cef3   Thumb Code    48  user_lib.o(.text)
    sign                                     0x0800cf23   Thumb Code    26  user_lib.o(.text)
    fp32_deadline                            0x0800cf3d   Thumb Code    30  user_lib.o(.text)
    int16_deadline                           0x0800cf5b   Thumb Code    12  user_lib.o(.text)
    fp32_constrain                           0x0800cf67   Thumb Code    42  user_lib.o(.text)
    int16_constrain                          0x0800cf91   Thumb Code    22  user_lib.o(.text)
    loop_fp32_constrain                      0x0800cfa7   Thumb Code    96  user_lib.o(.text)
    theta_format                             0x0800d007   Thumb Code    24  user_lib.o(.text)
    send_data                                0x0800d031   Thumb Code    78  auto_attacktask.o(.text)
    receiveMainFocusData                     0x0800d07f   Thumb Code   180  auto_attacktask.o(.text)
    GetAutoDataPoint                         0x0800d133   Thumb Code     4  auto_attacktask.o(.text)
    iSIdentifySuccess                        0x0800d137   Thumb Code    20  auto_attacktask.o(.text)
    chassis_behaviour_mode_set               0x0800d16d   Thumb Code   150  chassis_behaviour.o(.text)
    chassis_behaviour_control_set            0x0800d441   Thumb Code   156  chassis_behaviour.o(.text)
    isChassisSwing                           0x0800d4dd   Thumb Code     6  chassis_behaviour.o(.text)
    chassis_task                             0x0800dbff   Thumb Code   192  chassis_task.o(.text)
    chassis_rc_to_control_vector             0x0800dcbf   Thumb Code   314  chassis_task.o(.text)
    GetChassisMaxOutput                      0x0800de79   Thumb Code    10  chassis_task.o(.text)
    getChassisGive_current                   0x0800de83   Thumb Code     6  chassis_task.o(.text)
    shoot_init                               0x0800e3b9   Thumb Code   488  shoot.o(.text)
    shoot_control_loop                       0x0800e7b1   Thumb Code   962  shoot.o(.text)
    IsPowerOf2                               0x0800f1cd   Thumb Code    48  circular_buffer.o(.text)
    RoundUp_PowerOf2                         0x0800f1fd   Thumb Code    56  circular_buffer.o(.text)
    RoundDown_PowerOf2                       0x0800f235   Thumb Code    56  circular_buffer.o(.text)
    CircBuf_Init                             0x0800f26d   Thumb Code    60  circular_buffer.o(.text)
    CircBuf_Alloc                            0x0800f2a9   Thumb Code    74  circular_buffer.o(.text)
    CircBuf_Free                             0x0800f2f3   Thumb Code    14  circular_buffer.o(.text)
    CircBuf_Push                             0x0800f301   Thumb Code   116  circular_buffer.o(.text)
    CircBuf_Pop                              0x0800f375   Thumb Code   108  circular_buffer.o(.text)
    CircBuf_PopOneChar                       0x0800f3e1   Thumb Code    18  circular_buffer.o(.text)
    CircBuf_At                               0x0800f3f3   Thumb Code    22  circular_buffer.o(.text)
    CircBuf_Drop                             0x0800f409   Thumb Code    24  circular_buffer.o(.text)
    CircBuf_GetAvalaibleSize                 0x0800f421   Thumb Code    22  circular_buffer.o(.text)
    CircBuf_GetUsedSize                      0x0800f437   Thumb Code    10  circular_buffer.o(.text)
    CircBuf_IsEmpty                          0x0800f441   Thumb Code    22  circular_buffer.o(.text)
    CircBuf_IsFull                           0x0800f457   Thumb Code    26  circular_buffer.o(.text)
    Get_CRC16_Check_Sum                      0x0800f471   Thumb Code    46  referee_dispatchtask.o(.text)
    Verify_CRC16_Check_Sum                   0x0800f49f   Thumb Code    60  referee_dispatchtask.o(.text)
    Get_CRC8_Check_Sum                       0x0800f4db   Thumb Code    30  referee_dispatchtask.o(.text)
    Verify_CRC8_Check_Sum                    0x0800f4f9   Thumb Code    46  referee_dispatchtask.o(.text)
    DispchRefereeTask                        0x0800f527   Thumb Code   564  referee_dispatchtask.o(.text)
    GetEenmyColor                            0x0800f75b   Thumb Code    42  referee_dispatchtask.o(.text)
    GetRealPower                             0x0800f785   Thumb Code    10  referee_dispatchtask.o(.text)
    GetPowerBuffer                           0x0800f78f   Thumb Code    14  referee_dispatchtask.o(.text)
    GetRefereeDataPoint                      0x0800f79d   Thumb Code     4  referee_dispatchtask.o(.text)
    Append_CRC16_Check_Sum                   0x0800f7a1   Thumb Code    44  referee_dispatchtask.o(.text)
    Append_CRC8_Check_Sum                    0x0800f7cd   Thumb Code    36  referee_dispatchtask.o(.text)
    SendDataToClient                         0x0800f7f1   Thumb Code   180  referee_dispatchtask.o(.text)
    AHRS_get_height                          0x0800f8a5   Thumb Code    12  ahrs_middleware.o(.text)
    AHRS_get_latitude                        0x0800f8b1   Thumb Code    12  ahrs_middleware.o(.text)
    AHRS_invSqrt                             0x0800f8bd   Thumb Code    56  ahrs_middleware.o(.text)
    AHRS_sinf                                0x0800f8f5   Thumb Code    24  ahrs_middleware.o(.text)
    AHRS_cosf                                0x0800f90d   Thumb Code    24  ahrs_middleware.o(.text)
    AHRS_tanf                                0x0800f925   Thumb Code    24  ahrs_middleware.o(.text)
    AHRS_asinf                               0x0800f93d   Thumb Code    24  ahrs_middleware.o(.text)
    AHRS_acosf                               0x0800f955   Thumb Code    24  ahrs_middleware.o(.text)
    AHRS_atan2f                              0x0800f96d   Thumb Code    32  ahrs_middleware.o(.text)
    ist8310_init                             0x0800f999   Thumb Code   140  ist8310driver.o(.text)
    ist8310_read_over                        0x0800fa25   Thumb Code   126  ist8310driver.o(.text)
    ist8310_read_mag                         0x0800faa3   Thumb Code   136  ist8310driver.o(.text)
    ist8310_GPIO_init                        0x0800fb35   Thumb Code    84  ist8310driver_middleware.o(.text)
    ist8310_com_init                         0x0800fb89   Thumb Code     2  ist8310driver_middleware.o(.text)
    ist8310_auto_com_by_mpu6500              0x0800fb8b   Thumb Code    20  ist8310driver_middleware.o(.text)
    ist8310_delay_us                         0x0800fb9f   Thumb Code    12  ist8310driver_middleware.o(.text)
    ist8310_IIC_read_single_reg              0x0800fbab   Thumb Code    40  ist8310driver_middleware.o(.text)
    ist8310_IIC_write_single_reg             0x0800fbd3   Thumb Code    32  ist8310driver_middleware.o(.text)
    ist8310_IIC_read_muli_reg                0x0800fbf3   Thumb Code    34  ist8310driver_middleware.o(.text)
    ist8310_IIC_write_muli_reg               0x0800fc15   Thumb Code    42  ist8310driver_middleware.o(.text)
    ist8310_delay_ms                         0x0800fc3f   Thumb Code    12  ist8310driver_middleware.o(.text)
    ist8310_RST_H                            0x0800fc4b   Thumb Code    12  ist8310driver_middleware.o(.text)
    ist8310_RST_L                            0x0800fc57   Thumb Code    12  ist8310driver_middleware.o(.text)
    mpu6500_init                             0x0800fc75   Thumb Code   192  mpu6500driver.o(.text)
    mpu6500_read_over                        0x0800fd35   Thumb Code   304  mpu6500driver.o(.text)
    gyro_offset                              0x0800fe65   Thumb Code    98  mpu6500driver.o(.text)
    mpu6500_read_gyro                        0x0800fec7   Thumb Code   136  mpu6500driver.o(.text)
    mpu6500_read_accel                       0x0800ff4f   Thumb Code   136  mpu6500driver.o(.text)
    mpu6500_read_temp                        0x0800ffd7   Thumb Code    72  mpu6500driver.o(.text)
    mpu6500_GPIO_init                        0x08010039   Thumb Code    48  mpu6500driver_middleware.o(.text)
    mpu6500_com_init                         0x08010069   Thumb Code     8  mpu6500driver_middleware.o(.text)
    mpu6500_middleware_delay_ms              0x08010071   Thumb Code    12  mpu6500driver_middleware.o(.text)
    mpu6500_middleware_delay_us              0x0801007d   Thumb Code    12  mpu6500driver_middleware.o(.text)
    mpu6500_SPI_NS_H                         0x08010089   Thumb Code    12  mpu6500driver_middleware.o(.text)
    mpu6500_SPI_NS_L                         0x08010095   Thumb Code    12  mpu6500driver_middleware.o(.text)
    mpu6500_write_single_reg                 0x080100ef   Thumb Code    28  mpu6500driver_middleware.o(.text)
    mpu6500_read_single_reg                  0x0801010b   Thumb Code    32  mpu6500driver_middleware.o(.text)
    mpu6500_write_muli_reg                   0x0801012b   Thumb Code    52  mpu6500driver_middleware.o(.text)
    mpu6500_read_muli_reg                    0x0801015f   Thumb Code    56  mpu6500driver_middleware.o(.text)
    arm_cos_f32                              0x080101a1   Thumb Code   108  arm_cos_f32.o(.text)
    arm_sin_f32                              0x08010219   Thumb Code   104  arm_sin_f32.o(.text)
    __use_no_semihosting                     0x0801028d   Thumb Code     2  use_no_semi_2.o(.text)
    calloc                                   0x0801028f   Thumb Code    40  calloc.o(.text)
    free                                     0x080102b7   Thumb Code    78  h1_free.o(.text)
    __2printf                                0x08010305   Thumb Code    20  noretval__2printf.o(.text)
    __2sprintf                               0x0801031d   Thumb Code    34  noretval__2sprintf.o(.text)
    __printf                                 0x08010345   Thumb Code   104  __printf.o(.text)
    _printf_str                              0x080103ad   Thumb Code    82  _printf_str.o(.text)
    _printf_int_dec                          0x08010401   Thumb Code   104  _printf_dec.o(.text)
    strcpy                                   0x08010479   Thumb Code    72  strcpy.o(.text)
    strlen                                   0x080104c1   Thumb Code    62  strlen.o(.text)
    __aeabi_memcpy                           0x080104ff   Thumb Code     0  rt_memcpy_v6.o(.text)
    __rt_memcpy                              0x080104ff   Thumb Code   138  rt_memcpy_v6.o(.text)
    _memcpy_lastbytes                        0x08010565   Thumb Code     0  rt_memcpy_v6.o(.text)
    __aeabi_memcpy4                          0x08010589   Thumb Code     0  rt_memcpy_w.o(.text)
    __aeabi_memcpy8                          0x08010589   Thumb Code     0  rt_memcpy_w.o(.text)
    __rt_memcpy_w                            0x08010589   Thumb Code   100  rt_memcpy_w.o(.text)
    _memcpy_lastbytes_aligned                0x080105d1   Thumb Code     0  rt_memcpy_w.o(.text)
    __aeabi_memset                           0x080105ed   Thumb Code    16  aeabi_memset.o(.text)
    __aeabi_memclr4                          0x080105fd   Thumb Code     0  rt_memclr_w.o(.text)
    __aeabi_memclr8                          0x080105fd   Thumb Code     0  rt_memclr_w.o(.text)
    __rt_memclr_w                            0x080105fd   Thumb Code    78  rt_memclr_w.o(.text)
    _memset_w                                0x08010601   Thumb Code     0  rt_memclr_w.o(.text)
    __use_two_region_memory                  0x0801064b   Thumb Code     2  heapauxi.o(.text)
    __rt_heap_escrow                         0x0801064d   Thumb Code     2  heapauxi.o(.text)
    __rt_heap_expand                         0x0801064f   Thumb Code     2  heapauxi.o(.text)
    __I$use$semihosting                      0x08010651   Thumb Code     0  use_no_semi.o(.text)
    __use_no_semihosting_swi                 0x08010651   Thumb Code     2  use_no_semi.o(.text)
    __rt_heap_descriptor                     0x08010655   Thumb Code     8  rt_heap_descriptor_intlibspace.o(.text)
    __use_no_heap                            0x0801065d   Thumb Code     2  hguard.o(.text)
    __heap$guard                             0x0801065f   Thumb Code     2  hguard.o(.text)
    _terminate_user_alloc                    0x08010661   Thumb Code     2  init_alloc.o(.text)
    _init_user_alloc                         0x08010663   Thumb Code     2  init_alloc.o(.text)
    __Heap_Full                              0x08010665   Thumb Code    34  init_alloc.o(.text)
    __Heap_Broken                            0x08010687   Thumb Code     6  init_alloc.o(.text)
    _init_alloc                              0x0801068d   Thumb Code    94  init_alloc.o(.text)
    malloc                                   0x080106eb   Thumb Code    94  h1_alloc.o(.text)
    __read_errno                             0x08010749   Thumb Code    10  _rserrno.o(.text)
    __set_errno                              0x08010753   Thumb Code    12  _rserrno.o(.text)
    _printf_int_common                       0x0801075f   Thumb Code   178  _printf_intcommon.o(.text)
    __lib_sel_fp_printf                      0x08010811   Thumb Code     2  _printf_fp_dec.o(.text)
    _printf_fp_dec_real                      0x080109bf   Thumb Code   620  _printf_fp_dec.o(.text)
    _printf_char_common                      0x08010c37   Thumb Code    32  _printf_char_common.o(.text)
    _sputc                                   0x08010c5d   Thumb Code    10  _sputc.o(.text)
    _printf_cs_common                        0x08010c67   Thumb Code    20  _printf_char.o(.text)
    _printf_char                             0x08010c7b   Thumb Code    16  _printf_char.o(.text)
    _printf_string                           0x08010c8b   Thumb Code     8  _printf_char.o(.text)
    _printf_char_file                        0x08010c95   Thumb Code    32  _printf_char_file.o(.text)
    __aeabi_memclr                           0x08010cb9   Thumb Code     0  rt_memclr.o(.text)
    __rt_memclr                              0x08010cb9   Thumb Code    68  rt_memclr.o(.text)
    _memset                                  0x08010cbd   Thumb Code     0  rt_memclr.o(.text)
    __user_libspace                          0x08010cfd   Thumb Code     8  libspace.o(.text)
    __user_perproc_libspace                  0x08010cfd   Thumb Code     0  libspace.o(.text)
    __user_perthread_libspace                0x08010cfd   Thumb Code     0  libspace.o(.text)
    __rt_locale                              0x08010d05   Thumb Code     8  rt_locale_intlibspace.o(.text)
    __aeabi_errno_addr                       0x08010d0d   Thumb Code     8  rt_errno_addr_intlibspace.o(.text)
    __errno$intlibspace                      0x08010d0d   Thumb Code     0  rt_errno_addr_intlibspace.o(.text)
    __rt_errno_addr$intlibspace              0x08010d0d   Thumb Code     0  rt_errno_addr_intlibspace.o(.text)
    __Heap_Initialize                        0x08010d15   Thumb Code    10  h1_init.o(.text)
    __Heap_DescSize                          0x08010d1f   Thumb Code     4  h1_init.o(.text)
    __Heap_ProvideMemory                     0x08010d23   Thumb Code    52  h1_extend.o(.text)
    _ll_udiv10                               0x08010d57   Thumb Code   138  lludiv10.o(.text)
    _fp_trap                                 0x08010de1   Thumb Code    44  _fptrap.o(.text)
    _printf_fp_infnan                        0x08010e11   Thumb Code   112  _printf_fp_infnan.o(.text)
    _btod_etento                             0x08010e91   Thumb Code   216  bigflt0.o(.text)
    ferror                                   0x08010f6d   Thumb Code     8  ferror.o(.text)
    __rt_SIGRTMEM                            0x08010f75   Thumb Code    14  defsig_rtmem_outer.o(.text)
    __user_setup_stackheap                   0x08010f83   Thumb Code    74  sys_stackheap_outer.o(.text)
    exit                                     0x08010fcd   Thumb Code    12  exit.o(.text)
    __sig_exit                               0x08010fd9   Thumb Code    10  defsig_exit.o(.text)
    __rt_SIGFPE                              0x08010fe3   Thumb Code    14  defsig_fpe_outer.o(.text)
    __rt_SIGRTMEM_inner                      0x08010ff1   Thumb Code    22  defsig_rtmem_inner.o(.text)
    strcmp                                   0x08011041   Thumb Code   128  strcmpv7m.o(.text)
    __default_signal_display                 0x080110c1   Thumb Code    50  defsig_general.o(.text)
    __rt_SIGFPE_inner                        0x080110f5   Thumb Code    62  defsig_fpe_inner.o(.text)
    _btod_d2e                                0x080111a1   Thumb Code    62  btod.o(CL$$btod_d2e)
    _d2e_denorm_low                          0x080111df   Thumb Code    70  btod.o(CL$$btod_d2e_denorm_low)
    _d2e_norm_op1                            0x08011225   Thumb Code    96  btod.o(CL$$btod_d2e_norm_op1)
    __btod_div_common                        0x08011285   Thumb Code   696  btod.o(CL$$btod_div_common)
    _e2e                                     0x080115bd   Thumb Code   198  btod.o(CL$$btod_e2e)
    _btod_ediv                               0x08011683   Thumb Code    40  btod.o(CL$$btod_ediv)
    _btod_emul                               0x080116ab   Thumb Code    40  btod.o(CL$$btod_emul)
    __btod_mult_common                       0x080116d3   Thumb Code   580  btod.o(CL$$btod_mult_common)
    AHRS_init                                0x08011931   Thumb Code   626  ahrs.o(i.AHRS_init)
    AHRS_update                              0x08011bcd   Thumb Code   314  ahrs.o(i.AHRS_update)
    __ARM_fpclassify                         0x08011d07   Thumb Code    48  fpclassify.o(i.__ARM_fpclassify)
    __ARM_fpclassifyf                        0x08011d37   Thumb Code    38  fpclassifyf.o(i.__ARM_fpclassifyf)
    __hardfp_acosf                           0x08011d5d   Thumb Code   234  acosf.o(i.__hardfp_acosf)
    __hardfp_asinf                           0x08011e75   Thumb Code   258  asinf.o(i.__hardfp_asinf)
    __hardfp_atan2f                          0x08011fa1   Thumb Code   502  atan2f.o(i.__hardfp_atan2f)
    __hardfp_fabs                            0x080121f1   Thumb Code    20  fabs.o(i.__hardfp_fabs)
    __hardfp_tanf                            0x08012205   Thumb Code   322  tanf.o(i.__hardfp_tanf)
    __mathlib_flt_infnan                     0x08012381   Thumb Code     6  funder.o(i.__mathlib_flt_infnan)
    __mathlib_flt_infnan2                    0x08012387   Thumb Code     6  funder.o(i.__mathlib_flt_infnan2)
    __mathlib_flt_invalid                    0x0801238d   Thumb Code    10  funder.o(i.__mathlib_flt_invalid)
    __mathlib_flt_underflow                  0x0801239d   Thumb Code    10  funder.o(i.__mathlib_flt_underflow)
    __mathlib_rredf2                         0x080123ad   Thumb Code   316  rredf.o(i.__mathlib_rredf2)
    get_angle                                0x080129c9   Thumb Code   232  ahrs.o(i.get_angle)
    sqrtf                                    0x08012b35   Thumb Code    62  sqrtf_full.o(i.sqrtf)
    _get_lc_numeric                          0x08012bed   Thumb Code    44  lc_numeric_c.o(locale$$code)
    __aeabi_d2f                              0x08012c19   Thumb Code     0  d2f_clz.o(x$fpl$d2f)
    _d2f                                     0x08012c19   Thumb Code   700  d2f_clz.o(x$fpl$d2f)
    __fpl_dcmp_Inf                           0x08012edd   Thumb Code    24  dcmpi.o(x$fpl$dcmpinf)
    __dflt_normalise                         0x08012ef5   Thumb Code    26  dflt_clz.o(x$fpl$dfltn)
    __aeabi_cdcmple                          0x08012f11   Thumb Code     0  dleqf.o(x$fpl$dleqf)
    _dcmple                                  0x08012f11   Thumb Code   120  dleqf.o(x$fpl$dleqf)
    __fpl_dcmple_InfNaN                      0x08012f69   Thumb Code     0  dleqf.o(x$fpl$dleqf)
    __fpl_dnaninf                            0x08012f89   Thumb Code   258  dnaninf.o(x$fpl$dnaninf)
    __fpl_drenorm2                           0x0801308b   Thumb Code   106  drenorm_clz.o(x$fpl$drenorm)
    __fpl_drenorm1                           0x080130f5   Thumb Code     6  drenorm_clz.o(x$fpl$drenorm)
    __fpl_dretinf                            0x080130fb   Thumb Code    12  dretinf.o(x$fpl$dretinf)
    __aeabi_cdrcmple                         0x08013107   Thumb Code     0  drleqf.o(x$fpl$drleqf)
    _drcmple                                 0x08013107   Thumb Code    98  drleqf.o(x$fpl$drleqf)
    __dunder                                 0x08013169   Thumb Code   314  dunder_clz.o(x$fpl$dunder)
    __dunder_d                               0x080132a3   Thumb Code    64  dunder_clz.o(x$fpl$dunder)
    __fpl_exception                          0x080132e5   Thumb Code   454  except.o(x$fpl$exception)
    __aeabi_f2d                              0x080134d1   Thumb Code     0  f2d.o(x$fpl$f2d)
    _f2d                                     0x080134d1   Thumb Code   122  f2d.o(x$fpl$f2d)
    __fpl_fnaninf                            0x0801354b   Thumb Code   242  fnaninf.o(x$fpl$fnaninf)
    _fp_init                                 0x0801363d   Thumb Code    10  fpinit.o(x$fpl$fpinit)
    __fplib_config_fpu_vfp                   0x08013645   Thumb Code     0  fpinit.o(x$fpl$fpinit)
    __fplib_config_pureend_doubles           0x08013645   Thumb Code     0  fpinit.o(x$fpl$fpinit)
    __fpl_fretinf                            0x08013647   Thumb Code    10  fretinf.o(x$fpl$fretinf)
    __funder                                 0x08013651   Thumb Code   254  funder_clz.o(x$fpl$funder)
    __funder_d                               0x0801374f   Thumb Code    62  funder_clz.o(x$fpl$funder)
    __ieee_status                            0x0801378d   Thumb Code    28  istatus.o(x$fpl$ieeestatus)
    _printf_fp_dec                           0x080137ad   Thumb Code     4  printf1.o(x$fpl$printf1)
    __fpl_return_NaN                         0x080137b1   Thumb Code   178  retnan.o(x$fpl$retnan)
    _fp_trapveneer                           0x08013863   Thumb Code    36  trapv.o(x$fpl$trapveneer)
    __fpl_cmpreturn                          0x08013887   Thumb Code    90  trapv.o(x$fpl$trapveneer)
    __I$use$fp                               0x080138e0   Number         0  usenofp.o(x$fpl$usenofp)
    CRC8_INIT                                0x080139fc   Data           1  referee_dispatchtask.o(.constdata)
    CRC8_TAB                                 0x080139fd   Data         256  referee_dispatchtask.o(.constdata)
    wCRC_Table                               0x08013afe   Data         512  referee_dispatchtask.o(.constdata)
    sinTable_f32                             0x08013d40   Data        2052  arm_common_tables.o(.constdata)
    Region$$Table$$Base                      0x080145f8   Number         0  anon$$obj.o(Region$$Table)
    Region$$Table$$Limit                     0x08014618   Number         0  anon$$obj.o(Region$$Table)
    failcnt                                  0x20000000   Data           2  stm32f4xx_it.o(.data)
    SystemCoreClock                          0x20000008   Data           4  system_stm32f4xx.o(.data)
    AHBPrescTable                            0x2000000c   Data          16  system_stm32f4xx.o(.data)
    FreeRTOSRunTimeTicks                     0x2000001c   Data           4  basicperipherals.o(.data)
    SectorsWRPStatus                         0x20000024   Data           4  flash.o(.data)
    __stdout                                 0x2000002c   Data           4  usart.o(.data)
    pxCurrentTCB                             0x20000064   Data           4  tasks.o(.data)
    cali_hook_fun                            0x200000e4   Data          20  calibrate_task.o(.data)
    test                                     0x20000119   Data           1  gimbal_behaviour.o(.data)
    ration_y                                 0x2000011c   Data           4  gimbal_behaviour.o(.data)
    ration_p                                 0x20000120   Data           4  gimbal_behaviour.o(.data)
    Yaw_Can_Set_Current                      0x20000144   Data           2  gimbal_task.o(.data)
    Pitch_Can_Set_Current                    0x20000146   Data           2  gimbal_task.o(.data)
    Shoot_Can_Set_Current                    0x20000148   Data           2  gimbal_task.o(.data)
    time_delay                               0x2000014a   Data           1  gimbal_task.o(.data)
    yaw_ins_int_1000                         0x2000014c   Data           4  gimbal_task.o(.data)
    pitch_ins_int_1000                       0x20000150   Data           4  gimbal_task.o(.data)
    yaw_ins_set_1000                         0x20000154   Data           4  gimbal_task.o(.data)
    pitch_ins_set_1000                       0x20000158   Data           4  gimbal_task.o(.data)
    pitch_relative_set_1000                  0x2000015c   Data           4  gimbal_task.o(.data)
    pitch_relative_angle_1000                0x20000160   Data           4  gimbal_task.o(.data)
    yaw_speed_int_1000                       0x20000164   Data           4  gimbal_task.o(.data)
    pitch_speed_int_1000                     0x20000168   Data           4  gimbal_task.o(.data)
    yaw_speed_set_int_1000                   0x2000016c   Data           4  gimbal_task.o(.data)
    pitch_speed_set_int_1000                 0x20000170   Data           4  gimbal_task.o(.data)
    GIMBALTask_Handler                       0x20000204   Data           4  start_task.o(.data)
    ChassisTask_Handler                      0x20000214   Data           4  start_task.o(.data)
    pitch                                    0x20000218   Data           1  start_task.o(.data)
    Auto_Origion                             0x2000021a   Data           6  auto_attacktask.o(.data)
    SendBuff                                 0x20000220   Data           4  auto_attacktask.o(.data)
    rx_fail_cnt                              0x20000224   Data           2  auto_attacktask.o(.data)
    shoot_mode                               0x2000023c   Data           1  shoot.o(.data)
    freOfSmallBullet                         0x20000240   Data           4  shoot.o(.data)
    freOfBigBullet                           0x20000244   Data           4  shoot.o(.data)
    speedOfBigBullet                         0x20000248   Data           4  shoot.o(.data)
    speedOfSmallBullet                       0x2000024c   Data           2  shoot.o(.data)
    only_one_bulet_flag                      0x2000024e   Data           1  shoot.o(.data)
    crc_fail_cnt                             0x2000025c   Data           2  referee_dispatchtask.o(.data)
    Len                                      0x20000260   Data           4  referee_dispatchtask.o(.data)
    frame_len                                0x20000264   Data           4  referee_dispatchtask.o(.data)
    CRC_INIT                                 0x20000268   Data           2  referee_dispatchtask.o(.data)
    sbus_rx_buffer                           0x2000027c   Data          72  remotdbus.o(.bss)
    rc_ctrl                                  0x200002c4   Data          22  remotdbus.o(.bss)
    USART6_RxBuf0                            0x20000348   Data        1300  usart6.o(.bss)
    USART6_RxBuf1                            0x2000085c   Data        1300  usart6.o(.bss)
    USART6_TxBuf                             0x20000d70   Data         300  usart6.o(.bss)
    USART6_TxBuff                            0x20000e9c   Data        3500  usart6.o(.bss)
    USART6_RxBuff                            0x20001c48   Data        3500  usart6.o(.bss)
    USART6_RxCBuf                            0x200029f4   Data          16  usart6.o(.bss)
    USART6_TxCBuf                            0x20002a04   Data          16  usart6.o(.bss)
    xQueueRegistry                           0x20015614   Data          64  queue.o(.bss)
    errorList                                0x200159d5   Data         324  detect_task.o(.bss)
    gimbal_control                           0x20015b1c   Data         496  gimbal_task.o(.bss)
    AutoData                                 0x20015e30   Data          20  auto_attacktask.o(.bss)
    mainfocus_rx_buffer                      0x20015e44   Data         200  auto_attacktask.o(.bss)
    trigger_motor_pid                        0x2001613c   Data         216  shoot.o(.bss)
    fric_motor_pid                           0x20016214   Data         144  shoot.o(.bss)
    trigger_motor                            0x200162a4   Data         300  shoot.o(.bss)
    fric_motor                               0x200163d0   Data         200  shoot.o(.bss)
    Transmission_BufferOfUsart6              0x200164c8   Data          50  referee_dispatchtask.o(.bss)
    Referee_date1                            0x200164fa   Data          86  referee_dispatchtask.o(.bss)
    __libspace_start                         0x2001656c   Data          96  libspace.o(.bss)
    __temporary_stack_top$libspace           0x200165cc   Data           0  libspace.o(.bss)



==============================================================================

Memory Map of the image

  Image Entry point : 0x080001ad

  Load Region LR_IROM1 (Base: 0x08000000, Size: 0x000148b0, Max: 0x00200000, ABSOLUTE, COMPRESSED[0x000146b8])

    Execution Region ER_IROM1 (Base: 0x08000000, Size: 0x00014634, Max: 0x00200000, ABSOLUTE)

    Base Addr    Size         Type   Attr      Idx    E Section Name        Object

    0x08000000   0x000001ac   Data   RO          772    RESET               startup_stm32f427_437xx.o
    0x080001ac   0x00000008   Code   RO         2248  * !!!main             c_w.l(__main.o)
    0x080001b4   0x00000034   Code   RO         2653    !!!scatter          c_w.l(__scatter.o)
    0x080001e8   0x0000005a   Code   RO         2651    !!dczerorl2         c_w.l(__dczerorl2.o)
    0x08000242   0x00000002   PAD
    0x08000244   0x0000001c   Code   RO         2655    !!handler_zi        c_w.l(__scatter_zi.o)
    0x08000260   0x00000000   Code   RO         2231    .ARM.Collect$$_printf_percent$$00000000  c_w.l(_printf_percent.o)
    0x08000260   0x00000006   Code   RO         2230    .ARM.Collect$$_printf_percent$$00000003  c_w.l(_printf_f.o)
    0x08000266   0x00000006   Code   RO         2228    .ARM.Collect$$_printf_percent$$00000009  c_w.l(_printf_d.o)
    0x0800026c   0x00000006   Code   RO         2229    .ARM.Collect$$_printf_percent$$0000000A  c_w.l(_printf_u.o)
    0x08000272   0x00000006   Code   RO         2227    .ARM.Collect$$_printf_percent$$00000013  c_w.l(_printf_c.o)
    0x08000278   0x00000004   Code   RO         2360    .ARM.Collect$$_printf_percent$$00000017  c_w.l(_printf_percent_end.o)
    0x0800027c   0x00000002   Code   RO         2586    .ARM.Collect$$libinit$$00000000  c_w.l(libinit.o)
    0x0800027e   0x00000004   Code   RO         2504    .ARM.Collect$$libinit$$00000001  c_w.l(libinit2.o)
    0x08000282   0x00000000   Code   RO         2507    .ARM.Collect$$libinit$$00000004  c_w.l(libinit2.o)
    0x08000282   0x00000008   Code   RO         2508    .ARM.Collect$$libinit$$00000005  c_w.l(libinit2.o)
    0x0800028a   0x00000000   Code   RO         2510    .ARM.Collect$$libinit$$0000000A  c_w.l(libinit2.o)
    0x0800028a   0x00000000   Code   RO         2512    .ARM.Collect$$libinit$$0000000C  c_w.l(libinit2.o)
    0x0800028a   0x00000000   Code   RO         2514    .ARM.Collect$$libinit$$0000000E  c_w.l(libinit2.o)
    0x0800028a   0x00000006   Code   RO         2515    .ARM.Collect$$libinit$$0000000F  c_w.l(libinit2.o)
    0x08000290   0x00000000   Code   RO         2517    .ARM.Collect$$libinit$$00000011  c_w.l(libinit2.o)
    0x08000290   0x00000000   Code   RO         2519    .ARM.Collect$$libinit$$00000013  c_w.l(libinit2.o)
    0x08000290   0x00000000   Code   RO         2521    .ARM.Collect$$libinit$$00000015  c_w.l(libinit2.o)
    0x08000290   0x0000000a   Code   RO         2522    .ARM.Collect$$libinit$$00000016  c_w.l(libinit2.o)
    0x0800029a   0x00000000   Code   RO         2523    .ARM.Collect$$libinit$$00000017  c_w.l(libinit2.o)
    0x0800029a   0x00000000   Code   RO         2525    .ARM.Collect$$libinit$$00000019  c_w.l(libinit2.o)
    0x0800029a   0x00000000   Code   RO         2527    .ARM.Collect$$libinit$$0000001B  c_w.l(libinit2.o)
    0x0800029a   0x00000000   Code   RO         2529    .ARM.Collect$$libinit$$0000001D  c_w.l(libinit2.o)
    0x0800029a   0x00000000   Code   RO         2531    .ARM.Collect$$libinit$$0000001F  c_w.l(libinit2.o)
    0x0800029a   0x00000000   Code   RO         2533    .ARM.Collect$$libinit$$00000021  c_w.l(libinit2.o)
    0x0800029a   0x00000000   Code   RO         2535    .ARM.Collect$$libinit$$00000023  c_w.l(libinit2.o)
    0x0800029a   0x00000000   Code   RO         2537    .ARM.Collect$$libinit$$00000025  c_w.l(libinit2.o)
    0x0800029a   0x00000000   Code   RO         2541    .ARM.Collect$$libinit$$0000002C  c_w.l(libinit2.o)
    0x0800029a   0x00000000   Code   RO         2543    .ARM.Collect$$libinit$$0000002E  c_w.l(libinit2.o)
    0x0800029a   0x00000000   Code   RO         2545    .ARM.Collect$$libinit$$00000030  c_w.l(libinit2.o)
    0x0800029a   0x00000000   Code   RO         2547    .ARM.Collect$$libinit$$00000032  c_w.l(libinit2.o)
    0x0800029a   0x00000002   Code   RO         2548    .ARM.Collect$$libinit$$00000033  c_w.l(libinit2.o)
    0x0800029c   0x00000002   Code   RO         2648    .ARM.Collect$$libshutdown$$00000000  c_w.l(libshutdown.o)
    0x0800029e   0x00000000   Code   RO         2610    .ARM.Collect$$libshutdown$$00000003  c_w.l(libshutdown2.o)
    0x0800029e   0x00000000   Code   RO         2613    .ARM.Collect$$libshutdown$$00000006  c_w.l(libshutdown2.o)
    0x0800029e   0x00000000   Code   RO         2616    .ARM.Collect$$libshutdown$$00000009  c_w.l(libshutdown2.o)
    0x0800029e   0x00000000   Code   RO         2618    .ARM.Collect$$libshutdown$$0000000B  c_w.l(libshutdown2.o)
    0x0800029e   0x00000000   Code   RO         2621    .ARM.Collect$$libshutdown$$0000000E  c_w.l(libshutdown2.o)
    0x0800029e   0x00000002   Code   RO         2622    .ARM.Collect$$libshutdown$$0000000F  c_w.l(libshutdown2.o)
    0x080002a0   0x00000000   Code   RO         2318    .ARM.Collect$$rtentry$$00000000  c_w.l(__rtentry.o)
    0x080002a0   0x00000000   Code   RO         2421    .ARM.Collect$$rtentry$$00000002  c_w.l(__rtentry2.o)
    0x080002a0   0x00000006   Code   RO         2433    .ARM.Collect$$rtentry$$00000004  c_w.l(__rtentry4.o)
    0x080002a6   0x00000000   Code   RO         2423    .ARM.Collect$$rtentry$$00000009  c_w.l(__rtentry2.o)
    0x080002a6   0x00000004   Code   RO         2424    .ARM.Collect$$rtentry$$0000000A  c_w.l(__rtentry2.o)
    0x080002aa   0x00000000   Code   RO         2426    .ARM.Collect$$rtentry$$0000000C  c_w.l(__rtentry2.o)
    0x080002aa   0x00000008   Code   RO         2427    .ARM.Collect$$rtentry$$0000000D  c_w.l(__rtentry2.o)
    0x080002b2   0x00000002   Code   RO         2592    .ARM.Collect$$rtexit$$00000000  c_w.l(rtexit.o)
    0x080002b4   0x00000000   Code   RO         2624    .ARM.Collect$$rtexit$$00000002  c_w.l(rtexit2.o)
    0x080002b4   0x00000004   Code   RO         2625    .ARM.Collect$$rtexit$$00000003  c_w.l(rtexit2.o)
    0x080002b8   0x00000006   Code   RO         2626    .ARM.Collect$$rtexit$$00000004  c_w.l(rtexit2.o)
    0x080002be   0x00000002   PAD
    0x080002c0   0x000000be   Code   RO         1079    .emb_text           port.o
    0x0800037e   0x00000002   PAD
    0x08000380   0x00000000   Code   RO         2445    .emb_text           c_w.l(maybetermalloc1.o)
    0x08000380   0x0000007e   Code   RO            3    .text               main.o
    0x080003fe   0x00000002   PAD
    0x08000400   0x000002d4   Code   RO          250    .text               stm32f4xx_it.o
    0x080006d4   0x00000244   Code   RO          333    .text               system_stm32f4xx.o
    0x08000918   0x000003d0   Code   RO          359    .text               basicperipherals.o
    0x08000ce8   0x0000035c   Code   RO          385    .text               remotdbus.o
    0x08001044   0x00000130   Code   RO          411    .text               frictionmoterpwm.o
    0x08001174   0x000005c0   Code   RO          434    .text               motorcan.o
    0x08001734   0x000001c4   Code   RO          483    .text               mainfocus_usart.o
    0x080018f8   0x0000010c   Code   RO          510    .text               adc.o
    0x08001a04   0x000000d8   Code   RO          530    .text               buzzer.o
    0x08001adc   0x00000088   Code   RO          550    .text               exit_init.o
    0x08001b64   0x0000057c   Code   RO          573    .text               flash.o
    0x080020e0   0x00000250   Code   RO          599    .text               spi.o
    0x08002330   0x000002dc   Code   RO          622    .text               timer.o
    0x0800260c   0x00000094   Code   RO          642    .text               power_ctrl.o
    0x080026a0   0x0000040c   Code   RO          662    .text               usart6.o
    0x08002aac   0x000000ec   Code   RO          699    .text               delay.o
    0x08002b98   0x000000b0   Code   RO          739    .text               usart.o
    0x08002c48   0x00000040   Code   RO          773    .text               startup_stm32f427_437xx.o
    0x08002c88   0x000000e0   Code   RO          779    .text               misc.o
    0x08002d68   0x00000294   Code   RO          799    .text               stm32f4xx_gpio.o
    0x08002ffc   0x00000660   Code   RO          819    .text               stm32f4xx_rcc.o
    0x0800365c   0x00000094   Code   RO          841    .text               stm32f4xx_syscfg.o
    0x080036f0   0x00000454   Code   RO          861    .text               stm32f4xx_usart.o
    0x08003b44   0x000009f0   Code   RO          881    .text               stm32f4xx_can.o
    0x08004534   0x000003a8   Code   RO          901    .text               stm32f4xx_dma.o
    0x080048dc   0x00000ca2   Code   RO          921    .text               stm32f4xx_tim.o
    0x0800557e   0x00000002   PAD
    0x08005580   0x000004ee   Code   RO          941    .text               stm32f4xx_spi.o
    0x08005a6e   0x00000002   PAD
    0x08005a70   0x00000698   Code   RO          961    .text               stm32f4xx_flash.o
    0x08006108   0x00000110   Code   RO         1001    .text               stm32f4xx_exti.o
    0x08006218   0x00000464   Code   RO         1021    .text               stm32f4xx_adc.o
    0x0800667c   0x0000029c   Code   RO         1039    .text               heap_4.o
    0x08006918   0x00000340   Code   RO         1080    .text               port.o
    0x08006c58   0x00000094   Code   RO         1145    .text               list.o
    0x08006cec   0x00000f18   Code   RO         1160    .text               queue.o
    0x08007c04   0x00001c90   Code   RO         1205    .text               tasks.o
    0x08009894   0x000005ec   Code   RO         1231    .text               timers.o
    0x08009e80   0x00000774   Code   RO         1251    .text               calibrate_task.o
    0x0800a5f4   0x00000614   Code   RO         1294    .text               detect_task.o
    0x0800ac08   0x00000a08   Code   RO         1325    .text               gimbal_behaviour.o
    0x0800b610   0x00000c74   Code   RO         1361    .text               gimbal_task.o
    0x0800c284   0x00000614   Code   RO         1396    .text               ins_task.o
    0x0800c898   0x00000294   Code   RO         1438    .text               pid.o
    0x0800cb2c   0x00000298   Code   RO         1458    .text               start_task.o
    0x0800cdc4   0x0000026c   Code   RO         1510    .text               user_lib.o
    0x0800d030   0x0000013c   Code   RO         1530    .text               auto_attacktask.o
    0x0800d16c   0x000003b0   Code   RO         1557    .text               chassis_behaviour.o
    0x0800d51c   0x0000097c   Code   RO         1585    .text               chassis_task.o
    0x0800de98   0x00001334   Code   RO         1609    .text               shoot.o
    0x0800f1cc   0x000002a4   Code   RO         1638    .text               circular_buffer.o
    0x0800f470   0x00000434   Code   RO         1655    .text               referee_dispatchtask.o
    0x0800f8a4   0x000000f4   Code   RO         1684    .text               ahrs_middleware.o
    0x0800f998   0x0000019c   Code   RO         1790    .text               ist8310driver.o
    0x0800fb34   0x00000140   Code   RO         1818    .text               ist8310driver_middleware.o
    0x0800fc74   0x000003c4   Code   RO         1844    .text               mpu6500driver.o
    0x08010038   0x00000168   Code   RO         1867    .text               mpu6500driver_middleware.o
    0x080101a0   0x00000078   Code   RO         1975    .text               arm_cortexM4lf_math.lib(arm_cos_f32.o)
    0x08010218   0x00000074   Code   RO         2028    .text               arm_cortexM4lf_math.lib(arm_sin_f32.o)
    0x0801028c   0x00000002   Code   RO         2133    .text               c_w.l(use_no_semi_2.o)
    0x0801028e   0x00000028   Code   RO         2137    .text               c_w.l(calloc.o)
    0x080102b6   0x0000004e   Code   RO         2139    .text               c_w.l(h1_free.o)
    0x08010304   0x00000018   Code   RO         2197    .text               c_w.l(noretval__2printf.o)
    0x0801031c   0x00000028   Code   RO         2199    .text               c_w.l(noretval__2sprintf.o)
    0x08010344   0x00000068   Code   RO         2201    .text               c_w.l(__printf.o)
    0x080103ac   0x00000052   Code   RO         2203    .text               c_w.l(_printf_str.o)
    0x080103fe   0x00000002   PAD
    0x08010400   0x00000078   Code   RO         2205    .text               c_w.l(_printf_dec.o)
    0x08010478   0x00000048   Code   RO         2232    .text               c_w.l(strcpy.o)
    0x080104c0   0x0000003e   Code   RO         2234    .text               c_w.l(strlen.o)
    0x080104fe   0x0000008a   Code   RO         2236    .text               c_w.l(rt_memcpy_v6.o)
    0x08010588   0x00000064   Code   RO         2238    .text               c_w.l(rt_memcpy_w.o)
    0x080105ec   0x00000010   Code   RO         2242    .text               c_w.l(aeabi_memset.o)
    0x080105fc   0x0000004e   Code   RO         2244    .text               c_w.l(rt_memclr_w.o)
    0x0801064a   0x00000006   Code   RO         2246    .text               c_w.l(heapauxi.o)
    0x08010650   0x00000002   Code   RO         2314    .text               c_w.l(use_no_semi.o)
    0x08010652   0x00000002   PAD
    0x08010654   0x00000008   Code   RO         2322    .text               c_w.l(rt_heap_descriptor_intlibspace.o)
    0x0801065c   0x00000004   Code   RO         2324    .text               c_w.l(hguard.o)
    0x08010660   0x0000008a   Code   RO         2326    .text               c_w.l(init_alloc.o)
    0x080106ea   0x0000005e   Code   RO         2332    .text               c_w.l(h1_alloc.o)
    0x08010748   0x00000016   Code   RO         2346    .text               c_w.l(_rserrno.o)
    0x0801075e   0x000000b2   Code   RO         2348    .text               c_w.l(_printf_intcommon.o)
    0x08010810   0x0000041a   Code   RO         2350    .text               c_w.l(_printf_fp_dec.o)
    0x08010c2a   0x00000002   PAD
    0x08010c2c   0x00000030   Code   RO         2352    .text               c_w.l(_printf_char_common.o)
    0x08010c5c   0x0000000a   Code   RO         2354    .text               c_w.l(_sputc.o)
    0x08010c66   0x0000002c   Code   RO         2356    .text               c_w.l(_printf_char.o)
    0x08010c92   0x00000002   PAD
    0x08010c94   0x00000024   Code   RO         2358    .text               c_w.l(_printf_char_file.o)
    0x08010cb8   0x00000044   Code   RO         2361    .text               c_w.l(rt_memclr.o)
    0x08010cfc   0x00000008   Code   RO         2417    .text               c_w.l(libspace.o)
    0x08010d04   0x00000008   Code   RO         2438    .text               c_w.l(rt_locale_intlibspace.o)
    0x08010d0c   0x00000008   Code   RO         2443    .text               c_w.l(rt_errno_addr_intlibspace.o)
    0x08010d14   0x0000000e   Code   RO         2447    .text               c_w.l(h1_init.o)
    0x08010d22   0x00000034   Code   RO         2449    .text               c_w.l(h1_extend.o)
    0x08010d56   0x0000008a   Code   RO         2455    .text               c_w.l(lludiv10.o)
    0x08010de0   0x00000030   Code   RO         2457    .text               c_w.l(_fptrap.o)
    0x08010e10   0x00000080   Code   RO         2459    .text               c_w.l(_printf_fp_infnan.o)
    0x08010e90   0x000000dc   Code   RO         2463    .text               c_w.l(bigflt0.o)
    0x08010f6c   0x00000008   Code   RO         2488    .text               c_w.l(ferror.o)
    0x08010f74   0x0000000e   Code   RO         2495    .text               c_w.l(defsig_rtmem_outer.o)
    0x08010f82   0x0000004a   Code   RO         2559    .text               c_w.l(sys_stackheap_outer.o)
    0x08010fcc   0x0000000c   Code   RO         2567    .text               c_w.l(exit.o)
    0x08010fd8   0x0000000a   Code   RO         2569    .text               c_w.l(defsig_exit.o)
    0x08010fe2   0x0000000e   Code   RO         2571    .text               c_w.l(defsig_fpe_outer.o)
    0x08010ff0   0x00000050   Code   RO         2575    .text               c_w.l(defsig_rtmem_inner.o)
    0x08011040   0x00000080   Code   RO         2577    .text               c_w.l(strcmpv7m.o)
    0x080110c0   0x00000032   Code   RO         2600    .text               c_w.l(defsig_general.o)
    0x080110f2   0x00000002   PAD
    0x080110f4   0x000000ac   Code   RO         2602    .text               c_w.l(defsig_fpe_inner.o)
    0x080111a0   0x0000003e   Code   RO         2466    CL$$btod_d2e        c_w.l(btod.o)
    0x080111de   0x00000046   Code   RO         2468    CL$$btod_d2e_denorm_low  c_w.l(btod.o)
    0x08011224   0x00000060   Code   RO         2467    CL$$btod_d2e_norm_op1  c_w.l(btod.o)
    0x08011284   0x00000338   Code   RO         2476    CL$$btod_div_common  c_w.l(btod.o)
    0x080115bc   0x000000c6   Code   RO         2473    CL$$btod_e2e        c_w.l(btod.o)
    0x08011682   0x00000028   Code   RO         2470    CL$$btod_ediv       c_w.l(btod.o)
    0x080116aa   0x00000028   Code   RO         2469    CL$$btod_emul       c_w.l(btod.o)
    0x080116d2   0x00000244   Code   RO         2475    CL$$btod_mult_common  c_w.l(btod.o)
    0x08011916   0x0000001a   Code   RO         1885    i.AHRS_fabs         AHRS.lib(ahrs.o)
    0x08011930   0x0000029c   Code   RO         1886    i.AHRS_init         AHRS.lib(ahrs.o)
    0x08011bcc   0x0000013a   Code   RO         1887    i.AHRS_update       AHRS.lib(ahrs.o)
    0x08011d06   0x00000030   Code   RO         2555    i.__ARM_fpclassify  m_wm.l(fpclassify.o)
    0x08011d36   0x00000026   Code   RO         2386    i.__ARM_fpclassifyf  m_wm.l(fpclassifyf.o)
    0x08011d5c   0x00000118   Code   RO         2260    i.__hardfp_acosf    m_wm.l(acosf.o)
    0x08011e74   0x0000012c   Code   RO         2272    i.__hardfp_asinf    m_wm.l(asinf.o)
    0x08011fa0   0x00000250   Code   RO         2284    i.__hardfp_atan2f   m_wm.l(atan2f.o)
    0x080121f0   0x00000014   Code   RO         2296    i.__hardfp_fabs     m_wm.l(fabs.o)
    0x08012204   0x0000017c   Code   RO         2302    i.__hardfp_tanf     m_wm.l(tanf.o)
    0x08012380   0x00000006   Code   RO         2389    i.__mathlib_flt_infnan  m_wm.l(funder.o)
    0x08012386   0x00000006   Code   RO         2390    i.__mathlib_flt_infnan2  m_wm.l(funder.o)
    0x0801238c   0x00000010   Code   RO         2391    i.__mathlib_flt_invalid  m_wm.l(funder.o)
    0x0801239c   0x00000010   Code   RO         2394    i.__mathlib_flt_underflow  m_wm.l(funder.o)
    0x080123ac   0x00000154   Code   RO         2402    i.__mathlib_rredf2  m_wm.l(rredf.o)
    0x08012500   0x000001d0   Code   RO         1888    i.accel_comple_filter  AHRS.lib(ahrs.o)
    0x080126d0   0x0000018c   Code   RO         1889    i.accel_update_kp_ki  AHRS.lib(ahrs.o)
    0x0801285c   0x0000016c   Code   RO         1890    i.angle_to_quat     AHRS.lib(ahrs.o)
    0x080129c8   0x000000e8   Code   RO         1891    i.get_angle         AHRS.lib(ahrs.o)
    0x08012ab0   0x00000084   Code   RO         1896    i.quat_normalization  AHRS.lib(ahrs.o)
    0x08012b34   0x0000003e   Code   RO         2407    i.sqrtf             m_wm.l(sqrtf_full.o)
    0x08012b72   0x0000007a   Code   RO         1897    i.update_w          AHRS.lib(ahrs.o)
    0x08012bec   0x0000002c   Code   RO         2493    locale$$code        c_w.l(lc_numeric_c.o)
    0x08012c18   0x000002c4   Code   RO         2250    x$fpl$d2f           g_wm.l(d2f_clz.o)
    0x08012edc   0x00000018   Code   RO         2363    x$fpl$dcmpinf       g_wm.l(dcmpi.o)
    0x08012ef4   0x0000001a   Code   RO         2367    x$fpl$dfltn         g_wm.l(dflt_clz.o)
    0x08012f0e   0x00000002   PAD
    0x08012f10   0x00000078   Code   RO         2252    x$fpl$dleqf         g_wm.l(dleqf.o)
    0x08012f88   0x00000102   Code   RO         2371    x$fpl$dnaninf       g_wm.l(dnaninf.o)
    0x0801308a   0x00000070   Code   RO         2587    x$fpl$drenorm       g_wm.l(drenorm_clz.o)
    0x080130fa   0x0000000c   Code   RO         2373    x$fpl$dretinf       g_wm.l(dretinf.o)
    0x08013106   0x00000062   Code   RO         2254    x$fpl$drleqf        g_wm.l(drleqf.o)
    0x08013168   0x0000017a   Code   RO         2549    x$fpl$dunder        g_wm.l(dunder_clz.o)
    0x080132e2   0x00000002   PAD
    0x080132e4   0x000001ec   Code   RO         2375    x$fpl$exception     g_wm.l(except.o)
    0x080134d0   0x0000007a   Code   RO         2256    x$fpl$f2d           g_wm.l(f2d.o)
    0x0801354a   0x000000f2   Code   RO         2377    x$fpl$fnaninf       g_wm.l(fnaninf.o)
    0x0801363c   0x0000000a   Code   RO         2589    x$fpl$fpinit        g_wm.l(fpinit.o)
    0x08013646   0x0000000a   Code   RO         2379    x$fpl$fretinf       g_wm.l(fretinf.o)
    0x08013650   0x0000013c   Code   RO         2381    x$fpl$funder        g_wm.l(funder_clz.o)
    0x0801378c   0x00000020   Code   RO         2551    x$fpl$ieeestatus    g_wm.l(istatus.o)
    0x080137ac   0x00000004   Code   RO         2258    x$fpl$printf1       g_wm.l(printf1.o)
    0x080137b0   0x000000b2   Code   RO         2553    x$fpl$retnan        g_wm.l(retnan.o)
    0x08013862   0x0000007e   Code   RO         2383    x$fpl$trapveneer    g_wm.l(trapv.o)
    0x080138e0   0x00000000   Code   RO         2385    x$fpl$usenofp       g_wm.l(usenofp.o)
    0x080138e0   0x00000014   Data   RO          664    .constdata          usart6.o
    0x080138f4   0x0000000f   Data   RO         1253    .constdata          calibrate_task.o
    0x08013903   0x00000001   PAD
    0x08013904   0x00000030   Data   RO         1296    .constdata          detect_task.o
    0x08013934   0x00000018   Data   RO         1363    .constdata          gimbal_task.o
    0x0801394c   0x00000030   Data   RO         1398    .constdata          ins_task.o
    0x0801397c   0x00000020   Data   RO         1587    .constdata          chassis_task.o
    0x0801399c   0x00000060   Data   RO         1611    .constdata          shoot.o
    0x080139fc   0x00000302   Data   RO         1657    .constdata          referee_dispatchtask.o
    0x08013cfe   0x0000000c   Data   RO         1791    .constdata          ist8310driver.o
    0x08013d0a   0x0000002a   Data   RO         1845    .constdata          mpu6500driver.o
    0x08013d34   0x0000000c   Data   RO         1898    .constdata          AHRS.lib(ahrs.o)
    0x08013d40   0x00000804   Data   RO         2108    .constdata          arm_cortexM4lf_math.lib(arm_common_tables.o)
    0x08014544   0x00000020   Data   RO         2403    .constdata          m_wm.l(rredf.o)
    0x08014564   0x00000094   Data   RO         2464    .constdata          c_w.l(bigflt0.o)
    0x080145f8   0x00000020   Data   RO         2649    Region$$Table       anon$$obj.o
    0x08014618   0x0000001c   Data   RO         2492    locale$$data        c_w.l(lc_numeric_c.o)


    Execution Region RW_IRAM1 (Base: 0x20000000, Size: 0x00016bd0, Max: 0x00030000, ABSOLUTE, COMPRESSED[0x00000084])

    Base Addr    Size         Type   Attr      Idx    E Section Name        Object

    0x20000000   0x00000006   Data   RW          252    .data               stm32f4xx_it.o
    0x20000006   0x00000002   PAD
    0x20000008   0x00000014   Data   RW          334    .data               system_stm32f4xx.o
    0x2000001c   0x00000004   Data   RW          360    .data               basicperipherals.o
    0x20000020   0x00000001   Data   RW          436    .data               motorcan.o
    0x20000021   0x00000003   PAD
    0x20000024   0x00000004   Data   RW          574    .data               flash.o
    0x20000028   0x00000004   Data   RW          700    .data               delay.o
    0x2000002c   0x00000004   Data   RW          740    .data               usart.o
    0x20000030   0x00000010   Data   RW          820    .data               stm32f4xx_rcc.o
    0x20000040   0x00000018   Data   RW         1041    .data               heap_4.o
    0x20000058   0x0000000c   Data   RW         1081    .data               port.o
    0x20000064   0x00000044   Data   RW         1207    .data               tasks.o
    0x200000a8   0x00000014   Data   RW         1233    .data               timers.o
    0x200000bc   0x00000050   Data   RW         1254    .data               calibrate_task.o
    0x2000010c   0x0000000a   Data   RW         1297    .data               detect_task.o
    0x20000116   0x00000002   PAD
    0x20000118   0x0000002c   Data   RW         1326    .data               gimbal_behaviour.o
    0x20000144   0x0000003d   Data   RW         1364    .data               gimbal_task.o
    0x20000181   0x00000003   PAD
    0x20000184   0x0000007c   Data   RW         1399    .data               ins_task.o
    0x20000200   0x00000019   Data   RW         1459    .data               start_task.o
    0x20000219   0x00000001   PAD
    0x2000021a   0x0000000d   Data   RW         1532    .data               auto_attacktask.o
    0x20000227   0x00000001   PAD
    0x20000228   0x00000010   Data   RW         1558    .data               chassis_behaviour.o
    0x20000238   0x00000021   Data   RW         1612    .data               shoot.o
    0x20000259   0x00000003   PAD
    0x2000025c   0x0000000e   Data   RW         1658    .data               referee_dispatchtask.o
    0x2000026a   0x00000001   Data   RW         1846    .data               mpu6500driver.o
    0x2000026b   0x00000001   PAD
    0x2000026c   0x00000010   Data   RW         1899    .data               AHRS.lib(ahrs.o)
    0x2000027c   0x0000005e   Zero   RW          386    .bss                remotdbus.o
    0x200002da   0x0000006e   Zero   RW          435    .bss                motorcan.o
    0x20000348   0x000026cc   Zero   RW          663    .bss                usart6.o
    0x20002a14   0x00012c00   Zero   RW         1040    .bss                heap_4.o
    0x20015614   0x00000040   Zero   RW         1161    .bss                queue.o
    0x20015654   0x000002bc   Zero   RW         1206    .bss                tasks.o
    0x20015910   0x00000028   Zero   RW         1232    .bss                timers.o
    0x20015938   0x0000009d   Zero   RW         1252    .bss                calibrate_task.o
    0x200159d5   0x00000144   Zero   RW         1295    .bss                detect_task.o
    0x20015b19   0x00000003   PAD
    0x20015b1c   0x000001f0   Zero   RW         1362    .bss                gimbal_task.o
    0x20015d0c   0x00000124   Zero   RW         1397    .bss                ins_task.o
    0x20015e30   0x000000dc   Zero   RW         1531    .bss                auto_attacktask.o
    0x20015f0c   0x00000230   Zero   RW         1586    .bss                chassis_task.o
    0x2001613c   0x0000038c   Zero   RW         1610    .bss                shoot.o
    0x200164c8   0x000000a4   Zero   RW         1656    .bss                referee_dispatchtask.o
    0x2001656c   0x00000060   Zero   RW         2418    .bss                c_w.l(libspace.o)
    0x200165cc   0x00000004   PAD
    0x200165d0   0x00000200   Zero   RW          771    HEAP                startup_stm32f427_437xx.o
    0x200167d0   0x00000400   Zero   RW          770    STACK               startup_stm32f427_437xx.o


==============================================================================

Image component sizes


      Code (inc. data)   RO Data    RW Data    ZI Data      Debug   Object Name

       268         18          0          0          0       1180   adc.o
       244         12          0          0          0       3569   ahrs_middleware.o
       316         34          0         13        220       3081   auto_attacktask.o
       976         34          0          4          0       4309   basicperipherals.o
       216          8          0          0          0       1067   buzzer.o
      1908         92         15         80        157      11792   calibrate_task.o
       944         58          0         16          0       7566   chassis_behaviour.o
      2428        102         32          0        560       5915   chassis_task.o
       676          0          0          0          0       4585   circular_buffer.o
       236          8          0          4          0       1661   delay.o
      1556         66         48         10        324       4067   detect_task.o
         0          0          0          0          0       7984   event_groups.o
       136          6          0          0          0        692   exit_init.o
      1404         94          0          4          0       4896   flash.o
       304          4          0          0          0       1987   frictionmoterpwm.o
      2568        140          0         44          0      10573   gimbal_behaviour.o
      3188        138         24         61        496       9808   gimbal_task.o
       668         24          0         24      76800      13228   heap_4.o
      1556        190         48        124        292       7106   ins_task.o
       412         10         12          0          0       2610   ist8310driver.o
       320         18          0          0          0       3089   ist8310driver_middleware.o
       148          0          0          0          0       1966   list.o
       126          0          0          0          0     367417   main.o
       452         16          0          0          0       2282   mainfocus_usart.o
       224         20          0          0          0       1857   misc.o
      1472         62          0          1        110       4619   motorcan.o
       964         26         42          1          0       3612   mpu6500driver.o
       360         10          0          0          0       3145   mpu6500driver_middleware.o
       660          4          0          0          0       1874   pid.o
      1022         52          0         12          0       8983   port.o
       148          4          0          0          0       1146   power_ctrl.o
      3864         20          0          0         64      20684   queue.o
      1076         42        770         14        164       8442   referee_dispatchtask.o
       860         28          0          0         94       5139   remotdbus.o
      4916        332         96         33        908       8771   shoot.o
       592         20          0          0          0       1613   spi.o
       664        232          0         25          0      12094   start_task.o
        64         26        428          0       1536        844   startup_stm32f427_437xx.o
      1124         24          0          0          0      10530   stm32f4xx_adc.o
      2544         38          0          0          0       8008   stm32f4xx_can.o
       936         32          0          0          0       6329   stm32f4xx_dma.o
       272         10          0          0          0       2303   stm32f4xx_exti.o
      1688         24          0          0          0       9190   stm32f4xx_flash.o
       660         44          0          0          0       4133   stm32f4xx_gpio.o
       724         60          0          6          0     245992   stm32f4xx_it.o
      1632         54          0         16          0      13000   stm32f4xx_rcc.o
      1262         38          0          0          0       7337   stm32f4xx_spi.o
       148         12          0          0          0       1865   stm32f4xx_syscfg.o
      3234         60          0          0          0      22336   stm32f4xx_tim.o
      1108         34          0          0          0       7832   stm32f4xx_usart.o
       580         46          0         20          0       1863   system_stm32f4xx.o
      7312        402          0         68        700      31689   tasks.o
       732         28          0          0          0       1947   timer.o
      1516         68          0         20         40      11470   timers.o
       176         10          0          4          0       3195   usart.o
      1036         56         20          0       9932       4990   usart6.o
       620         18          0          0          0       4714   user_lib.o

    ----------------------------------------------------------------------
     65248       3008       1568        620      92400     963976   Object Totals
         0          0         32          0          0          0   (incl. Generated)
         8          0          1         16          3          0   (incl. Padding)

    ----------------------------------------------------------------------

      Code (inc. data)   RO Data    RW Data    ZI Data      Debug   Library Member Name

      2718         84         12         16          0       9922   ahrs.o
         0          0       2052          0          0       4636   arm_common_tables.o
       120         12          0          0          0      16970   arm_cos_f32.o
       116         12          0          0          0        658   arm_sin_f32.o
        90          0          0          0          0          0   __dczerorl2.o
         8          0          0          0          0         68   __main.o
       104          0          0          0          0         84   __printf.o
         0          0          0          0          0          0   __rtentry.o
        12          0          0          0          0          0   __rtentry2.o
         6          0          0          0          0          0   __rtentry4.o
        52          8          0          0          0          0   __scatter.o
        28          0          0          0          0          0   __scatter_zi.o
        48          4          0          0          0         84   _fptrap.o
         6          0          0          0          0          0   _printf_c.o
        44          0          0          0          0        108   _printf_char.o
        48          6          0          0          0         96   _printf_char_common.o
        36          4          0          0          0         80   _printf_char_file.o
         6          0          0          0          0          0   _printf_d.o
       120         16          0          0          0         92   _printf_dec.o
         6          0          0          0          0          0   _printf_f.o
      1050          0          0          0          0        216   _printf_fp_dec.o
       128         16          0          0          0         84   _printf_fp_infnan.o
       178          0          0          0          0         88   _printf_intcommon.o
         0          0          0          0          0          0   _printf_percent.o
         4          0          0          0          0          0   _printf_percent_end.o
        82          0          0          0          0         80   _printf_str.o
         6          0          0          0          0          0   _printf_u.o
        22          0          0          0          0        100   _rserrno.o
        10          0          0          0          0         68   _sputc.o
        16          0          0          0          0         68   aeabi_memset.o
       220          4        148          0          0         96   bigflt0.o
      1910        128          0          0          0        672   btod.o
        40          0          0          0          0         80   calloc.o
        10          0          0          0          0         68   defsig_exit.o
       172        110          0          0          0         76   defsig_fpe_inner.o
        14          0          0          0          0         80   defsig_fpe_outer.o
        50          0          0          0          0         88   defsig_general.o
        80         58          0          0          0         76   defsig_rtmem_inner.o
        14          0          0          0          0         80   defsig_rtmem_outer.o
        12          0          0          0          0         72   exit.o
         8          0          0          0          0         68   ferror.o
        94          0          0          0          0         80   h1_alloc.o
        52          0          0          0          0         68   h1_extend.o
        78          0          0          0          0         80   h1_free.o
        14          0          0          0          0         84   h1_init.o
         6          0          0          0          0        152   heapauxi.o
         4          0          0          0          0        136   hguard.o
       138          0          0          0          0        168   init_alloc.o
        44         10         28          0          0         76   lc_numeric_c.o
         2          0          0          0          0          0   libinit.o
        30          0          0          0          0          0   libinit2.o
         2          0          0          0          0          0   libshutdown.o
         2          0          0          0          0          0   libshutdown2.o
         8          4          0          0         96         68   libspace.o
       138          0          0          0          0         80   lludiv10.o
         0          0          0          0          0          0   maybetermalloc1.o
        24          4          0          0          0         84   noretval__2printf.o
        40          6          0          0          0         84   noretval__2sprintf.o
         8          4          0          0          0         68   rt_errno_addr_intlibspace.o
         8          4          0          0          0         68   rt_heap_descriptor_intlibspace.o
         8          4          0          0          0         68   rt_locale_intlibspace.o
        68          0          0          0          0         68   rt_memclr.o
        78          0          0          0          0         80   rt_memclr_w.o
       138          0          0          0          0         68   rt_memcpy_v6.o
       100          0          0          0          0         80   rt_memcpy_w.o
         2          0          0          0          0          0   rtexit.o
        10          0          0          0          0          0   rtexit2.o
       128          0          0          0          0         68   strcmpv7m.o
        72          0          0          0          0         80   strcpy.o
        62          0          0          0          0         76   strlen.o
        74          0          0          0          0         80   sys_stackheap_outer.o
         2          0          0          0          0         68   use_no_semi.o
         2          0          0          0          0         68   use_no_semi_2.o
       708         16          0          0          0        140   d2f_clz.o
        24          0          0          0          0        116   dcmpi.o
        26          0          0          0          0        116   dflt_clz.o
       120          8          0          0          0        140   dleqf.o
       258          4          0          0          0        156   dnaninf.o
       112          0          0          0          0        160   drenorm_clz.o
        12          0          0          0          0        116   dretinf.o
        98          0          0          0          0        128   drleqf.o
       378          0          0          0          0        168   dunder_clz.o
       492         36          0          0          0        148   except.o
       122          8          0          0          0        132   f2d.o
       242          4          0          0          0        144   fnaninf.o
        10          0          0          0          0        116   fpinit.o
        10          0          0          0          0        116   fretinf.o
       316          0          0          0          0        132   funder_clz.o
        32          4          0          0          0        116   istatus.o
         4          0          0          0          0        116   printf1.o
       178          0          0          0          0        116   retnan.o
       126          0          0          0          0        148   trapv.o
         0          0          0          0          0          0   usenofp.o
       280         46          0          0          0        176   acosf.o
       300         42          0          0          0        176   asinf.o
       592         90          0          0          0        184   atan2f.o
        20          0          0          0          0        124   fabs.o
        48          0          0          0          0        124   fpclassify.o
        38          0          0          0          0        116   fpclassifyf.o
        44         12          0          0          0        464   funder.o
       340         24         32          0          0        160   rredf.o
        62          0          0          0          0        136   sqrtf_full.o
       380         58          0          0          0        200   tanf.o

    ----------------------------------------------------------------------
     14420        850       2272         16        100      41442   Library Totals
        18          0          0          0          4          0   (incl. Padding)

    ----------------------------------------------------------------------

      Code (inc. data)   RO Data    RW Data    ZI Data      Debug   Library Name

      2718         84         12         16          0       9922   AHRS.lib
       236         24       2052          0          0      22264   arm_cortexM4lf_math.lib
      6076        390        176          0         96       4872   c_w.l
      3268         80          0          0          0       2524   g_wm.l
      2104        272         32          0          0       1860   m_wm.l

    ----------------------------------------------------------------------
     14420        850       2272         16        100      41442   Library Totals

    ----------------------------------------------------------------------

==============================================================================


      Code (inc. data)   RO Data    RW Data    ZI Data      Debug   

     79668       3858       3840        636      92500     985058   Grand Totals
     79668       3858       3840        132      92500     985058   ELF Image Totals (compressed)
     79668       3858       3840        132          0          0   ROM Totals

==============================================================================

    Total RO  Size (Code + RO Data)                83508 (  81.55kB)
    Total RW  Size (RW Data + ZI Data)             93136 (  90.95kB)
    Total ROM Size (Code + RO Data + RW Data)      83640 (  81.68kB)

==============================================================================

