<html>
<body>
<pre>
<h1>礦ision Build Log</h1>
<h2>Tool Versions:</h2>
IDE-Version: μVision V5.14.0.0
Copyright (C) 2015 ARM Ltd and ARM Germany GmbH. All rights reserved.
License Information: hkjhdjs wiuejsd, sdf, LIC=47GNN-Y66B6-009N9-4FEFL-T65JU-LVQ4T
 
Tool Versions:
Toolchain:       MDK-ARM Standard  Version: 5.14.0.0
Toolchain Path:  F:\keil5\ARM\ARMCC\Bin
C Compiler:      Armcc.exe V5.05 update 1 (build 106)
Assembler:       Armasm.exe V5.05 update 1 (build 106)
Linker/Locator:  ArmLink.exe V5.05 update 1 (build 106)
Library Manager: ArmAr.exe V5.05 update 1 (build 106)
Hex Converter:   FromElf.exe V5.05 update 1 (build 106)
CPU DLL:         SARMCM3.DLL V5.14.0.0
Dialog DLL:      DCM.DLL V1.13.1.0
Target DLL:      Segger\JL2CM3.dll V2.99.13.0
Dialog DLL:      TCM.DLL V1.14.4.0
 
<h2>Project:</h2>
D:\机器人基地资料\邓金海\调车\3号步兵小陀螺\3号步兵小陀螺\3号步兵小陀螺\3号步兵\Infantry_FreeRTOS_2019\USER\Hero2019.uvprojx
Project File Date:  03/28/2020

<h2>Output:</h2>
Build target 'Infatry_V2'
compiling main.c...
..\USER\stm32f4xx.h(94): warning:  #47-D: incompatible redefinition of macro "STM32F427_437xx"
    #define STM32F427_437xx
main.c: 1 warning, 0 errors
compiling stm32f4xx_it.c...
stm32f4xx.h(94): warning:  #47-D: incompatible redefinition of macro "STM32F427_437xx"
    #define STM32F427_437xx
stm32f4xx_it.c: 1 warning, 0 errors
compiling system_stm32f4xx.c...
stm32f4xx.h(94): warning:  #47-D: incompatible redefinition of macro "STM32F427_437xx"
    #define STM32F427_437xx
system_stm32f4xx.c: 1 warning, 0 errors
compiling BasicPeripherals.c...
..\USER\stm32f4xx.h(94): warning:  #47-D: incompatible redefinition of macro "STM32F427_437xx"
    #define STM32F427_437xx
..\BSP\BasicPeripherals.c: 1 warning, 0 errors
compiling RemotDbus.c...
..\USER\stm32f4xx.h(94): warning:  #47-D: incompatible redefinition of macro "STM32F427_437xx"
    #define STM32F427_437xx
..\BSP\RemotDbus.c: 1 warning, 0 errors
compiling FrictionMoterPWM.c...
..\USER\stm32f4xx.h(94): warning:  #47-D: incompatible redefinition of macro "STM32F427_437xx"
    #define STM32F427_437xx
..\BSP\FrictionMoterPWM.c: 1 warning, 0 errors
compiling MotorCAN.c...
..\USER\stm32f4xx.h(94): warning:  #47-D: incompatible redefinition of macro "STM32F427_437xx"
    #define STM32F427_437xx
..\BSP\MotorCAN.c: 1 warning, 0 errors
compiling stmflash.c...
..\USER\stm32f4xx.h(94): warning:  #47-D: incompatible redefinition of macro "STM32F427_437xx"
    #define STM32F427_437xx
..\BSP\stmflash.c: 1 warning, 0 errors
compiling MainFocus_Usart.c...
..\USER\stm32f4xx.h(94): warning:  #47-D: incompatible redefinition of macro "STM32F427_437xx"
    #define STM32F427_437xx
..\BSP\MainFocus_Usart.c: 1 warning, 0 errors
compiling adc.c...
..\USER\stm32f4xx.h(94): warning:  #47-D: incompatible redefinition of macro "STM32F427_437xx"
    #define STM32F427_437xx
..\BSP\adc.c: 1 warning, 0 errors
compiling buzzer.c...
..\USER\stm32f4xx.h(94): warning:  #47-D: incompatible redefinition of macro "STM32F427_437xx"
    #define STM32F427_437xx
..\BSP\buzzer.c: 1 warning, 0 errors
compiling exit_init.c...
..\USER\stm32f4xx.h(94): warning:  #47-D: incompatible redefinition of macro "STM32F427_437xx"
    #define STM32F427_437xx
..\BSP\exit_init.c: 1 warning, 0 errors
compiling flash.c...
..\USER\stm32f4xx.h(94): warning:  #47-D: incompatible redefinition of macro "STM32F427_437xx"
    #define STM32F427_437xx
..\BSP\flash.c: 1 warning, 0 errors
compiling spi.c...
..\USER\stm32f4xx.h(94): warning:  #47-D: incompatible redefinition of macro "STM32F427_437xx"
    #define STM32F427_437xx
..\BSP\spi.c: 1 warning, 0 errors
compiling timer.c...
..\USER\stm32f4xx.h(94): warning:  #47-D: incompatible redefinition of macro "STM32F427_437xx"
    #define STM32F427_437xx
..\BSP\timer.c: 1 warning, 0 errors
compiling power_ctrl.c...
..\USER\stm32f4xx.h(94): warning:  #47-D: incompatible redefinition of macro "STM32F427_437xx"
    #define STM32F427_437xx
..\BSP\power_ctrl.c: 1 warning, 0 errors
compiling usart6.c...
..\USER\stm32f4xx.h(94): warning:  #47-D: incompatible redefinition of macro "STM32F427_437xx"
    #define STM32F427_437xx
..\BSP\usart6.c: 1 warning, 0 errors
compiling delay.c...
..\USER\stm32f4xx.h(94): warning:  #47-D: incompatible redefinition of macro "STM32F427_437xx"
    #define STM32F427_437xx
..\SYSTEM\delay\delay.c: 1 warning, 0 errors
compiling sys.c...
..\USER\stm32f4xx.h(94): warning:  #47-D: incompatible redefinition of macro "STM32F427_437xx"
    #define STM32F427_437xx
..\SYSTEM\sys\sys.c: 1 warning, 0 errors
compiling usart.c...
..\USER\stm32f4xx.h(94): warning:  #47-D: incompatible redefinition of macro "STM32F427_437xx"
    #define STM32F427_437xx
..\SYSTEM\usart\usart.c: 1 warning, 0 errors
assembling startup_stm32f427_437xx.s...
compiling misc.c...
..\USER\stm32f4xx.h(94): warning:  #47-D: incompatible redefinition of macro "STM32F427_437xx"
    #define STM32F427_437xx
..\FWLIB\src\misc.c: 1 warning, 0 errors
compiling stm32f4xx_gpio.c...
..\USER\stm32f4xx.h(94): warning:  #47-D: incompatible redefinition of macro "STM32F427_437xx"
    #define STM32F427_437xx
..\FWLIB\src\stm32f4xx_gpio.c: 1 warning, 0 errors
compiling stm32f4xx_rcc.c...
..\USER\stm32f4xx.h(94): warning:  #47-D: incompatible redefinition of macro "STM32F427_437xx"
    #define STM32F427_437xx
..\FWLIB\src\stm32f4xx_rcc.c: 1 warning, 0 errors
compiling stm32f4xx_syscfg.c...
..\USER\stm32f4xx.h(94): warning:  #47-D: incompatible redefinition of macro "STM32F427_437xx"
    #define STM32F427_437xx
..\FWLIB\src\stm32f4xx_syscfg.c: 1 warning, 0 errors
compiling stm32f4xx_usart.c...
..\USER\stm32f4xx.h(94): warning:  #47-D: incompatible redefinition of macro "STM32F427_437xx"
    #define STM32F427_437xx
..\FWLIB\src\stm32f4xx_usart.c: 1 warning, 0 errors
compiling stm32f4xx_can.c...
..\USER\stm32f4xx.h(94): warning:  #47-D: incompatible redefinition of macro "STM32F427_437xx"
    #define STM32F427_437xx
..\FWLIB\src\stm32f4xx_can.c: 1 warning, 0 errors
compiling stm32f4xx_dma.c...
..\USER\stm32f4xx.h(94): warning:  #47-D: incompatible redefinition of macro "STM32F427_437xx"
    #define STM32F427_437xx
..\FWLIB\src\stm32f4xx_dma.c: 1 warning, 0 errors
compiling stm32f4xx_tim.c...
..\USER\stm32f4xx.h(94): warning:  #47-D: incompatible redefinition of macro "STM32F427_437xx"
    #define STM32F427_437xx
..\FWLIB\src\stm32f4xx_tim.c: 1 warning, 0 errors
compiling stm32f4xx_spi.c...
..\USER\stm32f4xx.h(94): warning:  #47-D: incompatible redefinition of macro "STM32F427_437xx"
    #define STM32F427_437xx
..\FWLIB\src\stm32f4xx_spi.c: 1 warning, 0 errors
compiling stm32f4xx_flash.c...
..\USER\stm32f4xx.h(94): warning:  #47-D: incompatible redefinition of macro "STM32F427_437xx"
    #define STM32F427_437xx
..\FWLIB\src\stm32f4xx_flash.c: 1 warning, 0 errors
compiling stm32f4xx_iwdg.c...
..\USER\stm32f4xx.h(94): warning:  #47-D: incompatible redefinition of macro "STM32F427_437xx"
    #define STM32F427_437xx
..\FWLIB\src\stm32f4xx_iwdg.c: 1 warning, 0 errors
compiling stm32f4xx_exti.c...
..\USER\stm32f4xx.h(94): warning:  #47-D: incompatible redefinition of macro "STM32F427_437xx"
    #define STM32F427_437xx
..\FWLIB\src\stm32f4xx_exti.c: 1 warning, 0 errors
compiling stm32f4xx_adc.c...
..\USER\stm32f4xx.h(94): warning:  #47-D: incompatible redefinition of macro "STM32F427_437xx"
    #define STM32F427_437xx
..\FWLIB\src\stm32f4xx_adc.c: 1 warning, 0 errors
compiling heap_4.c...
compiling port.c...
compiling croutine.c...
compiling event_groups.c...
compiling list.c...
compiling queue.c...
compiling stream_buffer.c...
compiling tasks.c...
compiling timers.c...
compiling calibrate_task.c...
..\USER\stm32f4xx.h(94): warning:  #47-D: incompatible redefinition of macro "STM32F427_437xx"
    #define STM32F427_437xx
..\App\calibrate_task.c: 1 warning, 0 errors
compiling detect_task.c...
..\USER\stm32f4xx.h(94): warning:  #47-D: incompatible redefinition of macro "STM32F427_437xx"
    #define STM32F427_437xx
..\App\detect_task.c: 1 warning, 0 errors
compiling gimbal_behaviour.c...
..\USER\stm32f4xx.h(94): warning:  #47-D: incompatible redefinition of macro "STM32F427_437xx"
    #define STM32F427_437xx
..\App\gimbal_behaviour.c: 1 warning, 0 errors
compiling gimbal_task.c...
..\USER\stm32f4xx.h(94): warning:  #47-D: incompatible redefinition of macro "STM32F427_437xx"
    #define STM32F427_437xx
..\App\gimbal_task.c(201): warning:  #1295-D: Deprecated declaration getFireMode - give arg types
  extern        uint8_t getFireMode();
..\App\gimbal_task.c: 2 warnings, 0 errors
compiling INS_task.c...
..\USER\stm32f4xx.h(94): warning:  #47-D: incompatible redefinition of macro "STM32F427_437xx"
    #define STM32F427_437xx
..\App\INS_task.c: 1 warning, 0 errors
compiling pid.c...
..\USER\stm32f4xx.h(94): warning:  #47-D: incompatible redefinition of macro "STM32F427_437xx"
    #define STM32F427_437xx
..\App\pid.c: 1 warning, 0 errors
compiling start_task.c...
..\USER\stm32f4xx.h(94): warning:  #47-D: incompatible redefinition of macro "STM32F427_437xx"
    #define STM32F427_437xx
..\App\start_task.c: 1 warning, 0 errors
compiling user_lib.c...
..\USER\stm32f4xx.h(94): warning:  #47-D: incompatible redefinition of macro "STM32F427_437xx"
    #define STM32F427_437xx
..\App\user_lib.c: 1 warning, 0 errors
compiling Auto_attackTask.c...
..\USER\stm32f4xx.h(94): warning:  #47-D: incompatible redefinition of macro "STM32F427_437xx"
    #define STM32F427_437xx
..\Task\Auto_attackTask.c: 1 warning, 0 errors
compiling chassis_behaviour.c...
..\USER\stm32f4xx.h(94): warning:  #47-D: incompatible redefinition of macro "STM32F427_437xx"
    #define STM32F427_437xx
..\App\chassis_behaviour.c: 1 warning, 0 errors
compiling chassis_task.c...
..\USER\stm32f4xx.h(94): warning:  #47-D: incompatible redefinition of macro "STM32F427_437xx"
    #define STM32F427_437xx
..\App\chassis_task.c(161): warning:  #177-D: variable "revolve_pid" was declared but never referenced
                const static fp32 revolve_pid[3]={ CHASSIS_REVOLCE_PID_KP,CHASSIS_REVOLCE_PID_KI,CHASSIS_REVOLCE_PID_KD};
..\App\chassis_task.c(393): warning:  #1035-D: single-precision operand implicitly converted to double-precision
          chassis_move_control->wz_set = 2.5*(-PID_Calc(&chassis_move_control->chassis_angle_pid, chassis_move_control->chassis_yaw_motor->relative_angle, chassis_move_control->chassis_relative_angle_set));
..\App\chassis_task.c(513): warning:  #1035-D: single-precision operand implicitly converted to double-precision
        error_out = (60.0f - GetPowerBuffer()) * 0.02560;//0.0195f;     
..\App\chassis_task.c: 4 warnings, 0 errors
compiling shoot.c...
..\USER\stm32f4xx.h(94): warning:  #47-D: incompatible redefinition of macro "STM32F427_437xx"
    #define STM32F427_437xx
..\App\shoot.c: 1 warning, 0 errors
compiling circular_buffer.c...
compiling Referee_DispatchTask.c...
..\USER\stm32f4xx.h(94): warning:  #47-D: incompatible redefinition of macro "STM32F427_437xx"
    #define STM32F427_437xx
..\App\Referee_DispatchTask.c: 1 warning, 0 errors
compiling AHRS_middleware.c...
..\USER\stm32f4xx.h(94): warning:  #47-D: incompatible redefinition of macro "STM32F427_437xx"
    #define STM32F427_437xx
..\AHRS\AHRS_middleware.c: 1 warning, 0 errors
compiling ist8310driver.c...
..\USER\stm32f4xx.h(94): warning:  #47-D: incompatible redefinition of macro "STM32F427_437xx"
    #define STM32F427_437xx
..\AHRS\ist8310driver.c: 1 warning, 0 errors
compiling ist8310driver_middleware.c...
..\USER\stm32f4xx.h(94): warning:  #47-D: incompatible redefinition of macro "STM32F427_437xx"
    #define STM32F427_437xx
..\AHRS\ist8310driver_middleware.c: 1 warning, 0 errors
compiling mpu6500driver.c...
..\USER\stm32f4xx.h(94): warning:  #47-D: incompatible redefinition of macro "STM32F427_437xx"
    #define STM32F427_437xx
..\AHRS\mpu6500driver.c: 1 warning, 0 errors
compiling mpu6500driver_middleware.c...
..\USER\stm32f4xx.h(94): warning:  #47-D: incompatible redefinition of macro "STM32F427_437xx"
    #define STM32F427_437xx
..\AHRS\mpu6500driver_middleware.c: 1 warning, 0 errors
linking...
Program Size: Code=80648 RO-data=3860 RW-data=676 ZI-data=92612  
FromELF: creating hex file...
"..\OBJ\CAN.axf" - 0 Error(s), 55 Warning(s).

<h2>Collection of Component include folders:</h2>
  D:\机器人基地资料\邓金海\调车\3号步兵小陀螺\3号步兵小陀螺\3号步兵小陀螺\3号步兵\Infantry_FreeRTOS_2019\USER\RTE
  F:\keil5\Keil\STM32F4xx_DFP\1.0.8\Device\Include

<h2>Collection of Component Files used:</h2>
</pre>
</body>
</html>
