<html>
<body>
<pre>
<h1>礦ision Build Log</h1>
<h2>Tool Versions:</h2>
IDE-Version: μVision V5.14.0.0
Copyright (C) 2015 ARM Ltd and ARM Germany GmbH. All rights reserved.
License Information: uhuih gtg, ffsgdh, LIC=4ZLZ9-4TSTQ-LVT1I-T5EGU-SI4FQ-XM509
 
Tool Versions:
Toolchain:       MDK-ARM Professional  Version: 5.14.0.0
Toolchain Path:  E:\keil5\ARM\ARMCC\Bin
C Compiler:      Armcc.exe V5.05 update 1 (build 106)
Assembler:       Armasm.exe V5.05 update 1 (build 106)
Linker/Locator:  ArmLink.exe V5.05 update 1 (build 106)
Library Manager: ArmAr.exe V5.05 update 1 (build 106)
Hex Converter:   FromElf.exe V5.05 update 1 (build 106)
CPU DLL:         SARMCM3.DLL V5.14.0.0
Dialog DLL:      DCM.DLL V1.13.1.0
Target DLL:      Segger\JL2CM3.dll V2.99.13.0
Dialog DLL:      TCM.DLL V1.14.4.0
 
<h2>Project:</h2>
F:\机器人基地资料\邓金海\调车\（拨弹轮代码）Infantry_FreeRTOS_A\Infantry_FreeRTOS_A\USER\CAN.uvprojx
Project File Date:  11/12/2019

<h2>Output:</h2>
Build target 'Infatry_V2'
compiling freertostask.c...
..\BSP\honwai.h(8): warning:  #1-D: last line of file ends without a newline
  #endif
..\FreeRTOSTask\freertostask.c(217): warning:  #177-D: variable "limitFlag" was declared but never referenced
     u8 limitFlag = 0;
..\FreeRTOSTask\freertostask.c(218): warning:  #177-D: variable "ControlBits" was declared but never referenced
        EventBits_t ControlBits;
..\FreeRTOSTask\freertostask.c(694): warning:  #177-D: variable "L_Or_R" was declared but never referenced
        char L_Or_R = 0;
..\FreeRTOSTask\freertostask.c(695): warning:  #550-D: variable "ControlBits" was set but never used
        EventBits_t ControlBits;
..\FreeRTOSTask\freertostask.c(927): warning:  #177-D: variable "k" was declared but never referenced
        int k=0;
..\FreeRTOSTask\freertostask.c(929): warning:  #177-D: variable "yawPosiOutput" was declared but never referenced
        int16_t  yawPosiOutput= 0 ;
..\FreeRTOSTask\freertostask.c(930): warning:  #177-D: variable "pitchPosiOutput" was declared but never referenced
        int16_t  pitchPosiOutput = 0;
..\FreeRTOSTask\freertostask.c(932): warning:  #177-D: variable "maxout" was declared but never referenced
        int16_t maxout = 0;
..\FreeRTOSTask\freertostask.c: 9 warnings, 0 errors
linking...
Program Size: Code=56874 RO-data=1158 RW-data=448 ZI-data=80136  
FromELF: creating hex file...
"..\OBJ\CAN.axf" - 0 Error(s), 9 Warning(s).

<h2>Collection of Component include folders:</h2>
  F:\机器人基地资料\邓金海\调车\（拨弹轮代码）Infantry_FreeRTOS_A\Infantry_FreeRTOS_A\USER\RTE
  E:\keil5\Keil\STM32F4xx_DFP\2.5.0

<h2>Collection of Component Files used:</h2>
</pre>
</body>
</html>
