Component: ARM Compiler 5.05 update 1 (build 106) Tool: armlink [4d0efa]

==============================================================================

Section Cross References

    main.o(.text) refers to misc.o(.text) for NVIC_PriorityGroupConfig
    main.o(.text) refers to delay.o(.text) for delay_init
    main.o(.text) refers to freertostask.o(.text) for FreeRTOS_init
    stm32f4xx_it.o(.text) refers to stm32f4xx_exti.o(.text) for EXTI_GetITStatus
    stm32f4xx_it.o(.text) refers to queue.o(.text) for xQueueGiveFromISR
    stm32f4xx_it.o(.text) refers to stm32f4xx_dma.o(.text) for DMA_GetFlagStatus
    stm32f4xx_it.o(.text) refers to stm32f4xx_can.o(.text) for CAN_GetITStatus
    stm32f4xx_it.o(.text) refers to dflt_clz.o(x$fpl$dflt) for __aeabi_i2d
    stm32f4xx_it.o(.text) refers to dmul.o(x$fpl$dmul) for __aeabi_dmul
    stm32f4xx_it.o(.text) refers to f2d.o(x$fpl$f2d) for __aeabi_f2d
    stm32f4xx_it.o(.text) refers to daddsub_clz.o(x$fpl$dsub) for __aeabi_dsub
    stm32f4xx_it.o(.text) refers to d2f.o(x$fpl$d2f) for __aeabi_d2f
    stm32f4xx_it.o(.text) refers to stm32f4xx_tim.o(.text) for TIM_GetITStatus
    stm32f4xx_it.o(.text) refers to auto_attacktask.o(.text) for receiveMainFocusData
    stm32f4xx_it.o(.text) refers to freertostask.o(.data) for ImuDataSem
    stm32f4xx_it.o(.text) refers to stm32f4xx_it.o(.bss) for Imu_ext
    system_stm32f4xx.o(.text) refers to system_stm32f4xx.o(.data) for SystemCoreClock
    basicperipherals.o(.text) refers to stm32f4xx_rcc.o(.text) for RCC_AHB1PeriphClockCmd
    basicperipherals.o(.text) refers to stm32f4xx_gpio.o(.text) for GPIO_Init
    basicperipherals.o(.text) refers to stm32f4xx_tim.o(.text) for TIM_TimeBaseInit
    basicperipherals.o(.text) refers to stm32f4xx_syscfg.o(.text) for SYSCFG_EXTILineConfig
    basicperipherals.o(.text) refers to stm32f4xx_exti.o(.text) for EXTI_Init
    basicperipherals.o(.text) refers to misc.o(.text) for NVIC_Init
    basicperipherals.o(.text) refers to tasks.o(.text) for vTaskDelay
    basicperipherals.o(.text) refers to basicperipherals.o(.data) for FreeRTOSRunTimeTicks
    remotdbus.o(.text) refers to stm32f4xx_rcc.o(.text) for RCC_AHB1PeriphClockCmd
    remotdbus.o(.text) refers to stm32f4xx_gpio.o(.text) for GPIO_Init
    remotdbus.o(.text) refers to stm32f4xx_usart.o(.text) for USART_DeInit
    remotdbus.o(.text) refers to misc.o(.text) for NVIC_Init
    remotdbus.o(.text) refers to stm32f4xx_dma.o(.text) for DMA_Cmd
    remotdbus.o(.text) refers to remotdbus.o(.bss) for sbus_rx_buffer
    frictionmoterpwm.o(.text) refers to stm32f4xx_rcc.o(.text) for RCC_APB1PeriphClockCmd
    frictionmoterpwm.o(.text) refers to stm32f4xx_gpio.o(.text) for GPIO_PinAFConfig
    frictionmoterpwm.o(.text) refers to stm32f4xx_tim.o(.text) for TIM_TimeBaseInit
    motorcan.o(.text) refers to stm32f4xx_rcc.o(.text) for RCC_APB1PeriphClockCmd
    motorcan.o(.text) refers to stm32f4xx_gpio.o(.text) for GPIO_Init
    motorcan.o(.text) refers to misc.o(.text) for NVIC_Init
    motorcan.o(.text) refers to stm32f4xx_can.o(.text) for CAN_DeInit
    stmflash.o(.text) refers to stm32f4xx_flash.o(.text) for FLASH_Unlock
    mainfocus_usart.o(.text) refers to stm32f4xx_rcc.o(.text) for RCC_AHB1PeriphClockCmd
    mainfocus_usart.o(.text) refers to stm32f4xx_gpio.o(.text) for GPIO_Init
    mainfocus_usart.o(.text) refers to stm32f4xx_usart.o(.text) for USART_DeInit
    mainfocus_usart.o(.text) refers to misc.o(.text) for NVIC_Init
    mainfocus_usart.o(.text) refers to stm32f4xx_dma.o(.text) for DMA_Cmd
    mainfocus_usart.o(.text) refers to auto_attacktask.o(.bss) for mainfocus_rx_buffer
    referee.o(.text) refers to stm32f4xx_rcc.o(.text) for RCC_APB2PeriphClockCmd
    referee.o(.text) refers to stm32f4xx_gpio.o(.text) for GPIO_PinAFConfig
    referee.o(.text) refers to stm32f4xx_dma.o(.text) for DMA_DeInit
    referee.o(.text) refers to stm32f4xx_usart.o(.text) for USART_DeInit
    referee.o(.text) refers to misc.o(.text) for NVIC_Init
    referee.o(.text) refers to rt_memcpy_v6.o(.text) for __aeabi_memcpy
    referee.o(.text) refers to referee.o(.bss) for Rx_Buf_Referee
    referee.o(.text) refers to referee.o(.constdata) for CRC8_TAB
    referee.o(.text) refers to referee.o(.data) for count
    honwai.o(.text) refers to stm32f4xx_rcc.o(.text) for RCC_AHB1PeriphClockCmd
    honwai.o(.text) refers to stm32f4xx_gpio.o(.text) for GPIO_Init
    mypwm.o(.text) refers to stm32f4xx_rcc.o(.text) for RCC_AHB1PeriphClockCmd
    mypwm.o(.text) refers to stm32f4xx_gpio.o(.text) for GPIO_Init
    freertostask.o(.text) refers to _printf_percent.o(.ARM.Collect$$_printf_percent$$00000000) for _printf_percent
    freertostask.o(.text) refers to _printf_d.o(.ARM.Collect$$_printf_percent$$00000009) for _printf_d
    freertostask.o(.text) refers to _printf_f.o(.ARM.Collect$$_printf_percent$$00000003) for _printf_f
    freertostask.o(.text) refers to _printf_dec.o(.text) for _printf_int_dec
[...]
    USART1_IRQHandler                        0x0800444b   Thumb Code     0  startup_stm32f427_437xx.o(.text)
    USART2_IRQHandler                        0x0800444b   Thumb Code     0  startup_stm32f427_437xx.o(.text)
    USART3_IRQHandler                        0x0800444b   Thumb Code     0  startup_stm32f427_437xx.o(.text)
    WWDG_IRQHandler                          0x0800444b   Thumb Code     0  startup_stm32f427_437xx.o(.text)
    __user_initial_stackheap                 0x0800444d   Thumb Code     0  startup_stm32f427_437xx.o(.text)
    NVIC_PriorityGroupConfig                 0x08004471   Thumb Code    10  misc.o(.text)
    NVIC_Init                                0x0800447b   Thumb Code   106  misc.o(.text)
    NVIC_SetVectorTable                      0x080044e5   Thumb Code    14  misc.o(.text)
    NVIC_SystemLPConfig                      0x080044f3   Thumb Code    34  misc.o(.text)
    SysTick_CLKSourceConfig                  0x08004515   Thumb Code    40  misc.o(.text)
    GPIO_DeInit                              0x08004551   Thumb Code   268  stm32f4xx_gpio.o(.text)
    GPIO_Init                                0x0800465d   Thumb Code   144  stm32f4xx_gpio.o(.text)
    GPIO_StructInit                          0x080046ed   Thumb Code    18  stm32f4xx_gpio.o(.text)
    GPIO_PinLockConfig                       0x080046ff   Thumb Code    34  stm32f4xx_gpio.o(.text)
    GPIO_ReadInputDataBit                    0x08004721   Thumb Code    18  stm32f4xx_gpio.o(.text)
    GPIO_ReadInputData                       0x08004733   Thumb Code     8  stm32f4xx_gpio.o(.text)
    GPIO_ReadOutputDataBit                   0x0800473b   Thumb Code    18  stm32f4xx_gpio.o(.text)
    GPIO_ReadOutputData                      0x0800474d   Thumb Code     8  stm32f4xx_gpio.o(.text)
    GPIO_SetBits                             0x08004755   Thumb Code     4  stm32f4xx_gpio.o(.text)
    GPIO_ResetBits                           0x08004759   Thumb Code     4  stm32f4xx_gpio.o(.text)
    GPIO_WriteBit                            0x0800475d   Thumb Code    10  stm32f4xx_gpio.o(.text)
    GPIO_Write                               0x08004767   Thumb Code     4  stm32f4xx_gpio.o(.text)
    GPIO_ToggleBits                          0x0800476b   Thumb Code     8  stm32f4xx_gpio.o(.text)
    GPIO_PinAFConfig                         0x08004773   Thumb Code    70  stm32f4xx_gpio.o(.text)
    RCC_DeInit                               0x080047e5   Thumb Code    82  stm32f4xx_rcc.o(.text)
    RCC_HSEConfig                            0x08004837   Thumb Code    14  stm32f4xx_rcc.o(.text)
    RCC_GetFlagStatus                        0x08004845   Thumb Code    60  stm32f4xx_rcc.o(.text)
    RCC_WaitForHSEStartUp                    0x08004881   Thumb Code    56  stm32f4xx_rcc.o(.text)
    RCC_AdjustHSICalibrationValue            0x080048b9   Thumb Code    20  stm32f4xx_rcc.o(.text)
    RCC_HSICmd                               0x080048cd   Thumb Code     6  stm32f4xx_rcc.o(.text)
    RCC_LSEConfig                            0x080048d3   Thumb Code    46  stm32f4xx_rcc.o(.text)
    RCC_LSICmd                               0x08004901   Thumb Code     6  stm32f4xx_rcc.o(.text)
    RCC_PLLConfig                            0x08004907   Thumb Code    32  stm32f4xx_rcc.o(.text)
    RCC_PLLCmd                               0x08004927   Thumb Code     6  stm32f4xx_rcc.o(.text)
    RCC_PLLI2SConfig                         0x0800492d   Thumb Code    20  stm32f4xx_rcc.o(.text)
    RCC_PLLI2SCmd                            0x08004941   Thumb Code     6  stm32f4xx_rcc.o(.text)
    RCC_PLLSAIConfig                         0x08004947   Thumb Code    20  stm32f4xx_rcc.o(.text)
    RCC_PLLSAICmd                            0x0800495b   Thumb Code     6  stm32f4xx_rcc.o(.text)
    RCC_ClockSecuritySystemCmd               0x08004961   Thumb Code     6  stm32f4xx_rcc.o(.text)
    RCC_MCO1Config                           0x08004967   Thumb Code    28  stm32f4xx_rcc.o(.text)
    RCC_MCO2Config                           0x08004983   Thumb Code    28  stm32f4xx_rcc.o(.text)
    RCC_SYSCLKConfig                         0x0800499f   Thumb Code    20  stm32f4xx_rcc.o(.text)
    RCC_GetSYSCLKSource                      0x080049b3   Thumb Code    12  stm32f4xx_rcc.o(.text)
    RCC_HCLKConfig                           0x080049bf   Thumb Code    20  stm32f4xx_rcc.o(.text)
    RCC_PCLK1Config                          0x080049d3   Thumb Code    20  stm32f4xx_rcc.o(.text)
    RCC_PCLK2Config                          0x080049e7   Thumb Code    22  stm32f4xx_rcc.o(.text)
    RCC_GetClocksFreq                        0x080049fd   Thumb Code   222  stm32f4xx_rcc.o(.text)
    RCC_RTCCLKConfig                         0x08004adb   Thumb Code    54  stm32f4xx_rcc.o(.text)
    RCC_RTCCLKCmd                            0x08004b11   Thumb Code     8  stm32f4xx_rcc.o(.text)
    RCC_BackupResetCmd                       0x08004b19   Thumb Code     8  stm32f4xx_rcc.o(.text)
    RCC_I2SCLKConfig                         0x08004b21   Thumb Code     6  stm32f4xx_rcc.o(.text)
    RCC_SAIPLLI2SClkDivConfig                0x08004b27   Thumb Code    26  stm32f4xx_rcc.o(.text)
    RCC_SAIPLLSAIClkDivConfig                0x08004b41   Thumb Code    28  stm32f4xx_rcc.o(.text)
    RCC_SAIBlockACLKConfig                   0x08004b5d   Thumb Code    20  stm32f4xx_rcc.o(.text)
    RCC_SAIBlockBCLKConfig                   0x08004b71   Thumb Code    20  stm32f4xx_rcc.o(.text)
    RCC_LTDCCLKDivConfig                     0x08004b85   Thumb Code    20  stm32f4xx_rcc.o(.text)
    RCC_TIMCLKPresConfig                     0x08004b99   Thumb Code     6  stm32f4xx_rcc.o(.text)
    RCC_AHB1PeriphClockCmd                   0x08004b9f   Thumb Code    82  stm32f4xx_rcc.o(.text)
    RCC_AHB2PeriphClockCmd                   0x08004bf1   Thumb Code    26  stm32f4xx_rcc.o(.text)
    RCC_AHB3PeriphClockCmd                   0x08004c0b   Thumb Code    34  stm32f4xx_rcc.o(.text)
    RCC_APB1PeriphClockCmd                   0x08004c2d   Thumb Code    34  stm32f4xx_rcc.o(.text)
    RCC_APB2PeriphClockCmd                   0x08004c4f   Thumb Code    34  stm32f4xx_rcc.o(.text)
    RCC_AHB1PeriphResetCmd                   0x08004c71   Thumb Code    34  stm32f4xx_rcc.o(.text)
    RCC_AHB2PeriphResetCmd                   0x08004c93   Thumb Code    34  stm32f4xx_rcc.o(.text)
    RCC_AHB3PeriphResetCmd                   0x08004cb5   Thumb Code    34  stm32f4xx_rcc.o(.text)
    RCC_APB1PeriphResetCmd                   0x08004cd7   Thumb Code    34  stm32f4xx_rcc.o(.text)
    RCC_APB2PeriphResetCmd                   0x08004cf9   Thumb Code    34  stm32f4xx_rcc.o(.text)
    RCC_AHB1PeriphClockLPModeCmd             0x08004d1b   Thumb Code    34  stm32f4xx_rcc.o(.text)
    RCC_AHB2PeriphClockLPModeCmd             0x08004d3d   Thumb Code    34  stm32f4xx_rcc.o(.text)
    RCC_AHB3PeriphClockLPModeCmd             0x08004d5f   Thumb Code    34  stm32f4xx_rcc.o(.text)
    RCC_APB1PeriphClockLPModeCmd             0x08004d81   Thumb Code    34  stm32f4xx_rcc.o(.text)
    RCC_APB2PeriphClockLPModeCmd             0x08004da3   Thumb Code    34  stm32f4xx_rcc.o(.text)
    RCC_LSEModeConfig                        0x08004dc5   Thumb Code    40  stm32f4xx_rcc.o(.text)
    RCC_ITConfig                             0x08004ded   Thumb Code    34  stm32f4xx_rcc.o(.text)
    RCC_ClearFlag                            0x08004e0f   Thumb Code    18  stm32f4xx_rcc.o(.text)
    RCC_GetITStatus                          0x08004e21   Thumb Code    22  stm32f4xx_rcc.o(.text)
    RCC_ClearITPendingBit                    0x08004e37   Thumb Code     8  stm32f4xx_rcc.o(.text)
    SYSCFG_DeInit                            0x08004e45   Thumb Code    22  stm32f4xx_syscfg.o(.text)
    SYSCFG_MemoryRemapConfig                 0x08004e5b   Thumb Code     6  stm32f4xx_syscfg.o(.text)
    SYSCFG_MemorySwappingBank                0x08004e61   Thumb Code     6  stm32f4xx_syscfg.o(.text)
    SYSCFG_EXTILineConfig                    0x08004e67   Thumb Code    66  stm32f4xx_syscfg.o(.text)
    SYSCFG_ETH_MediaInterfaceConfig          0x08004ea9   Thumb Code     8  stm32f4xx_syscfg.o(.text)
    SYSCFG_CompensationCellCmd               0x08004eb1   Thumb Code     6  stm32f4xx_syscfg.o(.text)
    SYSCFG_GetCompensationCellStatus         0x08004eb7   Thumb Code    22  stm32f4xx_syscfg.o(.text)
    USART_DeInit                             0x08004ed9   Thumb Code   206  stm32f4xx_usart.o(.text)
    USART_Init                               0x08004fa7   Thumb Code   204  stm32f4xx_usart.o(.text)
    USART_StructInit                         0x08005073   Thumb Code    24  stm32f4xx_usart.o(.text)
    USART_ClockInit                          0x0800508b   Thumb Code    32  stm32f4xx_usart.o(.text)
    USART_ClockStructInit                    0x080050ab   Thumb Code    12  stm32f4xx_usart.o(.text)
    USART_Cmd                                0x080050b7   Thumb Code    24  stm32f4xx_usart.o(.text)
    USART_SetPrescaler                       0x080050cf   Thumb Code    16  stm32f4xx_usart.o(.text)
    USART_OverSampling8Cmd                   0x080050df   Thumb Code    22  stm32f4xx_usart.o(.text)
    USART_OneBitMethodCmd                    0x080050f5   Thumb Code    24  stm32f4xx_usart.o(.text)
    USART_SendData                           0x0800510d   Thumb Code     8  stm32f4xx_usart.o(.text)
    USART_ReceiveData                        0x08005115   Thumb Code    10  stm32f4xx_usart.o(.text)
    USART_SetAddress                         0x0800511f   Thumb Code    18  stm32f4xx_usart.o(.text)
    USART_ReceiverWakeUpCmd                  0x08005131   Thumb Code    24  stm32f4xx_usart.o(.text)
    USART_WakeUpConfig                       0x08005149   Thumb Code    18  stm32f4xx_usart.o(.text)
    USART_LINBreakDetectLengthConfig         0x0800515b   Thumb Code    18  stm32f4xx_usart.o(.text)
    USART_LINCmd                             0x0800516d   Thumb Code    24  stm32f4xx_usart.o(.text)
    USART_SendBreak                          0x08005185   Thumb Code    10  stm32f4xx_usart.o(.text)
    USART_HalfDuplexCmd                      0x0800518f   Thumb Code    24  stm32f4xx_usart.o(.text)
    USART_SetGuardTime                       0x080051a7   Thumb Code    16  stm32f4xx_usart.o(.text)
    USART_SmartCardCmd                       0x080051b7   Thumb Code    24  stm32f4xx_usart.o(.text)
    USART_SmartCardNACKCmd                   0x080051cf   Thumb Code    24  stm32f4xx_usart.o(.text)
    USART_IrDAConfig                         0x080051e7   Thumb Code    18  stm32f4xx_usart.o(.text)
    USART_IrDACmd                            0x080051f9   Thumb Code    24  stm32f4xx_usart.o(.text)
    USART_DMACmd                             0x08005211   Thumb Code    18  stm32f4xx_usart.o(.text)
    USART_ITConfig                           0x08005223   Thumb Code    74  stm32f4xx_usart.o(.text)
    USART_GetFlagStatus                      0x0800526d   Thumb Code    26  stm32f4xx_usart.o(.text)
    USART_ClearFlag                          0x08005287   Thumb Code    18  stm32f4xx_usart.o(.text)
    USART_GetITStatus                        0x08005299   Thumb Code   118  stm32f4xx_usart.o(.text)
    USART_ClearITPendingBit                  0x0800530f   Thumb Code    30  stm32f4xx_usart.o(.text)
    CAN_DeInit                               0x0800532d   Thumb Code    50  stm32f4xx_can.o(.text)
    CAN_Init                                 0x0800535f   Thumb Code   276  stm32f4xx_can.o(.text)
    CAN_FilterInit                           0x08005473   Thumb Code   258  stm32f4xx_can.o(.text)
    CAN_StructInit                           0x08005575   Thumb Code    32  stm32f4xx_can.o(.text)
    CAN_SlaveStartBank                       0x08005595   Thumb Code    48  stm32f4xx_can.o(.text)
    CAN_DBGFreeze                            0x080055c5   Thumb Code    22  stm32f4xx_can.o(.text)
    CAN_TTComModeCmd                         0x080055db   Thumb Code   118  stm32f4xx_can.o(.text)
    CAN_Transmit                             0x08005651   Thumb Code   304  stm32f4xx_can.o(.text)
    CAN_TransmitStatus                       0x08005781   Thumb Code   138  stm32f4xx_can.o(.text)
    CAN_CancelTransmit                       0x0800580b   Thumb Code    48  stm32f4xx_can.o(.text)
    CAN_Receive                              0x0800583b   Thumb Code   240  stm32f4xx_can.o(.text)
    CAN_FIFORelease                          0x0800592b   Thumb Code    22  stm32f4xx_can.o(.text)
    CAN_MessagePending                       0x08005941   Thumb Code    30  stm32f4xx_can.o(.text)
    CAN_OperatingModeRequest                 0x0800595f   Thumb Code   162  stm32f4xx_can.o(.text)
    CAN_Sleep                                0x08005a01   Thumb Code    30  stm32f4xx_can.o(.text)
    CAN_WakeUp                               0x08005a1f   Thumb Code    48  stm32f4xx_can.o(.text)
    CAN_GetLastErrorCode                     0x08005a4f   Thumb Code    12  stm32f4xx_can.o(.text)
    CAN_GetReceiveErrorCounter               0x08005a5b   Thumb Code    10  stm32f4xx_can.o(.text)
    CAN_GetLSBTransmitErrorCounter           0x08005a65   Thumb Code    12  stm32f4xx_can.o(.text)
    CAN_ITConfig                             0x08005a71   Thumb Code    18  stm32f4xx_can.o(.text)
    CAN_GetFlagStatus                        0x08005a83   Thumb Code   120  stm32f4xx_can.o(.text)
    CAN_ClearFlag                            0x08005afb   Thumb Code    52  stm32f4xx_can.o(.text)
    CAN_GetITStatus                          0x08005b41   Thumb Code   310  stm32f4xx_can.o(.text)
    CAN_ClearITPendingBit                    0x08005c77   Thumb Code   162  stm32f4xx_can.o(.text)
    DMA_DeInit                               0x08005d1d   Thumb Code   324  stm32f4xx_dma.o(.text)
    DMA_Init                                 0x08005e61   Thumb Code    82  stm32f4xx_dma.o(.text)
    DMA_StructInit                           0x08005eb3   Thumb Code    34  stm32f4xx_dma.o(.text)
    DMA_Cmd                                  0x08005ed5   Thumb Code    22  stm32f4xx_dma.o(.text)
    DMA_PeriphIncOffsetSizeConfig            0x08005eeb   Thumb Code    22  stm32f4xx_dma.o(.text)
    DMA_FlowControllerConfig                 0x08005f01   Thumb Code    22  stm32f4xx_dma.o(.text)
    DMA_SetCurrDataCounter                   0x08005f17   Thumb Code     4  stm32f4xx_dma.o(.text)
    DMA_GetCurrDataCounter                   0x08005f1b   Thumb Code     8  stm32f4xx_dma.o(.text)
    DMA_DoubleBufferModeConfig               0x08005f23   Thumb Code    24  stm32f4xx_dma.o(.text)
    DMA_DoubleBufferModeCmd                  0x08005f3b   Thumb Code    22  stm32f4xx_dma.o(.text)
    DMA_MemoryTargetConfig                   0x08005f51   Thumb Code    10  stm32f4xx_dma.o(.text)
    DMA_GetCurrentMemoryTarget               0x08005f5b   Thumb Code    20  stm32f4xx_dma.o(.text)
    DMA_GetCmdStatus                         0x08005f6f   Thumb Code    20  stm32f4xx_dma.o(.text)
    DMA_GetFIFOStatus                        0x08005f83   Thumb Code    12  stm32f4xx_dma.o(.text)
    DMA_GetFlagStatus                        0x08005f8f   Thumb Code    56  stm32f4xx_dma.o(.text)
    DMA_ClearFlag                            0x08005fc7   Thumb Code    40  stm32f4xx_dma.o(.text)
    DMA_ITConfig                             0x08005fef   Thumb Code    58  stm32f4xx_dma.o(.text)
    DMA_GetITStatus                          0x08006029   Thumb Code    84  stm32f4xx_dma.o(.text)
    DMA_ClearITPendingBit                    0x0800607d   Thumb Code    40  stm32f4xx_dma.o(.text)
    TIM_DeInit                               0x080060c5   Thumb Code   346  stm32f4xx_tim.o(.text)
    TIM_TimeBaseInit                         0x0800621f   Thumb Code   104  stm32f4xx_tim.o(.text)
    TIM_TimeBaseStructInit                   0x08006287   Thumb Code    18  stm32f4xx_tim.o(.text)
    TIM_PrescalerConfig                      0x08006299   Thumb Code     6  stm32f4xx_tim.o(.text)
    TIM_CounterModeConfig                    0x0800629f   Thumb Code    18  stm32f4xx_tim.o(.text)
    TIM_SetCounter                           0x080062b1   Thumb Code     4  stm32f4xx_tim.o(.text)
    TIM_SetAutoreload                        0x080062b5   Thumb Code     4  stm32f4xx_tim.o(.text)
    TIM_GetCounter                           0x080062b9   Thumb Code     6  stm32f4xx_tim.o(.text)
    TIM_GetPrescaler                         0x080062bf   Thumb Code     6  stm32f4xx_tim.o(.text)
    TIM_UpdateDisableConfig                  0x080062c5   Thumb Code    24  stm32f4xx_tim.o(.text)
    TIM_UpdateRequestConfig                  0x080062dd   Thumb Code    24  stm32f4xx_tim.o(.text)
    TIM_ARRPreloadConfig                     0x080062f5   Thumb Code    24  stm32f4xx_tim.o(.text)
    TIM_SelectOnePulseMode                   0x0800630d   Thumb Code    18  stm32f4xx_tim.o(.text)
    TIM_SetClockDivision                     0x0800631f   Thumb Code    18  stm32f4xx_tim.o(.text)
    TIM_Cmd                                  0x08006331   Thumb Code    24  stm32f4xx_tim.o(.text)
    TIM_OC1Init                              0x08006349   Thumb Code   114  stm32f4xx_tim.o(.text)
    TIM_OC2Init                              0x080063bb   Thumb Code   154  stm32f4xx_tim.o(.text)
    TIM_OC3Init                              0x08006455   Thumb Code   204  stm32f4xx_tim.o(.text)
    TIM_OC4Init                              0x08006521   Thumb Code   112  stm32f4xx_tim.o(.text)
    TIM_OCStructInit                         0x08006591   Thumb Code    20  stm32f4xx_tim.o(.text)
    TIM_SelectOCxM                           0x080065a5   Thumb Code    86  stm32f4xx_tim.o(.text)
    TIM_SetCompare1                          0x080065fb   Thumb Code     4  stm32f4xx_tim.o(.text)
    TIM_SetCompare2                          0x080065ff   Thumb Code     4  stm32f4xx_tim.o(.text)
    TIM_SetCompare3                          0x08006603   Thumb Code     4  stm32f4xx_tim.o(.text)
    TIM_SetCompare4                          0x08006607   Thumb Code     4  stm32f4xx_tim.o(.text)
    TIM_ForcedOC1Config                      0x0800660b   Thumb Code    18  stm32f4xx_tim.o(.text)
    TIM_ForcedOC2Config                      0x0800661d   Thumb Code    26  stm32f4xx_tim.o(.text)
    TIM_ForcedOC3Config                      0x08006637   Thumb Code    18  stm32f4xx_tim.o(.text)
    TIM_ForcedOC4Config                      0x08006649   Thumb Code    26  stm32f4xx_tim.o(.text)
    TIM_OC1PreloadConfig                     0x08006663   Thumb Code    18  stm32f4xx_tim.o(.text)
    TIM_OC2PreloadConfig                     0x08006675   Thumb Code    26  stm32f4xx_tim.o(.text)
    TIM_OC3PreloadConfig                     0x0800668f   Thumb Code    18  stm32f4xx_tim.o(.text)
    TIM_OC4PreloadConfig                     0x080066a1   Thumb Code    26  stm32f4xx_tim.o(.text)
    TIM_OC1FastConfig                        0x080066bb   Thumb Code    18  stm32f4xx_tim.o(.text)
    TIM_OC2FastConfig                        0x080066cd   Thumb Code    26  stm32f4xx_tim.o(.text)
    TIM_OC3FastConfig                        0x080066e7   Thumb Code    18  stm32f4xx_tim.o(.text)
    TIM_OC4FastConfig                        0x080066f9   Thumb Code    26  stm32f4xx_tim.o(.text)
    TIM_ClearOC1Ref                          0x08006713   Thumb Code    18  stm32f4xx_tim.o(.text)
    TIM_ClearOC2Ref                          0x08006725   Thumb Code    24  stm32f4xx_tim.o(.text)
    TIM_ClearOC3Ref                          0x0800673d   Thumb Code    18  stm32f4xx_tim.o(.text)
    TIM_ClearOC4Ref                          0x0800674f   Thumb Code    24  stm32f4xx_tim.o(.text)
    TIM_OC1PolarityConfig                    0x08006767   Thumb Code    18  stm32f4xx_tim.o(.text)
    TIM_OC1NPolarityConfig                   0x08006779   Thumb Code    18  stm32f4xx_tim.o(.text)
    TIM_OC2PolarityConfig                    0x0800678b   Thumb Code    26  stm32f4xx_tim.o(.text)
    TIM_OC2NPolarityConfig                   0x080067a5   Thumb Code    26  stm32f4xx_tim.o(.text)
    TIM_OC3PolarityConfig                    0x080067bf   Thumb Code    26  stm32f4xx_tim.o(.text)
    TIM_OC3NPolarityConfig                   0x080067d9   Thumb Code    26  stm32f4xx_tim.o(.text)
    TIM_OC4PolarityConfig                    0x080067f3   Thumb Code    26  stm32f4xx_tim.o(.text)
    TIM_CCxCmd                               0x0800680d   Thumb Code    30  stm32f4xx_tim.o(.text)
    TIM_CCxNCmd                              0x0800682b   Thumb Code    30  stm32f4xx_tim.o(.text)
    TIM_SetIC4Prescaler                      0x08006849   Thumb Code    26  stm32f4xx_tim.o(.text)
    TIM_SetIC3Prescaler                      0x080068b3   Thumb Code    18  stm32f4xx_tim.o(.text)
    TIM_SetIC2Prescaler                      0x0800690d   Thumb Code    26  stm32f4xx_tim.o(.text)
    TIM_SetIC1Prescaler                      0x08006981   Thumb Code    18  stm32f4xx_tim.o(.text)
    TIM_ICInit                               0x080069cd   Thumb Code   110  stm32f4xx_tim.o(.text)
    TIM_ICStructInit                         0x08006a3b   Thumb Code    18  stm32f4xx_tim.o(.text)
    TIM_PWMIConfig                           0x08006a4d   Thumb Code   124  stm32f4xx_tim.o(.text)
    TIM_GetCapture1                          0x08006ac9   Thumb Code     6  stm32f4xx_tim.o(.text)
    TIM_GetCapture2                          0x08006acf   Thumb Code     6  stm32f4xx_tim.o(.text)
    TIM_GetCapture3                          0x08006ad5   Thumb Code     6  stm32f4xx_tim.o(.text)
    TIM_GetCapture4                          0x08006adb   Thumb Code     6  stm32f4xx_tim.o(.text)
    TIM_BDTRConfig                           0x08006ae1   Thumb Code    32  stm32f4xx_tim.o(.text)
    TIM_BDTRStructInit                       0x08006b01   Thumb Code    18  stm32f4xx_tim.o(.text)
    TIM_CtrlPWMOutputs                       0x08006b13   Thumb Code    30  stm32f4xx_tim.o(.text)
    TIM_SelectCOM                            0x08006b31   Thumb Code    24  stm32f4xx_tim.o(.text)
    TIM_CCPreloadControl                     0x08006b49   Thumb Code    24  stm32f4xx_tim.o(.text)
    TIM_ITConfig                             0x08006b61   Thumb Code    18  stm32f4xx_tim.o(.text)
    TIM_GenerateEvent                        0x08006b73   Thumb Code     4  stm32f4xx_tim.o(.text)
    TIM_GetFlagStatus                        0x08006b77   Thumb Code    18  stm32f4xx_tim.o(.text)
    TIM_ClearFlag                            0x08006b89   Thumb Code     6  stm32f4xx_tim.o(.text)
    TIM_GetITStatus                          0x08006b8f   Thumb Code    34  stm32f4xx_tim.o(.text)
    TIM_ClearITPendingBit                    0x08006bb1   Thumb Code     6  stm32f4xx_tim.o(.text)
    TIM_DMAConfig                            0x08006bb7   Thumb Code    10  stm32f4xx_tim.o(.text)
    TIM_DMACmd                               0x08006bc1   Thumb Code    18  stm32f4xx_tim.o(.text)
    TIM_SelectCCDMA                          0x08006bd3   Thumb Code    24  stm32f4xx_tim.o(.text)
    TIM_InternalClockConfig                  0x08006beb   Thumb Code    12  stm32f4xx_tim.o(.text)
    TIM_SelectInputTrigger                   0x08006bf7   Thumb Code    18  stm32f4xx_tim.o(.text)
    TIM_ITRxExternalClockConfig              0x08006c09   Thumb Code    24  stm32f4xx_tim.o(.text)
    TIM_TIxExternalClockConfig               0x08006c21   Thumb Code    62  stm32f4xx_tim.o(.text)
    TIM_ETRConfig                            0x08006c5f   Thumb Code    28  stm32f4xx_tim.o(.text)
    TIM_ETRClockMode1Config                  0x08006c7b   Thumb Code    54  stm32f4xx_tim.o(.text)
    TIM_ETRClockMode2Config                  0x08006cb1   Thumb Code    32  stm32f4xx_tim.o(.text)
    TIM_SelectOutputTrigger                  0x08006cd1   Thumb Code    18  stm32f4xx_tim.o(.text)
    TIM_SelectSlaveMode                      0x08006ce3   Thumb Code    18  stm32f4xx_tim.o(.text)
    TIM_SelectMasterSlaveMode                0x08006cf5   Thumb Code    18  stm32f4xx_tim.o(.text)
    TIM_EncoderInterfaceConfig               0x08006d07   Thumb Code    66  stm32f4xx_tim.o(.text)
    TIM_SelectHallSensor                     0x08006d49   Thumb Code    24  stm32f4xx_tim.o(.text)
    TIM_RemapConfig                          0x08006d61   Thumb Code     6  stm32f4xx_tim.o(.text)
    SPI_I2S_DeInit                           0x08006d69   Thumb Code   152  stm32f4xx_spi.o(.text)
    SPI_Init                                 0x08006e01   Thumb Code    60  stm32f4xx_spi.o(.text)
    I2S_Init                                 0x08006e3d   Thumb Code   396  stm32f4xx_spi.o(.text)
    SPI_StructInit                           0x08006fc9   Thumb Code    24  stm32f4xx_spi.o(.text)
    I2S_StructInit                           0x08006fe1   Thumb Code    20  stm32f4xx_spi.o(.text)
    SPI_Cmd                                  0x08006ff5   Thumb Code    24  stm32f4xx_spi.o(.text)
    I2S_Cmd                                  0x0800700d   Thumb Code    24  stm32f4xx_spi.o(.text)
    SPI_DataSizeConfig                       0x08007025   Thumb Code    18  stm32f4xx_spi.o(.text)
    SPI_BiDirectionalLineConfig              0x08007037   Thumb Code    28  stm32f4xx_spi.o(.text)
    SPI_NSSInternalSoftwareConfig            0x08007053   Thumb Code    30  stm32f4xx_spi.o(.text)
    SPI_SSOutputCmd                          0x08007071   Thumb Code    24  stm32f4xx_spi.o(.text)
    SPI_TIModeCmd                            0x08007089   Thumb Code    14  stm32f4xx_spi.o(.text)
    I2S_FullDuplexConfig                     0x08007097   Thumb Code    80  stm32f4xx_spi.o(.text)
    SPI_I2S_ReceiveData                      0x080070e7   Thumb Code     6  stm32f4xx_spi.o(.text)
    SPI_I2S_SendData                         0x080070ed   Thumb Code     4  stm32f4xx_spi.o(.text)
    SPI_I2S_GetFlagStatus                    0x080070f1   Thumb Code    18  stm32f4xx_spi.o(.text)
    SPI_TransmitReceive                      0x08007103   Thumb Code   156  stm32f4xx_spi.o(.text)
    SPI_CalculateCRC                         0x0800719f   Thumb Code    24  stm32f4xx_spi.o(.text)
    SPI_TransmitCRC                          0x080071b7   Thumb Code    10  stm32f4xx_spi.o(.text)
    SPI_GetCRC                               0x080071c1   Thumb Code    16  stm32f4xx_spi.o(.text)
    SPI_GetCRCPolynomial                     0x080071d1   Thumb Code     6  stm32f4xx_spi.o(.text)
    SPI_I2S_DMACmd                           0x080071d7   Thumb Code    18  stm32f4xx_spi.o(.text)
    SPI_I2S_ITConfig                         0x080071e9   Thumb Code    32  stm32f4xx_spi.o(.text)
    SPI_I2S_ClearFlag                        0x08007209   Thumb Code     6  stm32f4xx_spi.o(.text)
    SPI_I2S_GetITStatus                      0x0800720f   Thumb Code    52  stm32f4xx_spi.o(.text)
    SPI_I2S_ClearITPendingBit                0x08007243   Thumb Code    20  stm32f4xx_spi.o(.text)
    FLASH_SetLatency                         0x08007259   Thumb Code     6  stm32f4xx_flash.o(.text)
    FLASH_PrefetchBufferCmd                  0x0800725f   Thumb Code    30  stm32f4xx_flash.o(.text)
    FLASH_InstructionCacheCmd                0x0800727d   Thumb Code    30  stm32f4xx_flash.o(.text)
    FLASH_DataCacheCmd                       0x0800729b   Thumb Code    30  stm32f4xx_flash.o(.text)
    FLASH_InstructionCacheReset              0x080072b9   Thumb Code    14  stm32f4xx_flash.o(.text)
    FLASH_DataCacheReset                     0x080072c7   Thumb Code    14  stm32f4xx_flash.o(.text)
    FLASH_Unlock                             0x080072d5   Thumb Code    26  stm32f4xx_flash.o(.text)
    FLASH_Lock                               0x080072ef   Thumb Code    18  stm32f4xx_flash.o(.text)
    FLASH_GetStatus                          0x08007301   Thumb Code    90  stm32f4xx_flash.o(.text)
    FLASH_WaitForLastOperation               0x0800735b   Thumb Code    34  stm32f4xx_flash.o(.text)
    FLASH_EraseSector                        0x0800737d   Thumb Code   140  stm32f4xx_flash.o(.text)
    FLASH_EraseAllSectors                    0x08007409   Thumb Code   118  stm32f4xx_flash.o(.text)
    FLASH_EraseAllBank1Sectors               0x0800747f   Thumb Code   112  stm32f4xx_flash.o(.text)
    FLASH_EraseAllBank2Sectors               0x080074ef   Thumb Code   112  stm32f4xx_flash.o(.text)
    FLASH_ProgramDoubleWord                  0x0800755f   Thumb Code    86  stm32f4xx_flash.o(.text)
    FLASH_ProgramWord                        0x080075b5   Thumb Code    82  stm32f4xx_flash.o(.text)
    FLASH_ProgramHalfWord                    0x08007607   Thumb Code    96  stm32f4xx_flash.o(.text)
    FLASH_ProgramByte                        0x08007667   Thumb Code    70  stm32f4xx_flash.o(.text)
    FLASH_OB_Unlock                          0x080076ad   Thumb Code    26  stm32f4xx_flash.o(.text)
    FLASH_OB_Lock                            0x080076c7   Thumb Code    18  stm32f4xx_flash.o(.text)
    FLASH_OB_WRPConfig                       0x080076d9   Thumb Code    54  stm32f4xx_flash.o(.text)
    FLASH_OB_WRP1Config                      0x0800770f   Thumb Code    54  stm32f4xx_flash.o(.text)
    FLASH_OB_PCROPSelectionConfig            0x08007745   Thumb Code    24  stm32f4xx_flash.o(.text)
    FLASH_OB_PCROPConfig                     0x0800775d   Thumb Code    54  stm32f4xx_flash.o(.text)
    FLASH_OB_PCROP1Config                    0x08007793   Thumb Code    54  stm32f4xx_flash.o(.text)
    FLASH_OB_RDPConfig                       0x080077c9   Thumb Code    24  stm32f4xx_flash.o(.text)
    FLASH_OB_UserConfig                      0x080077e1   Thumb Code    46  stm32f4xx_flash.o(.text)
    FLASH_OB_BootConfig                      0x0800780f   Thumb Code    26  stm32f4xx_flash.o(.text)
    FLASH_OB_BORConfig                       0x08007829   Thumb Code    26  stm32f4xx_flash.o(.text)
    FLASH_OB_Launch                          0x08007843   Thumb Code    30  stm32f4xx_flash.o(.text)
    FLASH_OB_GetUser                         0x08007861   Thumb Code    12  stm32f4xx_flash.o(.text)
    FLASH_OB_GetWRP                          0x0800786d   Thumb Code     8  stm32f4xx_flash.o(.text)
    FLASH_OB_GetWRP1                         0x08007875   Thumb Code     8  stm32f4xx_flash.o(.text)
    FLASH_OB_GetPCROP                        0x0800787d   Thumb Code     8  stm32f4xx_flash.o(.text)
    FLASH_OB_GetPCROP1                       0x08007885   Thumb Code     8  stm32f4xx_flash.o(.text)
    FLASH_OB_GetRDP                          0x0800788d   Thumb Code    20  stm32f4xx_flash.o(.text)
    FLASH_OB_GetBOR                          0x080078a1   Thumb Code    12  stm32f4xx_flash.o(.text)
    FLASH_ITConfig                           0x080078ad   Thumb Code    26  stm32f4xx_flash.o(.text)
    FLASH_GetFlagStatus                      0x080078c7   Thumb Code    22  stm32f4xx_flash.o(.text)
    FLASH_ClearFlag                          0x080078dd   Thumb Code     8  stm32f4xx_flash.o(.text)
    EXTI_DeInit                              0x080078f1   Thumb Code    28  stm32f4xx_exti.o(.text)
    EXTI_Init                                0x0800790d   Thumb Code   142  stm32f4xx_exti.o(.text)
    EXTI_StructInit                          0x0800799b   Thumb Code    16  stm32f4xx_exti.o(.text)
    EXTI_GenerateSWInterrupt                 0x080079ab   Thumb Code    16  stm32f4xx_exti.o(.text)
    EXTI_GetFlagStatus                       0x080079bb   Thumb Code    22  stm32f4xx_exti.o(.text)
    EXTI_ClearFlag                           0x080079d1   Thumb Code     8  stm32f4xx_exti.o(.text)
    EXTI_GetITStatus                         0x080079d9   Thumb Code    22  stm32f4xx_exti.o(.text)
    EXTI_ClearITPendingBit                   0x080079ef   Thumb Code     8  stm32f4xx_exti.o(.text)
    pvPortMalloc                             0x08007ac3   Thumb Code   296  heap_4.o(.text)
    vPortFree                                0x08007beb   Thumb Code   140  heap_4.o(.text)
    xPortGetFreeHeapSize                     0x08007c77   Thumb Code     6  heap_4.o(.text)
    xPortGetMinimumEverFreeHeapSize          0x08007c7d   Thumb Code     6  heap_4.o(.text)
    vPortInitialiseBlocks                    0x08007c83   Thumb Code     2  heap_4.o(.text)
    pxPortInitialiseStack                    0x08007cd9   Thumb Code    38  port.o(.text)
    vPortSetupTimerInterrupt                 0x08007cff   Thumb Code    36  port.o(.text)
    xPortStartScheduler                      0x08007d23   Thumb Code   330  port.o(.text)
    vPortEndScheduler                        0x08007e6d   Thumb Code    42  port.o(.text)
    vPortEnterCritical                       0x08007e97   Thumb Code    78  port.o(.text)
    vPortExitCritical                        0x08007ee5   Thumb Code    56  port.o(.text)
    xPortSysTickHandler                      0x08007f1d   Thumb Code    48  port.o(.text)
    vPortValidateInterruptPriority           0x08007f4d   Thumb Code   108  port.o(.text)
    xEventGroupCreate                        0x08007fdd   Thumb Code    26  event_groups.o(.text)
    xEventGroupSetBits                       0x08007ff7   Thumb Code   206  event_groups.o(.text)
    xEventGroupSync                          0x080080c5   Thumb Code   268  event_groups.o(.text)
    xEventGroupWaitBits                      0x080081ef   Thumb Code   338  event_groups.o(.text)
    xEventGroupClearBits                     0x08008341   Thumb Code    92  event_groups.o(.text)
    xEventGroupGetBitsFromISR                0x0800839d   Thumb Code    44  event_groups.o(.text)
    vEventGroupDelete                        0x080083c9   Thumb Code    82  event_groups.o(.text)
    vEventGroupSetBitsCallback               0x0800841b   Thumb Code    16  event_groups.o(.text)
    vEventGroupClearBitsCallback             0x0800842b   Thumb Code    16  event_groups.o(.text)
    uxEventGroupGetNumber                    0x0800843b   Thumb Code    14  event_groups.o(.text)
    vEventGroupSetNumber                     0x08008449   Thumb Code     4  event_groups.o(.text)
    vListInitialise                          0x08008451   Thumb Code    26  list.o(.text)
    vListInitialiseItem                      0x0800846b   Thumb Code     6  list.o(.text)
    vListInsertEnd                           0x08008471   Thumb Code    24  list.o(.text)
    vListInsert                              0x08008489   Thumb Code    52  list.o(.text)
    uxListRemove                             0x080084bd   Thumb Code    40  list.o(.text)
    xQueueGenericReset                       0x080084e5   Thumb Code   146  queue.o(.text)
    xQueueGenericCreate                      0x080085a1   Thumb Code    90  queue.o(.text)
    xQueueGenericSend                        0x08008715   Thumb Code   420  queue.o(.text)
    xQueueCreateMutex                        0x080088d7   Thumb Code    34  queue.o(.text)
    xQueueGiveMutexRecursive                 0x080088f9   Thumb Code    78  queue.o(.text)
    xQueueSemaphoreTake                      0x08008975   Thumb Code   434  queue.o(.text)
    xQueueTakeMutexRecursive                 0x08008b27   Thumb Code    78  queue.o(.text)
    xQueueCreateCountingSemaphore            0x08008b75   Thumb Code    92  queue.o(.text)
    xQueueGenericSendFromISR                 0x08008bd1   Thumb Code   248  queue.o(.text)
    xQueueGiveFromISR                        0x08008cc9   Thumb Code   224  queue.o(.text)
    xQueueReceive                            0x08008dd3   Thumb Code   362  queue.o(.text)
    xQueuePeek                               0x08008f3d   Thumb Code   362  queue.o(.text)
    xQueueReceiveFromISR                     0x080090a7   Thumb Code   202  queue.o(.text)
    xQueuePeekFromISR                        0x08009171   Thumb Code   176  queue.o(.text)
    uxQueueMessagesWaiting                   0x08009221   Thumb Code    42  queue.o(.text)
    uxQueueSpacesAvailable                   0x0800924b   Thumb Code    52  queue.o(.text)
    uxQueueMessagesWaitingFromISR            0x0800927f   Thumb Code    34  queue.o(.text)
    vQueueUnregisterQueue                    0x080092a1   Thumb Code    44  queue.o(.text)
    vQueueDelete                             0x080092cd   Thumb Code    44  queue.o(.text)
    uxQueueGetQueueNumber                    0x080092f9   Thumb Code     6  queue.o(.text)
    vQueueSetQueueNumber                     0x080092ff   Thumb Code     4  queue.o(.text)
    ucQueueGetQueueType                      0x08009303   Thumb Code     8  queue.o(.text)
    xQueueIsQueueEmptyFromISR                0x0800930b   Thumb Code    42  queue.o(.text)
    xQueueIsQueueFullFromISR                 0x08009335   Thumb Code    46  queue.o(.text)
    vQueueAddToRegistry                      0x08009363   Thumb Code    38  queue.o(.text)
    pcQueueGetName                           0x08009389   Thumb Code    38  queue.o(.text)
    vQueueWaitForMessageRestricted           0x080093af   Thumb Code    74  queue.o(.text)
    xTaskCreate                              0x080095ad   Thumb Code    96  tasks.o(.text)
    vTaskDelete                              0x08009649   Thumb Code   202  tasks.o(.text)
    xTaskIncrementTick                       0x08009713   Thumb Code   360  tasks.o(.text)
    xTaskResumeAll                           0x0800987b   Thumb Code   224  tasks.o(.text)
    vTaskSuspendAll                          0x080099d7   Thumb Code    12  tasks.o(.text)
    vTaskDelayUntil                          0x080099e3   Thumb Code   200  tasks.o(.text)
    vTaskDelay                               0x08009aab   Thumb Code    82  tasks.o(.text)
    eTaskGetState                            0x08009afd   Thumb Code   128  tasks.o(.text)
    uxTaskPriorityGet                        0x08009b7d   Thumb Code    30  tasks.o(.text)
    uxTaskPriorityGetFromISR                 0x08009b9b   Thumb Code    62  tasks.o(.text)
    vTaskPrioritySet                         0x08009bd9   Thumb Code   324  tasks.o(.text)
    vTaskSwitchContext                       0x08009d1d   Thumb Code   170  tasks.o(.text)
    vTaskSuspend                             0x08009dc7   Thumb Code   210  tasks.o(.text)
    vTaskResume                              0x08009ee9   Thumb Code   128  tasks.o(.text)
    xTaskResumeFromISR                       0x08009f69   Thumb Code   158  tasks.o(.text)
    vTaskStartScheduler                      0x0800a0a1   Thumb Code   122  tasks.o(.text)
    vTaskEndScheduler                        0x0800a11b   Thumb Code    32  tasks.o(.text)
    xTaskGetTickCount                        0x0800a13b   Thumb Code     6  tasks.o(.text)
    xTaskGetTickCountFromISR                 0x0800a141   Thumb Code    16  tasks.o(.text)
    uxTaskGetNumberOfTasks                   0x0800a151   Thumb Code     6  tasks.o(.text)
    pcTaskGetName                            0x0800a157   Thumb Code    44  tasks.o(.text)
    vTaskGetInfo                             0x0800a199   Thumb Code   126  tasks.o(.text)
    uxTaskGetSystemState                     0x0800a281   Thumb Code   154  tasks.o(.text)
    vTaskPlaceOnEventList                    0x0800a31b   Thumb Code    52  tasks.o(.text)
    vTaskPlaceOnUnorderedEventList           0x0800a34f   Thumb Code   100  tasks.o(.text)
    vTaskPlaceOnEventListRestricted          0x0800a3b3   Thumb Code    60  tasks.o(.text)
    xTaskRemoveFromEventList                 0x0800a3ef   Thumb Code   128  tasks.o(.text)
    vTaskRemoveFromUnorderedEventList        0x0800a46f   Thumb Code   220  tasks.o(.text)
    vTaskSetTimeOutState                     0x0800a54b   Thumb Code    50  tasks.o(.text)
    vTaskInternalSetTimeOutState             0x0800a57d   Thumb Code    14  tasks.o(.text)
    xTaskCheckForTimeOut                     0x0800a58b   Thumb Code   132  tasks.o(.text)
    vTaskMissedYield                         0x0800a60f   Thumb Code     8  tasks.o(.text)
    uxTaskGetTaskNumber                      0x0800a617   Thumb Code    14  tasks.o(.text)
    vTaskSetTaskNumber                       0x0800a625   Thumb Code     8  tasks.o(.text)
    xTaskGetCurrentTaskHandle                0x0800a62d   Thumb Code     6  tasks.o(.text)
    xTaskGetSchedulerState                   0x0800a633   Thumb Code    24  tasks.o(.text)
    xTaskPriorityInherit                     0x0800a64b   Thumb Code   186  tasks.o(.text)
    xTaskPriorityDisinherit                  0x0800a705   Thumb Code   188  tasks.o(.text)
    vTaskPriorityDisinheritAfterTimeout      0x0800a7c1   Thumb Code   230  tasks.o(.text)
    vTaskList                                0x0800a8d1   Thumb Code   238  tasks.o(.text)
    vTaskGetRunTimeStats                     0x0800a9bf   Thumb Code   168  tasks.o(.text)
    uxTaskResetEventItemValue                0x0800aa67   Thumb Code    24  tasks.o(.text)
    pvTaskIncrementMutexHeldCount            0x0800aa7f   Thumb Code    26  tasks.o(.text)
    ulTaskNotifyTake                         0x0800aa99   Thumb Code   108  tasks.o(.text)
    xTaskNotifyWait                          0x0800ab05   Thumb Code   150  tasks.o(.text)
    xTaskGenericNotify                       0x0800ab9b   Thumb Code   280  tasks.o(.text)
    xTaskGenericNotifyFromISR                0x0800acb3   Thumb Code   396  tasks.o(.text)
    vTaskNotifyGiveFromISR                   0x0800ae3f   Thumb Code   214  tasks.o(.text)
    xTaskNotifyStateClear                    0x0800af15   Thumb Code    48  tasks.o(.text)
    xTimerGenericCommand                     0x0800afad   Thumb Code   126  timers.o(.text)
    xTimerCreateTimerTask                    0x0800b323   Thumb Code   118  timers.o(.text)
    xTimerCreate                             0x0800b3e7   Thumb Code    48  timers.o(.text)
    xTimerGetTimerDaemonTaskHandle           0x0800b417   Thumb Code    42  timers.o(.text)
    xTimerGetPeriod                          0x0800b441   Thumb Code    32  timers.o(.text)
    xTimerGetExpiryTime                      0x0800b461   Thumb Code    34  timers.o(.text)
    pcTimerGetName                           0x0800b483   Thumb Code    32  timers.o(.text)
    xTimerIsTimerActive                      0x0800b4a3   Thumb Code    62  timers.o(.text)
    pvTimerGetTimerID                        0x0800b4e1   Thumb Code    44  timers.o(.text)
    vTimerSetTimerID                         0x0800b50d   Thumb Code    44  timers.o(.text)
    uxTimerGetTimerNumber                    0x0800b539   Thumb Code     6  timers.o(.text)
    vTimerSetTimerNumber                     0x0800b53f   Thumb Code     4  timers.o(.text)
    __use_no_semihosting                     0x0800b549   Thumb Code     2  use_no_semi_2.o(.text)
    __2printf                                0x0800b54d   Thumb Code    20  noretval__2printf.o(.text)
    __2sprintf                               0x0800b565   Thumb Code    34  noretval__2sprintf.o(.text)
    __printf                                 0x0800b58d   Thumb Code   104  __printf.o(.text)
    _printf_str                              0x0800b5f5   Thumb Code    82  _printf_str.o(.text)
    _printf_int_dec                          0x0800b649   Thumb Code   104  _printf_dec.o(.text)
    strcpy                                   0x0800b6c1   Thumb Code    72  strcpy.o(.text)
    strlen                                   0x0800b709   Thumb Code    62  strlen.o(.text)
    __aeabi_memcpy                           0x0800b747   Thumb Code     0  rt_memcpy_v6.o(.text)
    __rt_memcpy                              0x0800b747   Thumb Code   138  rt_memcpy_v6.o(.text)
    _memcpy_lastbytes                        0x0800b7ad   Thumb Code     0  rt_memcpy_v6.o(.text)
    __aeabi_memcpy4                          0x0800b7d1   Thumb Code     0  rt_memcpy_w.o(.text)
    __aeabi_memcpy8                          0x0800b7d1   Thumb Code     0  rt_memcpy_w.o(.text)
    __rt_memcpy_w                            0x0800b7d1   Thumb Code   100  rt_memcpy_w.o(.text)
    _memcpy_lastbytes_aligned                0x0800b819   Thumb Code     0  rt_memcpy_w.o(.text)
    __aeabi_memset                           0x0800b835   Thumb Code    16  aeabi_memset.o(.text)
    __aeabi_memclr4                          0x0800b845   Thumb Code     0  rt_memclr_w.o(.text)
    __aeabi_memclr8                          0x0800b845   Thumb Code     0  rt_memclr_w.o(.text)
    __rt_memclr_w                            0x0800b845   Thumb Code    78  rt_memclr_w.o(.text)
    _memset_w                                0x0800b849   Thumb Code     0  rt_memclr_w.o(.text)
    __use_two_region_memory                  0x0800b893   Thumb Code     2  heapauxi.o(.text)
    __rt_heap_escrow$2region                 0x0800b895   Thumb Code     2  heapauxi.o(.text)
    __rt_heap_expand$2region                 0x0800b897   Thumb Code     2  heapauxi.o(.text)
    __I$use$semihosting                      0x0800b899   Thumb Code     0  use_no_semi.o(.text)
    __use_no_semihosting_swi                 0x0800b899   Thumb Code     2  use_no_semi.o(.text)
    __read_errno                             0x0800b89b   Thumb Code    10  _rserrno.o(.text)
    __set_errno                              0x0800b8a5   Thumb Code    12  _rserrno.o(.text)
    _printf_int_common                       0x0800b8b1   Thumb Code   178  _printf_intcommon.o(.text)
    __lib_sel_fp_printf                      0x0800b963   Thumb Code     2  _printf_fp_dec.o(.text)
    _printf_fp_dec_real                      0x0800bb11   Thumb Code   620  _printf_fp_dec.o(.text)
    _printf_char_common                      0x0800bd87   Thumb Code    32  _printf_char_common.o(.text)
    _sputc                                   0x0800bdad   Thumb Code    10  _sputc.o(.text)
    _printf_cs_common                        0x0800bdb7   Thumb Code    20  _printf_char.o(.text)
    _printf_char                             0x0800bdcb   Thumb Code    16  _printf_char.o(.text)
    _printf_string                           0x0800bddb   Thumb Code     8  _printf_char.o(.text)
    _printf_char_file                        0x0800bde5   Thumb Code    32  _printf_char_file.o(.text)
    __aeabi_memclr                           0x0800be09   Thumb Code     0  rt_memclr.o(.text)
    __rt_memclr                              0x0800be09   Thumb Code    68  rt_memclr.o(.text)
    _memset                                  0x0800be0d   Thumb Code     0  rt_memclr.o(.text)
    __rt_locale                              0x0800be4d   Thumb Code     8  rt_locale_intlibspace.o(.text)
    __aeabi_errno_addr                       0x0800be55   Thumb Code     8  rt_errno_addr_intlibspace.o(.text)
    __errno$intlibspace                      0x0800be55   Thumb Code     0  rt_errno_addr_intlibspace.o(.text)
    __rt_errno_addr$intlibspace              0x0800be55   Thumb Code     0  rt_errno_addr_intlibspace.o(.text)
    _ll_udiv10                               0x0800be5d   Thumb Code   138  lludiv10.o(.text)
    _printf_fp_infnan                        0x0800bee9   Thumb Code   112  _printf_fp_infnan.o(.text)
    _btod_etento                             0x0800bf69   Thumb Code   216  bigflt0.o(.text)
    ferror                                   0x0800c045   Thumb Code     8  ferror.o(.text)
    __user_libspace                          0x0800c04d   Thumb Code     8  libspace.o(.text)
    __user_perproc_libspace                  0x0800c04d   Thumb Code     0  libspace.o(.text)
    __user_perthread_libspace                0x0800c04d   Thumb Code     0  libspace.o(.text)
    __user_setup_stackheap                   0x0800c055   Thumb Code    74  sys_stackheap_outer.o(.text)
    exit                                     0x0800c09f   Thumb Code    12  exit.o(.text)
    strcmp                                   0x0800c0ad   Thumb Code   128  strcmpv7m.o(.text)
    _btod_d2e                                0x0800c12d   Thumb Code    62  btod.o(CL$$btod_d2e)
    _d2e_denorm_low                          0x0800c16b   Thumb Code    70  btod.o(CL$$btod_d2e_denorm_low)
    _d2e_norm_op1                            0x0800c1b1   Thumb Code    96  btod.o(CL$$btod_d2e_norm_op1)
    __btod_div_common                        0x0800c211   Thumb Code   696  btod.o(CL$$btod_div_common)
    _e2e                                     0x0800c549   Thumb Code   198  btod.o(CL$$btod_e2e)
    _btod_ediv                               0x0800c60f   Thumb Code    40  btod.o(CL$$btod_ediv)
    _btod_emul                               0x0800c637   Thumb Code    40  btod.o(CL$$btod_emul)
    __btod_mult_common                       0x0800c65f   Thumb Code   580  btod.o(CL$$btod_mult_common)
    __ARM_fpclassify                         0x0800c8a3   Thumb Code    48  fpclassify.o(i.__ARM_fpclassify)
    __hardfp_asin                            0x0800c8d9   Thumb Code   770  asin.o(i.__hardfp_asin)
    __hardfp_atan                            0x0800cc39   Thumb Code   622  atan.o(i.__hardfp_atan)
    __hardfp_atan2                           0x0800cf11   Thumb Code   432  atan2.o(i.__hardfp_atan2)
    __hardfp_fabs                            0x0800d101   Thumb Code    20  fabs.o(i.__hardfp_fabs)
    __hardfp_sqrt                            0x0800d115   Thumb Code   122  sqrt.o(i.__hardfp_sqrt)
    __kernel_poly                            0x0800d18f   Thumb Code   248  poly.o(i.__kernel_poly)
    __mathlib_dbl_infnan                     0x0800d287   Thumb Code    20  dunder.o(i.__mathlib_dbl_infnan)
    __mathlib_dbl_infnan2                    0x0800d29b   Thumb Code    20  dunder.o(i.__mathlib_dbl_infnan2)
    __mathlib_dbl_invalid                    0x0800d2b1   Thumb Code    24  dunder.o(i.__mathlib_dbl_invalid)
    __mathlib_dbl_underflow                  0x0800d2d1   Thumb Code    24  dunder.o(i.__mathlib_dbl_underflow)
    atan                                     0x0800d2f1   Thumb Code    16  atan.o(i.atan)
    fabs                                     0x0800d301   Thumb Code    24  fabs.o(i.fabs)
    sqrt                                     0x0800d319   Thumb Code   110  sqrt.o(i.sqrt)
    _get_lc_numeric                          0x0800d389   Thumb Code    44  lc_numeric_c.o(locale$$code)
    __aeabi_dneg                             0x0800d3b5   Thumb Code     0  basic.o(x$fpl$basic)
    _dneg                                    0x0800d3b5   Thumb Code     6  basic.o(x$fpl$basic)
    __aeabi_fneg                             0x0800d3bb   Thumb Code     0  basic.o(x$fpl$basic)
    _fneg                                    0x0800d3bb   Thumb Code     6  basic.o(x$fpl$basic)
    _dabs                                    0x0800d3c1   Thumb Code     6  basic.o(x$fpl$basic)
    _fabs                                    0x0800d3c7   Thumb Code     6  basic.o(x$fpl$basic)
    __aeabi_d2f                              0x0800d3cd   Thumb Code     0  d2f.o(x$fpl$d2f)
    _d2f                                     0x0800d3cd   Thumb Code    98  d2f.o(x$fpl$d2f)
    __aeabi_dadd                             0x0800d431   Thumb Code     0  daddsub_clz.o(x$fpl$dadd)
    _dadd                                    0x0800d431   Thumb Code   332  daddsub_clz.o(x$fpl$dadd)
    __fpl_dcmp_Inf                           0x0800d581   Thumb Code    24  dcmpi.o(x$fpl$dcmpinf)
    __aeabi_ddiv                             0x0800d599   Thumb Code     0  ddiv.o(x$fpl$ddiv)
    _ddiv                                    0x0800d599   Thumb Code   552  ddiv.o(x$fpl$ddiv)
    __aeabi_i2d                              0x0800d849   Thumb Code     0  dflt_clz.o(x$fpl$dflt)
    _dflt                                    0x0800d849   Thumb Code    46  dflt_clz.o(x$fpl$dflt)
    __aeabi_cdcmple                          0x0800d879   Thumb Code     0  dleqf.o(x$fpl$dleqf)
    _dcmple                                  0x0800d879   Thumb Code   120  dleqf.o(x$fpl$dleqf)
    __fpl_dcmple_InfNaN                      0x0800d8db   Thumb Code     0  dleqf.o(x$fpl$dleqf)
    __aeabi_dmul                             0x0800d8f1   Thumb Code     0  dmul.o(x$fpl$dmul)
    _dmul                                    0x0800d8f1   Thumb Code   332  dmul.o(x$fpl$dmul)
    __fpl_dnaninf                            0x0800da45   Thumb Code   156  dnaninf.o(x$fpl$dnaninf)
    __fpl_dretinf                            0x0800dae1   Thumb Code    12  dretinf.o(x$fpl$dretinf)
    __aeabi_cdrcmple                         0x0800daed   Thumb Code     0  drleqf.o(x$fpl$drleqf)
    _drcmple                                 0x0800daed   Thumb Code   108  drleqf.o(x$fpl$drleqf)
    __aeabi_drsub                            0x0800db59   Thumb Code     0  daddsub_clz.o(x$fpl$drsb)
    _drsb                                    0x0800db59   Thumb Code    22  daddsub_clz.o(x$fpl$drsb)
    _dsqrt                                   0x0800db71   Thumb Code   404  dsqrt_umaal.o(x$fpl$dsqrt)
    __aeabi_dsub                             0x0800dd09   Thumb Code     0  daddsub_clz.o(x$fpl$dsub)
    _dsub                                    0x0800dd09   Thumb Code   464  daddsub_clz.o(x$fpl$dsub)
    __aeabi_f2d                              0x0800dedd   Thumb Code     0  f2d.o(x$fpl$f2d)
    _f2d                                     0x0800dedd   Thumb Code    86  f2d.o(x$fpl$f2d)
    __fpl_fnaninf                            0x0800df33   Thumb Code   140  fnaninf.o(x$fpl$fnaninf)
    _fp_init                                 0x0800dfbf   Thumb Code    10  fpinit.o(x$fpl$fpinit)
    __fplib_config_fpu_vfp                   0x0800dfc7   Thumb Code     0  fpinit.o(x$fpl$fpinit)
    __fplib_config_pureend_doubles           0x0800dfc7   Thumb Code     0  fpinit.o(x$fpl$fpinit)
    __fpl_fretinf                            0x0800dfc9   Thumb Code    10  fretinf.o(x$fpl$fretinf)
    _printf_fp_dec                           0x0800dfd3   Thumb Code     4  printf1.o(x$fpl$printf1)
    CRC8_INIT                                0x0800dfd6   Data           1  referee.o(.constdata)
    __I$use$fp                               0x0800dfd6   Number         0  usenofp.o(x$fpl$usenofp)
    CRC8_TAB                                 0x0800dfd7   Data         256  referee.o(.constdata)
    __mathlib_zero                           0x0800e1d8   Data           8  qnan.o(.constdata)
    Region$$Table$$Base                      0x0800e274   Number         0  anon$$obj.o(Region$$Table)
    Region$$Table$$Limit                     0x0800e294   Number         0  anon$$obj.o(Region$$Table)
    SystemCoreClock                          0x20000000   Data           4  system_stm32f4xx.o(.data)
    AHBPrescTable                            0x20000004   Data          16  system_stm32f4xx.o(.data)
    FreeRTOSRunTimeTicks                     0x20000014   Data           4  basicperipherals.o(.data)
    Usart1_RX_Cou                            0x20000018   Data           2  referee.o(.data)
    Usart1_RX_Flag                           0x2000001a   Data           1  referee.o(.data)
    g_Referee_flag                           0x2000001b   Data           1  referee.o(.data)
    CRC_INIT                                 0x2000001c   Data           2  referee.o(.data)
    bit                                      0x20000020   Data           4  freertostask.o(.data)
    duo                                      0x20000024   Data           4  freertostask.o(.data)
    FrictionCalistop                         0x20000028   Data           1  freertostask.o(.data)
    ImuGimbalCalistop                        0x20000029   Data           1  freertostask.o(.data)
    DbusParseTask_Handler                    0x2000002c   Data           4  freertostask.o(.data)
    StartTask_Handler                        0x20000030   Data           4  freertostask.o(.data)
    FrictionCaliTask_Handler                 0x20000034   Data           4  freertostask.o(.data)
    FrictionControlTask_Handler              0x20000038   Data           4  freertostask.o(.data)
    Can1ReceiveTask_Handler                  0x2000003c   Data           4  freertostask.o(.data)
    Can2ReceiveTask_Handler                  0x20000040   Data           4  freertostask.o(.data)
    IMUReceiveTask_Handler                   0x20000044   Data           4  freertostask.o(.data)
    BSPInitTaskTask_Handler                  0x20000048   Data           4  freertostask.o(.data)
    PIDCalculateTask_Handler                 0x2000004c   Data           4  freertostask.o(.data)
    ChassisControlTask_Handler               0x20000050   Data           4  freertostask.o(.data)
    GimbalControlTask_Handler                0x20000054   Data           4  freertostask.o(.data)
    ImuGimbalCaliTask_Handler                0x20000058   Data           4  freertostask.o(.data)
    OfflineDecetedTask_Handler               0x2000005c   Data           4  freertostask.o(.data)
    DbusParseSem                             0x20000060   Data           4  freertostask.o(.data)
    ImuDataSem                               0x20000064   Data           4  freertostask.o(.data)
    BolletFreControlEnt                      0x20000078   Data           4  freertostask.o(.data)
    CmGimbalOutputEnt                        0x2000007c   Data           4  freertostask.o(.data)
    OfflineDetectedEnt                       0x20000080   Data           4  freertostask.o(.data)
    FrictionControlQueue                     0x20000084   Data           4  freertostask.o(.data)
    Can1ReceiveQueue                         0x20000088   Data           4  freertostask.o(.data)
    Can2ReceiveQueue                         0x2000008c   Data           4  freertostask.o(.data)
    GimbalDataQueue                          0x20000090   Data           4  freertostask.o(.data)
    CMDataQueue                              0x20000094   Data           4  freertostask.o(.data)
    color                                    0x20000098   Data           4  freertostask.o(.data)
    output                                   0x2000009c   Data           8  freertostask.o(.data)
    cmspeed                                  0x200000a4   Data           8  freertostask.o(.data)
    Auto_Origion                             0x200000b5   Data           6  auto_attacktask.o(.data)
    SendBuff                                 0x200000bb   Data           4  auto_attacktask.o(.data)
    __stdout                                 0x200000c4   Data           4  usart.o(.data)
    exInt                                    0x200000c8   Data           4  imu.o(.data)
    eyInt                                    0x200000cc   Data           4  imu.o(.data)
    ezInt                                    0x200000d0   Data           4  imu.o(.data)
    q0                                       0x200000d4   Data           4  imu.o(.data)
    q1                                       0x200000d8   Data           4  imu.o(.data)
    q2                                       0x200000dc   Data           4  imu.o(.data)
    q3                                       0x200000e0   Data           4  imu.o(.data)
    integralFBhand                           0x200000e4   Data           4  imu.o(.data)
    handdiff                                 0x200000e8   Data           4  imu.o(.data)
    lastUpdate                               0x200000ec   Data           4  imu.o(.data)
    now                                      0x200000f0   Data           4  imu.o(.data)
    Gx_offset                                0x200000f4   Data           2  mpu6500_driver.o(.data)
    Gy_offset                                0x200000f6   Data           2  mpu6500_driver.o(.data)
    Gz_offset                                0x200000f8   Data           2  mpu6500_driver.o(.data)
    MPU6500_Lastax                           0x200000fa   Data           2  mpu6500_driver.o(.data)
    MPU6500_Lastay                           0x200000fc   Data           2  mpu6500_driver.o(.data)
    MPU6500_Lastaz                           0x200000fe   Data           2  mpu6500_driver.o(.data)
    MPU6500_Lastgx                           0x20000100   Data           2  mpu6500_driver.o(.data)
    MPU6500_Lastgy                           0x20000102   Data           2  mpu6500_driver.o(.data)
    MPU6500_Lastgz                           0x20000104   Data           2  mpu6500_driver.o(.data)
    Error_Data                               0x20000106   Data          40  mpu6500_driver.o(.data)
    pxCurrentTCB                             0x20000168   Data           4  tasks.o(.data)
    Imu_ext                                  0x200001c0   Data          16  stm32f4xx_it.o(.bss)
    sbus_rx_buffer                           0x200001d0   Data          18  remotdbus.o(.bss)
    Referee_date1                            0x2000025c   Data          68  referee.o(.bss)
    power                                    0x200002a0   Data          56  referee.o(.bss)
    CM_Motor                                 0x200002ec   Data         304  freertostask.o(.bss)
    FireMotor                                0x2000041c   Data          76  freertostask.o(.bss)
    YawMotor                                 0x20000468   Data         164  freertostask.o(.bss)
    PitchMotor                               0x2000050c   Data         164  freertostask.o(.bss)
    Mpu6500Data                              0x200005b0   Data          52  freertostask.o(.bss)
    RemotData                                0x200005e4   Data          44  freertostask.o(.bss)
    control                                  0x20000610   Data          20  freertostask.o(.bss)
    AutoData                                 0x20000624   Data          20  auto_attacktask.o(.bss)
    mainfocus_rx_buffer                      0x20000638   Data          10  auto_attacktask.o(.bss)
    imu_data                                 0x20000642   Data          26  mpu6500_driver.o(.bss)
    imu_data_offest                          0x2000065c   Data          26  mpu6500_driver.o(.bss)
    xQueueRegistry                           0x200132fc   Data          64  queue.o(.bss)
    __libspace_start                         0x20013468   Data          96  libspace.o(.bss)
    __temporary_stack_top$libspace           0x200134c8   Data           0  libspace.o(.bss)



==============================================================================

Memory Map of the image

  Image Entry point : 0x080001ad

  Load Region LR_IROM1 (Base: 0x08000000, Size: 0x0000e470, Max: 0x00200000, ABSOLUTE, COMPRESSED[0x0000e300])

    Execution Region ER_IROM1 (Base: 0x08000000, Size: 0x0000e2b0, Max: 0x00200000, ABSOLUTE)

    Base Addr    Size         Type   Attr      Idx    E Section Name        Object

    0x08000000   0x000001ac   Data   RO          858    RESET               startup_stm32f427_437xx.o
    0x080001ac   0x00000008   Code   RO         1364  * !!!main             c_w.l(__main.o)
    0x080001b4   0x00000034   Code   RO         1709    !!!scatter          c_w.l(__scatter.o)
    0x080001e8   0x0000003a   Code   RO         1707    !!dczerorl          c_w.l(__dczerorl.o)
    0x08000222   0x00000002   PAD
    0x08000224   0x0000001c   Code   RO         1711    !!handler_zi        c_w.l(__scatter_zi.o)
    0x08000240   0x00000000   Code   RO         1347    .ARM.Collect$$_printf_percent$$00000000  c_w.l(_printf_percent.o)
    0x08000240   0x00000006   Code   RO         1346    .ARM.Collect$$_printf_percent$$00000003  c_w.l(_printf_f.o)
    0x08000246   0x00000006   Code   RO         1344    .ARM.Collect$$_printf_percent$$00000009  c_w.l(_printf_d.o)
    0x0800024c   0x00000006   Code   RO         1345    .ARM.Collect$$_printf_percent$$0000000A  c_w.l(_printf_u.o)
    0x08000252   0x00000006   Code   RO         1343    .ARM.Collect$$_printf_percent$$00000013  c_w.l(_printf_c.o)
    0x08000258   0x00000004   Code   RO         1455    .ARM.Collect$$_printf_percent$$00000017  c_w.l(_printf_percent_end.o)
    0x0800025c   0x00000002   Code   RO         1585    .ARM.Collect$$libinit$$00000000  c_w.l(libinit.o)
    0x0800025e   0x00000004   Code   RO         1586    .ARM.Collect$$libinit$$00000001  c_w.l(libinit2.o)
    0x08000262   0x00000000   Code   RO         1589    .ARM.Collect$$libinit$$00000004  c_w.l(libinit2.o)
    0x08000262   0x00000000   Code   RO         1592    .ARM.Collect$$libinit$$0000000A  c_w.l(libinit2.o)
    0x08000262   0x00000000   Code   RO         1594    .ARM.Collect$$libinit$$0000000C  c_w.l(libinit2.o)
    0x08000262   0x00000000   Code   RO         1596    .ARM.Collect$$libinit$$0000000E  c_w.l(libinit2.o)
    0x08000262   0x00000006   Code   RO         1597    .ARM.Collect$$libinit$$0000000F  c_w.l(libinit2.o)
    0x08000268   0x00000000   Code   RO         1599    .ARM.Collect$$libinit$$00000011  c_w.l(libinit2.o)
    0x08000268   0x00000000   Code   RO         1601    .ARM.Collect$$libinit$$00000013  c_w.l(libinit2.o)
    0x08000268   0x00000000   Code   RO         1603    .ARM.Collect$$libinit$$00000015  c_w.l(libinit2.o)
    0x08000268   0x0000000a   Code   RO         1604    .ARM.Collect$$libinit$$00000016  c_w.l(libinit2.o)
    0x08000272   0x00000000   Code   RO         1605    .ARM.Collect$$libinit$$00000017  c_w.l(libinit2.o)
    0x08000272   0x00000000   Code   RO         1607    .ARM.Collect$$libinit$$00000019  c_w.l(libinit2.o)
    0x08000272   0x00000000   Code   RO         1609    .ARM.Collect$$libinit$$0000001B  c_w.l(libinit2.o)
    0x08000272   0x00000000   Code   RO         1611    .ARM.Collect$$libinit$$0000001D  c_w.l(libinit2.o)
    0x08000272   0x00000000   Code   RO         1613    .ARM.Collect$$libinit$$0000001F  c_w.l(libinit2.o)
    0x08000272   0x00000000   Code   RO         1615    .ARM.Collect$$libinit$$00000021  c_w.l(libinit2.o)
    0x08000272   0x00000000   Code   RO         1617    .ARM.Collect$$libinit$$00000023  c_w.l(libinit2.o)
    0x08000272   0x00000000   Code   RO         1619    .ARM.Collect$$libinit$$00000025  c_w.l(libinit2.o)
    0x08000272   0x00000000   Code   RO         1623    .ARM.Collect$$libinit$$0000002C  c_w.l(libinit2.o)
    0x08000272   0x00000000   Code   RO         1625    .ARM.Collect$$libinit$$0000002E  c_w.l(libinit2.o)
    0x08000272   0x00000000   Code   RO         1627    .ARM.Collect$$libinit$$00000030  c_w.l(libinit2.o)
    0x08000272   0x00000000   Code   RO         1629    .ARM.Collect$$libinit$$00000032  c_w.l(libinit2.o)
    0x08000272   0x00000002   Code   RO         1630    .ARM.Collect$$libinit$$00000033  c_w.l(libinit2.o)
    0x08000274   0x00000002   Code   RO         1658    .ARM.Collect$$libshutdown$$00000000  c_w.l(libshutdown.o)
    0x08000276   0x00000000   Code   RO         1668    .ARM.Collect$$libshutdown$$00000003  c_w.l(libshutdown2.o)
    0x08000276   0x00000000   Code   RO         1671    .ARM.Collect$$libshutdown$$00000006  c_w.l(libshutdown2.o)
    0x08000276   0x00000000   Code   RO         1674    .ARM.Collect$$libshutdown$$00000009  c_w.l(libshutdown2.o)
    0x08000276   0x00000000   Code   RO         1676    .ARM.Collect$$libshutdown$$0000000B  c_w.l(libshutdown2.o)
    0x08000276   0x00000000   Code   RO         1679    .ARM.Collect$$libshutdown$$0000000E  c_w.l(libshutdown2.o)
    0x08000276   0x00000002   Code   RO         1680    .ARM.Collect$$libshutdown$$0000000F  c_w.l(libshutdown2.o)
    0x08000278   0x00000000   Code   RO         1440    .ARM.Collect$$rtentry$$00000000  c_w.l(__rtentry.o)
    0x08000278   0x00000000   Code   RO         1505    .ARM.Collect$$rtentry$$00000002  c_w.l(__rtentry2.o)
    0x08000278   0x00000006   Code   RO         1517    .ARM.Collect$$rtentry$$00000004  c_w.l(__rtentry4.o)
    0x0800027e   0x00000000   Code   RO         1507    .ARM.Collect$$rtentry$$00000009  c_w.l(__rtentry2.o)
    0x0800027e   0x00000004   Code   RO         1508    .ARM.Collect$$rtentry$$0000000A  c_w.l(__rtentry2.o)
    0x08000282   0x00000000   Code   RO         1510    .ARM.Collect$$rtentry$$0000000C  c_w.l(__rtentry2.o)
    0x08000282   0x00000008   Code   RO         1511    .ARM.Collect$$rtentry$$0000000D  c_w.l(__rtentry2.o)
    0x0800028a   0x00000002   Code   RO         1631    .ARM.Collect$$rtexit$$00000000  c_w.l(rtexit.o)
    0x0800028c   0x00000000   Code   RO         1638    .ARM.Collect$$rtexit$$00000002  c_w.l(rtexit2.o)
    0x0800028c   0x00000004   Code   RO         1639    .ARM.Collect$$rtexit$$00000003  c_w.l(rtexit2.o)
    0x08000290   0x00000006   Code   RO         1640    .ARM.Collect$$rtexit$$00000004  c_w.l(rtexit2.o)
    0x08000296   0x00000002   PAD
    0x08000298   0x000000be   Code   RO         1141    .emb_text           port.o
    0x08000356   0x00000016   Code   RO            3    .text               main.o
    0x0800036c   0x00000238   Code   RO          209    .text               stm32f4xx_it.o
    0x080005a4   0x00000244   Code   RO          288    .text               system_stm32f4xx.o
    0x080007e8   0x00000208   Code   RO          314    .text               pid_modify.o
    0x080009f0   0x000003b4   Code   RO          345    .text               basicperipherals.o
    0x08000da4   0x00000138   Code   RO          371    .text               remotdbus.o
    0x08000edc   0x000000a4   Code   RO          397    .text               frictionmoterpwm.o
    0x08000f80   0x000002c4   Code   RO          420    .text               motorcan.o
    0x08001244   0x00000160   Code   RO          440    .text               stmflash.o
    0x080013a4   0x00000160   Code   RO          463    .text               mainfocus_usart.o
    0x08001504   0x00000490   Code   RO          490    .text               referee.o
    0x08001994   0x00000030   Code   RO          521    .text               honwai.o
    0x080019c4   0x0000003c   Code   RO          544    .text               mypwm.o
    0x08001a00   0x00001278   Code   RO          567    .text               freertostask.o
    0x08002c78   0x00000104   Code   RO          624    .text               auto_attacktask.o
    0x08002d7c   0x000000ec   Code   RO          680    .text               delay.o
    0x08002e68   0x000000a8   Code   RO          720    .text               usart.o
    0x08002f10   0x00000a7c   Code   RO          753    .text               imu.o
    0x0800398c   0x00000098   Code   RO          776    .text               imu_int.o
    0x08003a24   0x000008a0   Code   RO          800    .text               mpu6500_driver.o
    0x080042c4   0x0000016c   Code   RO          838    .text               spi.o
    0x08004430   0x00000040   Code   RO          859    .text               startup_stm32f427_437xx.o
    0x08004470   0x000000e0   Code   RO          865    .text               misc.o
    0x08004550   0x00000294   Code   RO          885    .text               stm32f4xx_gpio.o
    0x080047e4   0x00000660   Code   RO          905    .text               stm32f4xx_rcc.o
    0x08004e44   0x00000094   Code   RO          927    .text               stm32f4xx_syscfg.o
    0x08004ed8   0x00000454   Code   RO          947    .text               stm32f4xx_usart.o
    0x0800532c   0x000009f0   Code   RO          967    .text               stm32f4xx_can.o
    0x08005d1c   0x000003a8   Code   RO          987    .text               stm32f4xx_dma.o
    0x080060c4   0x00000ca2   Code   RO         1007    .text               stm32f4xx_tim.o
    0x08006d66   0x00000002   PAD
    0x08006d68   0x000004ee   Code   RO         1027    .text               stm32f4xx_spi.o
    0x08007256   0x00000002   PAD
    0x08007258   0x00000698   Code   RO         1047    .text               stm32f4xx_flash.o
    0x080078f0   0x00000110   Code   RO         1087    .text               stm32f4xx_exti.o
    0x08007a00   0x0000029c   Code   RO         1105    .text               heap_4.o
    0x08007c9c   0x00000340   Code   RO         1142    .text               port.o
    0x08007fdc   0x00000474   Code   RO         1180    .text               event_groups.o
    0x08008450   0x00000094   Code   RO         1207    .text               list.o
    0x080084e4   0x00000f18   Code   RO         1222    .text               queue.o
    0x080093fc   0x00001b60   Code   RO         1261    .text               tasks.o
    0x0800af5c   0x000005ec   Code   RO         1287    .text               timers.o
    0x0800b548   0x00000002   Code   RO         1307    .text               c_w.l(use_no_semi_2.o)
    0x0800b54a   0x00000002   PAD
    0x0800b54c   0x00000018   Code   RO         1313    .text               c_w.l(noretval__2printf.o)
    0x0800b564   0x00000028   Code   RO         1315    .text               c_w.l(noretval__2sprintf.o)
    0x0800b58c   0x00000068   Code   RO         1317    .text               c_w.l(__printf.o)
    0x0800b5f4   0x00000052   Code   RO         1319    .text               c_w.l(_printf_str.o)
    0x0800b646   0x00000002   PAD
    0x0800b648   0x00000078   Code   RO         1321    .text               c_w.l(_printf_dec.o)
    0x0800b6c0   0x00000048   Code   RO         1348    .text               c_w.l(strcpy.o)
    0x0800b708   0x0000003e   Code   RO         1350    .text               c_w.l(strlen.o)
    0x0800b746   0x0000008a   Code   RO         1352    .text               c_w.l(rt_memcpy_v6.o)
    0x0800b7d0   0x00000064   Code   RO         1354    .text               c_w.l(rt_memcpy_w.o)
    0x0800b834   0x00000010   Code   RO         1358    .text               c_w.l(aeabi_memset.o)
    0x0800b844   0x0000004e   Code   RO         1360    .text               c_w.l(rt_memclr_w.o)
    0x0800b892   0x00000006   Code   RO         1362    .text               c_w.l(heapauxi.o)
    0x0800b898   0x00000002   Code   RO         1438    .text               c_w.l(use_no_semi.o)
    0x0800b89a   0x00000016   Code   RO         1441    .text               c_w.l(_rserrno.o)
    0x0800b8b0   0x000000b2   Code   RO         1443    .text               c_w.l(_printf_intcommon.o)
    0x0800b962   0x0000041a   Code   RO         1445    .text               c_w.l(_printf_fp_dec.o)
    0x0800bd7c   0x00000030   Code   RO         1447    .text               c_w.l(_printf_char_common.o)
    0x0800bdac   0x0000000a   Code   RO         1449    .text               c_w.l(_sputc.o)
    0x0800bdb6   0x0000002c   Code   RO         1451    .text               c_w.l(_printf_char.o)
    0x0800bde2   0x00000002   PAD
    0x0800bde4   0x00000024   Code   RO         1453    .text               c_w.l(_printf_char_file.o)
    0x0800be08   0x00000044   Code   RO         1456    .text               c_w.l(rt_memclr.o)
    0x0800be4c   0x00000008   Code   RO         1522    .text               c_w.l(rt_locale_intlibspace.o)
    0x0800be54   0x00000008   Code   RO         1527    .text               c_w.l(rt_errno_addr_intlibspace.o)
    0x0800be5c   0x0000008a   Code   RO         1529    .text               c_w.l(lludiv10.o)
    0x0800bee6   0x00000002   PAD
    0x0800bee8   0x00000080   Code   RO         1531    .text               c_w.l(_printf_fp_infnan.o)
    0x0800bf68   0x000000dc   Code   RO         1535    .text               c_w.l(bigflt0.o)
    0x0800c044   0x00000008   Code   RO         1560    .text               c_w.l(ferror.o)
    0x0800c04c   0x00000008   Code   RO         1571    .text               c_w.l(libspace.o)
    0x0800c054   0x0000004a   Code   RO         1574    .text               c_w.l(sys_stackheap_outer.o)
    0x0800c09e   0x0000000c   Code   RO         1576    .text               c_w.l(exit.o)
    0x0800c0aa   0x00000002   PAD
    0x0800c0ac   0x00000080   Code   RO         1578    .text               c_w.l(strcmpv7m.o)
    0x0800c12c   0x0000003e   Code   RO         1538    CL$$btod_d2e        c_w.l(btod.o)
    0x0800c16a   0x00000046   Code   RO         1540    CL$$btod_d2e_denorm_low  c_w.l(btod.o)
    0x0800c1b0   0x00000060   Code   RO         1539    CL$$btod_d2e_norm_op1  c_w.l(btod.o)
    0x0800c210   0x00000338   Code   RO         1548    CL$$btod_div_common  c_w.l(btod.o)
    0x0800c548   0x000000c6   Code   RO         1545    CL$$btod_e2e        c_w.l(btod.o)
    0x0800c60e   0x00000028   Code   RO         1542    CL$$btod_ediv       c_w.l(btod.o)
    0x0800c636   0x00000028   Code   RO         1541    CL$$btod_emul       c_w.l(btod.o)
    0x0800c65e   0x00000244   Code   RO         1547    CL$$btod_mult_common  c_w.l(btod.o)
    0x0800c8a2   0x00000030   Code   RO         1499    i.__ARM_fpclassify  m_wm.l(fpclassify.o)
    0x0800c8d2   0x00000006   PAD
    0x0800c8d8   0x00000360   Code   RO         1394    i.__hardfp_asin     m_wm.l(asin.o)
    0x0800cc38   0x000002d8   Code   RO         1471    i.__hardfp_atan     m_wm.l(atan.o)
    0x0800cf10   0x000001f0   Code   RO         1408    i.__hardfp_atan2    m_wm.l(atan2.o)
    0x0800d100   0x00000014   Code   RO         1420    i.__hardfp_fabs     m_wm.l(fabs.o)
    0x0800d114   0x0000007a   Code   RO         1426    i.__hardfp_sqrt     m_wm.l(sqrt.o)
    0x0800d18e   0x000000f8   Code   RO         1501    i.__kernel_poly     m_wm.l(poly.o)
    0x0800d286   0x00000014   Code   RO         1486    i.__mathlib_dbl_infnan  m_wm.l(dunder.o)
    0x0800d29a   0x00000014   Code   RO         1487    i.__mathlib_dbl_infnan2  m_wm.l(dunder.o)
    0x0800d2ae   0x00000002   PAD
    0x0800d2b0   0x00000020   Code   RO         1488    i.__mathlib_dbl_invalid  m_wm.l(dunder.o)
    0x0800d2d0   0x00000020   Code   RO         1491    i.__mathlib_dbl_underflow  m_wm.l(dunder.o)
    0x0800d2f0   0x00000010   Code   RO         1473    i.atan              m_wm.l(atan.o)
    0x0800d300   0x00000018   Code   RO         1422    i.fabs              m_wm.l(fabs.o)
    0x0800d318   0x0000006e   Code   RO         1428    i.sqrt              m_wm.l(sqrt.o)
    0x0800d386   0x00000002   PAD
    0x0800d388   0x0000002c   Code   RO         1565    locale$$code        c_w.l(lc_numeric_c.o)
    0x0800d3b4   0x00000018   Code   RO         1366    x$fpl$basic         fz_wm.l(basic.o)
    0x0800d3cc   0x00000062   Code   RO         1368    x$fpl$d2f           fz_wm.l(d2f.o)
    0x0800d42e   0x00000002   PAD
    0x0800d430   0x00000150   Code   RO         1370    x$fpl$dadd          fz_wm.l(daddsub_clz.o)
    0x0800d580   0x00000018   Code   RO         1567    x$fpl$dcmpinf       fz_wm.l(dcmpi.o)
    0x0800d598   0x000002b0   Code   RO         1377    x$fpl$ddiv          fz_wm.l(ddiv.o)
    0x0800d848   0x0000002e   Code   RO         1381    x$fpl$dflt          fz_wm.l(dflt_clz.o)
    0x0800d876   0x00000002   PAD
    0x0800d878   0x00000078   Code   RO         1458    x$fpl$dleqf         fz_wm.l(dleqf.o)
    0x0800d8f0   0x00000154   Code   RO         1386    x$fpl$dmul          fz_wm.l(dmul.o)
    0x0800da44   0x0000009c   Code   RO         1460    x$fpl$dnaninf       fz_wm.l(dnaninf.o)
    0x0800dae0   0x0000000c   Code   RO         1462    x$fpl$dretinf       fz_wm.l(dretinf.o)
    0x0800daec   0x0000006c   Code   RO         1388    x$fpl$drleqf        fz_wm.l(drleqf.o)
    0x0800db58   0x00000016   Code   RO         1371    x$fpl$drsb          fz_wm.l(daddsub_clz.o)
    0x0800db6e   0x00000002   PAD
    0x0800db70   0x00000198   Code   RO         1464    x$fpl$dsqrt         fz_wm.l(dsqrt_umaal.o)
    0x0800dd08   0x000001d4   Code   RO         1372    x$fpl$dsub          fz_wm.l(daddsub_clz.o)
    0x0800dedc   0x00000056   Code   RO         1390    x$fpl$f2d           fz_wm.l(f2d.o)
    0x0800df32   0x0000008c   Code   RO         1466    x$fpl$fnaninf       fz_wm.l(fnaninf.o)
    0x0800dfbe   0x0000000a   Code   RO         1635    x$fpl$fpinit        fz_wm.l(fpinit.o)
    0x0800dfc8   0x0000000a   Code   RO         1468    x$fpl$fretinf       fz_wm.l(fretinf.o)
    0x0800dfd2   0x00000004   Code   RO         1392    x$fpl$printf1       fz_wm.l(printf1.o)
    0x0800dfd6   0x00000000   Code   RO         1470    x$fpl$usenofp       fz_wm.l(usenofp.o)
    0x0800dfd6   0x00000101   Data   RO          492    .constdata          referee.o
    0x0800e0d7   0x00000001   PAD
    0x0800e0d8   0x00000014   Data   RO          802    .constdata          mpu6500_driver.o
    0x0800e0ec   0x00000004   PAD
    0x0800e0f0   0x00000050   Data   RO         1397    .constdata          m_wm.l(asin.o)
    0x0800e140   0x00000098   Data   RO         1474    .constdata          m_wm.l(atan.o)
    0x0800e1d8   0x00000008   Data   RO         1503    .constdata          m_wm.l(qnan.o)
    0x0800e1e0   0x00000094   Data   RO         1536    .constdata          c_w.l(bigflt0.o)
    0x0800e274   0x00000020   Data   RO         1705    Region$$Table       anon$$obj.o
    0x0800e294   0x0000001c   Data   RO         1564    locale$$data        c_w.l(lc_numeric_c.o)


    Execution Region RW_IRAM1 (Base: 0x20000000, Size: 0x00013ac8, Max: 0x00030000, ABSOLUTE, COMPRESSED[0x00000050])

    Base Addr    Size         Type   Attr      Idx    E Section Name        Object

    0x20000000   0x00000014   Data   RW          289    .data               system_stm32f4xx.o
    0x20000014   0x00000004   Data   RW          346    .data               basicperipherals.o
    0x20000018   0x00000007   Data   RW          493    .data               referee.o
    0x2000001f   0x00000001   PAD
    0x20000020   0x00000095   Data   RW          569    .data               freertostask.o
    0x200000b5   0x0000000b   Data   RW          626    .data               auto_attacktask.o
    0x200000c0   0x00000004   Data   RW          681    .data               delay.o
    0x200000c4   0x00000004   Data   RW          721    .data               usart.o
    0x200000c8   0x0000002c   Data   RW          754    .data               imu.o
    0x200000f4   0x0000003f   Data   RW          803    .data               mpu6500_driver.o
    0x20000133   0x00000010   Data   RW          906    .data               stm32f4xx_rcc.o
    0x20000143   0x00000001   PAD
    0x20000144   0x00000018   Data   RW         1107    .data               heap_4.o
    0x2000015c   0x0000000c   Data   RW         1143    .data               port.o
    0x20000168   0x00000044   Data   RW         1263    .data               tasks.o
    0x200001ac   0x00000014   Data   RW         1289    .data               timers.o
    0x200001c0   0x00000010   Zero   RW          210    .bss                stm32f4xx_it.o
    0x200001d0   0x00000012   Zero   RW          372    .bss                remotdbus.o
    0x200001e2   0x00000002   PAD
    0x200001e4   0x00000108   Zero   RW          491    .bss                referee.o
    0x200002ec   0x00000338   Zero   RW          568    .bss                freertostask.o
    0x20000624   0x0000001e   Zero   RW          625    .bss                auto_attacktask.o
    0x20000642   0x000000b8   Zero   RW          801    .bss                mpu6500_driver.o
    0x200006fa   0x00012c00   Zero   RW         1106    .bss                heap_4.o
    0x200132fa   0x00000002   PAD
    0x200132fc   0x00000040   Zero   RW         1223    .bss                queue.o
    0x2001333c   0x00000104   Zero   RW         1262    .bss                tasks.o
    0x20013440   0x00000028   Zero   RW         1288    .bss                timers.o
    0x20013468   0x00000060   Zero   RW         1572    .bss                c_w.l(libspace.o)
    0x200134c8   0x00000200   Zero   RW          857    HEAP                startup_stm32f427_437xx.o
    0x200136c8   0x00000400   Zero   RW          856    STACK               startup_stm32f427_437xx.o


==============================================================================

Image component sizes


      Code (inc. data)   RO Data    RW Data    ZI Data      Debug   Object Name

       260         28          0         11         30       2746   auto_attacktask.o
       948         32          0          4          0       2951   basicperipherals.o
       236          8          0          4          0       1749   delay.o
      1140          4          0          0          0      15691   event_groups.o
      4728        706          0        149        824      10769   freertostask.o
       164          6          0          0          0        764   frictionmoterpwm.o
       668         24          0         24      76800      13476   heap_4.o
        48          4          0          0          0        578   honwai.o
      2684        108          0         44          0       4040   imu.o
       152          4          0          0          0       1005   imu_int.o
       148          0          0          0          0       2046   list.o
        22          0          0          0          0     347317   main.o
       352         18          0          0          0       1375   mainfocus_usart.o
       224         20          0          0          0       1941   misc.o
       708         16          0          0          0       2019   motorcan.o
      2208        106         20         63        184       7923   mpu6500_driver.o
        60          6          0          0          0        581   mypwm.o
       520         14          0          0          0       3451   pid_modify.o
      1022         52          0         12          0       9183   port.o
      3864         20          0          0         64      20844   queue.o
      1168         58        257          7        264       5858   referee.o
       312         22          0          0         18       1490   remotdbus.o
       364          8          0          0          0       1474   spi.o
        64         26        428          0       1536        880   startup_stm32f427_437xx.o
      2544         38          0          0          0       8092   stm32f4xx_can.o
       936         32          0          0          0       6417   stm32f4xx_dma.o
       272         10          0          0          0       2383   stm32f4xx_exti.o
      1688         24          0          0          0       9274   stm32f4xx_flash.o
       660         44          0          0          0       4217   stm32f4xx_gpio.o
       568         64          0          0         16     246220   stm32f4xx_it.o
      1632         54          0         16          0      13124   stm32f4xx_rcc.o
      1262         38          0          0          0       7417   stm32f4xx_spi.o
       148         12          0          0          0       1905   stm32f4xx_syscfg.o
      3234         60          0          0          0      22420   stm32f4xx_tim.o
      1108         34          0          0          0       7916   stm32f4xx_usart.o
       352         48          0          0          0       2492   stmflash.o
       580         46          0         20          0       1991   system_stm32f4xx.o
      7008        416          0         68        260      30842   tasks.o
      1516         68          0         20         40      11638   timers.o
       168         10          0          4          0       3162   usart.o

    ----------------------------------------------------------------------
     45744       2288        742        448      80040     839661   Object Totals
         0          0         32          0          0          0   (incl. Generated)
         4          0          5          2          4          0   (incl. Padding)

    ----------------------------------------------------------------------

      Code (inc. data)   RO Data    RW Data    ZI Data      Debug   Library Member Name

        58          0          0          0          0          0   __dczerorl.o
         8          0          0          0          0         68   __main.o
       104          0          0          0          0         84   __printf.o
         0          0          0          0          0          0   __rtentry.o
        12          0          0          0          0          0   __rtentry2.o
         6          0          0          0          0          0   __rtentry4.o
        52          8          0          0          0          0   __scatter.o
        28          0          0          0          0          0   __scatter_zi.o
         6          0          0          0          0          0   _printf_c.o
        44          0          0          0          0        108   _printf_char.o
        48          6          0          0          0         96   _printf_char_common.o
        36          4          0          0          0         80   _printf_char_file.o
         6          0          0          0          0          0   _printf_d.o
       120         16          0          0          0         92   _printf_dec.o
         6          0          0          0          0          0   _printf_f.o
      1050          0          0          0          0        216   _printf_fp_dec.o
       128         16          0          0          0         84   _printf_fp_infnan.o
       178          0          0          0          0         88   _printf_intcommon.o
         0          0          0          0          0          0   _printf_percent.o
         4          0          0          0          0          0   _printf_percent_end.o
        82          0          0          0          0         80   _printf_str.o
         6          0          0          0          0          0   _printf_u.o
        22          0          0          0          0        100   _rserrno.o
        10          0          0          0          0         68   _sputc.o
        16          0          0          0          0         68   aeabi_memset.o
       220          4        148          0          0         96   bigflt0.o
      1910        128          0          0          0        672   btod.o
        12          0          0          0          0         72   exit.o
         8          0          0          0          0         68   ferror.o
         6          0          0          0          0        152   heapauxi.o
        44         10         28          0          0         76   lc_numeric_c.o
         2          0          0          0          0          0   libinit.o
        22          0          0          0          0          0   libinit2.o
         2          0          0          0          0          0   libshutdown.o
         2          0          0          0          0          0   libshutdown2.o
         8          4          0          0         96         68   libspace.o
       138          0          0          0          0         80   lludiv10.o
        24          4          0          0          0         84   noretval__2printf.o
        40          6          0          0          0         84   noretval__2sprintf.o
         8          4          0          0          0         68   rt_errno_addr_intlibspace.o
         8          4          0          0          0         68   rt_locale_intlibspace.o
        68          0          0          0          0         68   rt_memclr.o
        78          0          0          0          0         80   rt_memclr_w.o
       138          0          0          0          0         68   rt_memcpy_v6.o
       100          0          0          0          0         80   rt_memcpy_w.o
         2          0          0          0          0          0   rtexit.o
        10          0          0          0          0          0   rtexit2.o
       128          0          0          0          0         68   strcmpv7m.o
        72          0          0          0          0         80   strcpy.o
        62          0          0          0          0         76   strlen.o
        74          0          0          0          0         80   sys_stackheap_outer.o
         2          0          0          0          0         68   use_no_semi.o
         2          0          0          0          0         68   use_no_semi_2.o
        24          0          0          0          0        164   basic.o
        98          4          0          0          0        140   d2f.o
       826         16          0          0          0        492   daddsub_clz.o
        24          0          0          0          0        116   dcmpi.o
       688        140          0          0          0        256   ddiv.o
        46          0          0          0          0        116   dflt_clz.o
       120          4          0          0          0        140   dleqf.o
       340         12          0          0          0        152   dmul.o
       156          4          0          0          0        140   dnaninf.o
        12          0          0          0          0        116   dretinf.o
       108          0          0          0          0        128   drleqf.o
       408         56          0          0          0        168   dsqrt_umaal.o
        86          4          0          0          0        132   f2d.o
       140          4          0          0          0        132   fnaninf.o
        10          0          0          0          0        116   fpinit.o
        10          0          0          0          0        116   fretinf.o
         4          0          0          0          0        116   printf1.o
         0          0          0          0          0          0   usenofp.o
       864         94         80          0          0        280   asin.o
       744        106        152          0          0        352   atan.o
       496         64          0          0          0        192   atan2.o
       104         16          0          0          0        496   dunder.o
        44          0          0          0          0        248   fabs.o
        48          0          0          0          0        124   fpclassify.o
       248          0          0          0          0        152   poly.o
         0          0          8          0          0          0   qnan.o
       232          0          0          0          0        296   sqrt.o

    ----------------------------------------------------------------------
     11130        738        416          0         96       8436   Library Totals
        30          0          0          0          0          0   (incl. Padding)

    ----------------------------------------------------------------------

      Code (inc. data)   RO Data    RW Data    ZI Data      Debug   Library Name

      5220        214        176          0         96       3556   c_w.l
      3100        244          0          0          0       2740   fz_wm.l
      2780        280        240          0          0       2140   m_wm.l

    ----------------------------------------------------------------------
     11130        738        416          0         96       8436   Library Totals

    ----------------------------------------------------------------------

==============================================================================


      Code (inc. data)   RO Data    RW Data    ZI Data      Debug   

     56874       3026       1158        448      80136     833569   Grand Totals
     56874       3026       1158         80      80136     833569   ELF Image Totals (compressed)
     56874       3026       1158         80          0          0   ROM Totals

==============================================================================

    Total RO  Size (Code + RO Data)                58032 (  56.67kB)
    Total RW  Size (RW Data + ZI Data)             80584 (  78.70kB)
    Total ROM Size (Code + RO Data + RW Data)      58112 (  56.75kB)

==============================================================================

